Archive member included to satisfy reference by file (symbol)

/home/oto/workspace/projects/tacos-buildenv/compilers/gcc/arm/gcc-arm-none-eabi-10.3-2021.10/bin/../lib/gcc/arm-none-eabi/10.3.1/../../../../arm-none-eabi/lib/thumb/v7e-m+fp/hard/libc_nano.a(lib_a-exit.o)
                              /home/oto/workspace/projects/tacos-buildenv/compilers/gcc/arm/gcc-arm-none-eabi-10.3-2021.10/bin/../lib/gcc/arm-none-eabi/10.3.1/../../../../arm-none-eabi/lib/thumb/v7e-m+fp/hard/crt0.o (exit)
/home/oto/workspace/projects/tacos-buildenv/compilers/gcc/arm/gcc-arm-none-eabi-10.3-2021.10/bin/../lib/gcc/arm-none-eabi/10.3.1/../../../../arm-none-eabi/lib/thumb/v7e-m+fp/hard/libc_nano.a(lib_a-impure.o)
                              /home/oto/workspace/projects/tacos-buildenv/compilers/gcc/arm/gcc-arm-none-eabi-10.3-2021.10/bin/../lib/gcc/arm-none-eabi/10.3.1/../../../../arm-none-eabi/lib/thumb/v7e-m+fp/hard/libc_nano.a(lib_a-exit.o) (_global_impure_ptr)
/home/oto/workspace/projects/tacos-buildenv/compilers/gcc/arm/gcc-arm-none-eabi-10.3-2021.10/bin/../lib/gcc/arm-none-eabi/10.3.1/../../../../arm-none-eabi/lib/thumb/v7e-m+fp/hard/libc_nano.a(lib_a-init.o)
                              /home/oto/workspace/projects/tacos-buildenv/compilers/gcc/arm/gcc-arm-none-eabi-10.3-2021.10/bin/../lib/gcc/arm-none-eabi/10.3.1/../../../../arm-none-eabi/lib/thumb/v7e-m+fp/hard/crt0.o (__libc_init_array)
/home/oto/workspace/projects/tacos-buildenv/compilers/gcc/arm/gcc-arm-none-eabi-10.3-2021.10/bin/../lib/gcc/arm-none-eabi/10.3.1/../../../../arm-none-eabi/lib/thumb/v7e-m+fp/hard/libc_nano.a(lib_a-memcmp.o)
                              build_solax/solax_bms_interp.o (memcmp)
/home/oto/workspace/projects/tacos-buildenv/compilers/gcc/arm/gcc-arm-none-eabi-10.3-2021.10/bin/../lib/gcc/arm-none-eabi/10.3.1/../../../../arm-none-eabi/lib/thumb/v7e-m+fp/hard/libc_nano.a(lib_a-memmove.o)
                              build_solax/solax_bms_interp.o (memmove)
/home/oto/workspace/projects/tacos-buildenv/compilers/gcc/arm/gcc-arm-none-eabi-10.3-2021.10/bin/../lib/gcc/arm-none-eabi/10.3.1/../../../../arm-none-eabi/lib/thumb/v7e-m+fp/hard/libc_nano.a(lib_a-memset.o)
                              /home/oto/workspace/projects/tacos-buildenv/compilers/gcc/arm/gcc-arm-none-eabi-10.3-2021.10/bin/../lib/gcc/arm-none-eabi/10.3.1/../../../../arm-none-eabi/lib/thumb/v7e-m+fp/hard/crt0.o (memset)
/home/oto/workspace/projects/tacos-buildenv/compilers/gcc/arm/gcc-arm-none-eabi-10.3-2021.10/bin/../lib/gcc/arm-none-eabi/10.3.1/../../../../arm-none-eabi/lib/thumb/v7e-m+fp/hard/libc_nano.a(lib_a-snprintf.o)
                              build_solax/solax_bms_interp.o (snprintf)
/home/oto/workspace/projects/tacos-buildenv/compilers/gcc/arm/gcc-arm-none-eabi-10.3-2021.10/bin/../lib/gcc/arm-none-eabi/10.3.1/../../../../arm-none-eabi/lib/thumb/v7e-m+fp/hard/libc_nano.a(lib_a-strlen.o)
                              build_solax/solax_bms_interp.o (strlen)
/home/oto/workspace/projects/tacos-buildenv/compilers/gcc/arm/gcc-arm-none-eabi-10.3-2021.10/bin/../lib/gcc/arm-none-eabi/10.3.1/../../../../arm-none-eabi/lib/thumb/v7e-m+fp/hard/libc_nano.a(lib_a-nano-svfprintf.o)
                              /home/oto/workspace/projects/tacos-buildenv/compilers/gcc/arm/gcc-arm-none-eabi-10.3-2021.10/bin/../lib/gcc/arm-none-eabi/10.3.1/../../../../arm-none-eabi/lib/thumb/v7e-m+fp/hard/libc_nano.a(lib_a-snprintf.o) (_svfprintf_r)
/home/oto/workspace/projects/tacos-buildenv/compilers/gcc/arm/gcc-arm-none-eabi-10.3-2021.10/bin/../lib/gcc/arm-none-eabi/10.3.1/../../../../arm-none-eabi/lib/thumb/v7e-m+fp/hard/libc_nano.a(lib_a-nano-vfprintf_i.o)
                              /home/oto/workspace/projects/tacos-buildenv/compilers/gcc/arm/gcc-arm-none-eabi-10.3-2021.10/bin/../lib/gcc/arm-none-eabi/10.3.1/../../../../arm-none-eabi/lib/thumb/v7e-m+fp/hard/libc_nano.a(lib_a-nano-svfprintf.o) (_printf_i)
/home/oto/workspace/projects/tacos-buildenv/compilers/gcc/arm/gcc-arm-none-eabi-10.3-2021.10/bin/../lib/gcc/arm-none-eabi/10.3.1/../../../../arm-none-eabi/lib/thumb/v7e-m+fp/hard/libc_nano.a(lib_a-memchr.o)
                              /home/oto/workspace/projects/tacos-buildenv/compilers/gcc/arm/gcc-arm-none-eabi-10.3-2021.10/bin/../lib/gcc/arm-none-eabi/10.3.1/../../../../arm-none-eabi/lib/thumb/v7e-m+fp/hard/libc_nano.a(lib_a-nano-svfprintf.o) (memchr)
/home/oto/workspace/projects/tacos-buildenv/compilers/gcc/arm/gcc-arm-none-eabi-10.3-2021.10/bin/../lib/gcc/arm-none-eabi/10.3.1/../../../../arm-none-eabi/lib/thumb/v7e-m+fp/hard/libc_nano.a(lib_a-memcpy-stub.o)
                              /home/oto/workspace/projects/tacos-buildenv/compilers/gcc/arm/gcc-arm-none-eabi-10.3-2021.10/bin/../lib/gcc/arm-none-eabi/10.3.1/../../../../arm-none-eabi/lib/thumb/v7e-m+fp/hard/libc_nano.a(lib_a-nano-svfprintf.o) (memcpy)
[...]
Memory Configuration

Name             Origin             Length             Attributes
RAM              0x0000000020000000 0x0000000000018000 xrw
RAM2             0x0000000010000000 0x0000000000008000 xrw
FLASH            0x0000000008000000 0x0000000000100000 xr
*default*        0x0000000000000000 0xffffffffffffffff

Linker script and memory map

LOAD /home/oto/workspace/projects/tacos-buildenv/compilers/gcc/arm/gcc-arm-none-eabi-10.3-2021.10/bin/../lib/gcc/arm-none-eabi/10.3.1/thumb/v7e-m+fp/hard/crti.o
LOAD /home/oto/workspace/projects/tacos-buildenv/compilers/gcc/arm/gcc-arm-none-eabi-10.3-2021.10/bin/../lib/gcc/arm-none-eabi/10.3.1/thumb/v7e-m+fp/hard/crtbegin.o
LOAD /home/oto/workspace/projects/tacos-buildenv/compilers/gcc/arm/gcc-arm-none-eabi-10.3-2021.10/bin/../lib/gcc/arm-none-eabi/10.3.1/../../../../arm-none-eabi/lib/thumb/v7e-m+fp/hard/crt0.o
LOAD build_solax/solax_bms_interp.o
LOAD build_solax/system_stm32l4xx.o
LOAD build_solax/stm32l4xx_it.o
LOAD build_solax/iso7816.o
LOAD build_solax/intf_can.o
LOAD build_solax/startup_stm32l476rgtx.o
LOAD build_solax/intf_iso.o
LOAD build_solax/intf_usart.o
LOAD build_solax/intf_gpio.o
LOAD build_solax/main.o
LOAD build_solax/intf_i2c.o
LOAD build_solax/stm32l4xx_ll_exti.o
LOAD build_solax/stm32l4xx_ll_gpio.o
LOAD build_solax/stm32l4xx_ll_opamp.o
LOAD build_solax/stm32l4xx_ll_rcc.o
LOAD build_solax/stm32l4xx_ll_rng.o
LOAD build_solax/stm32l4xx_ll_dac.o
LOAD build_solax/stm32l4xx_ll_i2c.o
LOAD build_solax/stm32l4xx_ll_sdmmc.o
LOAD build_solax/stm32l4xx_ll_spi.o
LOAD build_solax/stm32l4xx_ll_pka.o
LOAD build_solax/stm32l4xx_ll_dma2d.o
LOAD build_solax/stm32l4xx_ll_crs.o
LOAD build_solax/stm32l4xx_ll_fmc.o
LOAD build_solax/stm32l4xx_ll_dma.o
LOAD build_solax/stm32l4xx_ll_usart.o
LOAD build_solax/stm32l4xx_ll_tim.o
LOAD build_solax/stm32l4xx_ll_lptim.o
LOAD build_solax/stm32l4xx_ll_pwr.o
LOAD build_solax/stm32l4xx_ll_rtc.o
LOAD build_solax/stm32l4xx_ll_comp.o
LOAD build_solax/stm32l4xx_ll_crc.o
LOAD build_solax/stm32l4xx_ll_utils.o
LOAD build_solax/stm32l4xx_ll_usb.o
LOAD build_solax/stm32l4xx_ll_swpmi.o
LOAD build_solax/stm32l4xx_ll_lpuart.o
LOAD build_solax/stm32l4xx_ll_adc.o
LOAD build_solax/tparse.o
LOAD /home/oto/workspace/projects/tacos-buildenv/compilers/gcc/arm/gcc-arm-none-eabi-10.3-2021.10/bin/../lib/gcc/arm-none-eabi/10.3.1/../../../../arm-none-eabi/lib/thumb/v7e-m+fp/hard/libm.a
LOAD /home/oto/workspace/projects/tacos-buildenv/compilers/gcc/arm/gcc-arm-none-eabi-10.3-2021.10/bin/../lib/gcc/arm-none-eabi/10.3.1/../../../../arm-none-eabi/lib/thumb/v7e-m+fp/hard/libc_nano.a
START GROUP
LOAD /home/oto/workspace/projects/tacos-buildenv/compilers/gcc/arm/gcc-arm-none-eabi-10.3-2021.10/bin/../lib/gcc/arm-none-eabi/10.3.1/thumb/v7e-m+fp/hard/libgcc.a
LOAD /home/oto/workspace/projects/tacos-buildenv/compilers/gcc/arm/gcc-arm-none-eabi-10.3-2021.10/bin/../lib/gcc/arm-none-eabi/10.3.1/../../../../arm-none-eabi/lib/thumb/v7e-m+fp/hard/libc_nano.a
END GROUP
START GROUP
LOAD /home/oto/workspace/projects/tacos-buildenv/compilers/gcc/arm/gcc-arm-none-eabi-10.3-2021.10/bin/../lib/gcc/arm-none-eabi/10.3.1/thumb/v7e-m+fp/hard/libgcc.a
LOAD /home/oto/workspace/projects/tacos-buildenv/compilers/gcc/arm/gcc-arm-none-eabi-10.3-2021.10/bin/../lib/gcc/arm-none-eabi/10.3.1/../../../../arm-none-eabi/lib/thumb/v7e-m+fp/hard/libc_nano.a
END GROUP
LOAD /home/oto/workspace/projects/tacos-buildenv/compilers/gcc/arm/gcc-arm-none-eabi-10.3-2021.10/bin/../lib/gcc/arm-none-eabi/10.3.1/thumb/v7e-m+fp/hard/crtend.o
LOAD /home/oto/workspace/projects/tacos-buildenv/compilers/gcc/arm/gcc-arm-none-eabi-10.3-2021.10/bin/../lib/gcc/arm-none-eabi/10.3.1/thumb/v7e-m+fp/hard/crtn.o
                0x0000000020018000                _estack = (ORIGIN (RAM) + LENGTH (RAM))
                0x0000000000000200                _Min_Heap_Size = 0x200
                0x0000000000000400                _Min_Stack_Size = 0x400

.isr_vector     0x0000000008000000      0x188
                0x0000000008000000                . = ALIGN (0x4)
 *(.isr_vector)
 .isr_vector    0x0000000008000000      0x188 build_solax/startup_stm32l476rgtx.o
                0x0000000008000000                g_pfnVectors
                0x0000000008000188                . = ALIGN (0x4)

.text           0x0000000008000190     0x3c10
                0x0000000008000190                . = ALIGN (0x4)
 *(.text)
 .text          0x0000000008000190       0x40 /home/oto/workspace/projects/tacos-buildenv/compilers/gcc/arm/gcc-arm-none-eabi-10.3-2021.10/bin/../lib/gcc/arm-none-eabi/10.3.1/thumb/v7e-m+fp/hard/crtbegin.o
 .text          0x00000000080001d0       0x10 /home/oto/workspace/projects/tacos-buildenv/compilers/gcc/arm/gcc-arm-none-eabi-10.3-2021.10/bin/../lib/gcc/arm-none-eabi/10.3.1/../../../../arm-none-eabi/lib/thumb/v7e-m+fp/hard/libc_nano.a(lib_a-strlen.o)
                0x00000000080001d0                strlen
 .text          0x00000000080001e0       0xa0 /home/oto/workspace/projects/tacos-buildenv/compilers/gcc/arm/gcc-arm-none-eabi-10.3-2021.10/bin/../lib/gcc/arm-none-eabi/10.3.1/../../../../arm-none-eabi/lib/thumb/v7e-m+fp/hard/libc_nano.a(lib_a-memchr.o)
                0x00000000080001e0                memchr
 *(.text*)
 .text._sbrk    0x0000000008000280        0x2 build_solax/solax_bms_interp.o
                0x0000000008000280                _sbrk
 *fill*         0x0000000008000282        0x2 
 .text.master_log
                0x0000000008000284       0x18 build_solax/solax_bms_interp.o
                0x0000000008000284                master_log
 .text.master_log_hex
                0x000000000800029c       0x1c build_solax/solax_bms_interp.o
                0x000000000800029c                master_log_hex
 .text.master_log_can
                0x00000000080002b8       0x8c build_solax/solax_bms_interp.o
                0x00000000080002b8                master_log_can
 .text.slave_send_mem
                0x0000000008000344       0x1c build_solax/solax_bms_interp.o
                0x0000000008000344                slave_send_mem
 .text.slave_send_hex
                0x0000000008000360       0x1c build_solax/solax_bms_interp.o
                0x0000000008000360                slave_send_hex
 .text.slave_send
                0x000000000800037c       0x12 build_solax/solax_bms_interp.o
                0x000000000800037c                slave_send
 *fill*         0x000000000800038e        0x2 
 .text.slave_recv
                0x0000000008000390       0x74 build_solax/solax_bms_interp.o
                0x0000000008000390                slave_recv
 .text.slave_avail
                0x0000000008000404       0x1c build_solax/solax_bms_interp.o
                0x0000000008000404                slave_avail
 .text.can_tx_log
                0x0000000008000420       0x30 build_solax/solax_bms_interp.o
                0x0000000008000420                can_tx_log
 .text.solax_pw_queue_pop
                0x0000000008000450       0x20 build_solax/solax_bms_interp.o
                0x0000000008000450                solax_pw_queue_pop
 .text.solax_pw_queue_free
                0x0000000008000470       0x24 build_solax/solax_bms_interp.o
                0x0000000008000470                solax_pw_queue_free
 .text.solax_pw_queue_push
                0x0000000008000494       0x3c build_solax/solax_bms_interp.o
                0x0000000008000494                solax_pw_queue_push
 .text.interp   0x00000000080004d0      0xafc build_solax/solax_bms_interp.o
                0x00000000080004d0                interp
 .text.SystemInit
                0x0000000008000fcc       0x14 build_solax/system_stm32l4xx.o
                0x0000000008000fcc                SystemInit
 .text.NMI_Handler
                0x0000000008000fe0        0x2 build_solax/stm32l4xx_it.o
                0x0000000008000fe0                NMI_Handler
 .text.HardFault_Handler
                0x0000000008000fe2        0x2 build_solax/stm32l4xx_it.o
                0x0000000008000fe2                HardFault_Handler
 .text.MemManage_Handler
                0x0000000008000fe4        0x2 build_solax/stm32l4xx_it.o
                0x0000000008000fe4                MemManage_Handler
 .text.BusFault_Handler
                0x0000000008000fe6        0x2 build_solax/stm32l4xx_it.o
                0x0000000008000fe6                BusFault_Handler
 .text.UsageFault_Handler
                0x0000000008000fe8        0x2 build_solax/stm32l4xx_it.o
                0x0000000008000fe8                UsageFault_Handler
 .text.SVC_Handler
                0x0000000008000fea        0x2 build_solax/stm32l4xx_it.o
                0x0000000008000fea                SVC_Handler
 .text.DebugMon_Handler
                0x0000000008000fec        0x2 build_solax/stm32l4xx_it.o
                0x0000000008000fec                DebugMon_Handler
 .text.PendSV_Handler
                0x0000000008000fee        0x2 build_solax/stm32l4xx_it.o
                0x0000000008000fee                PendSV_Handler
 .text.SysTick_Handler
                0x0000000008000ff0       0x10 build_solax/stm32l4xx_it.o
                0x0000000008000ff0                SysTick_Handler
 .text.can_rx   0x0000000008001000       0xf4 build_solax/intf_can.o
 .text.can_tx   0x00000000080010f4       0xfc build_solax/intf_can.o
                0x00000000080010f4                can_tx
 .text.CAN_IRQHandler_init
                0x00000000080011f0       0x1c build_solax/intf_can.o
                0x00000000080011f0                CAN_IRQHandler_init
 .text.CAN1_RX0_IRQHandler
                0x000000000800120c       0x50 build_solax/intf_can.o
                0x000000000800120c                CAN1_RX0_IRQHandler
 .text.CAN1_RX1_IRQHandler
                0x000000000800125c        0x8 build_solax/intf_can.o
                0x000000000800125c                CAN1_RX1_IRQHandler
 .text.can_fifo_avail
                0x0000000008001264       0x14 build_solax/intf_can.o
                0x0000000008001264                can_fifo_avail
 .text.can_fifo_rx
                0x0000000008001278       0x58 build_solax/intf_can.o
                0x0000000008001278                can_fifo_rx
 .text.Configure_CAN
                0x00000000080012d0      0x3ac build_solax/intf_can.o
                0x00000000080012d0                Configure_CAN
 .text.Reset_Handler
                0x000000000800167c       0x50 build_solax/startup_stm32l476rgtx.o
                0x000000000800167c                Reset_Handler
 .text.Default_Handler
                0x00000000080016cc        0x2 build_solax/startup_stm32l476rgtx.o
                0x00000000080016cc                RTC_Alarm_IRQHandler
                0x00000000080016cc                EXTI2_IRQHandler
                0x00000000080016cc                TIM8_TRG_COM_IRQHandler
                0x00000000080016cc                TIM8_CC_IRQHandler
                0x00000000080016cc                TIM1_CC_IRQHandler
                0x00000000080016cc                TSC_IRQHandler
                0x00000000080016cc                TAMP_STAMP_IRQHandler
                0x00000000080016cc                EXTI3_IRQHandler
                0x00000000080016cc                LPTIM2_IRQHandler
                0x00000000080016cc                DFSDM1_FLT1_IRQHandler
                0x00000000080016cc                I2C3_ER_IRQHandler
                0x00000000080016cc                DFSDM1_FLT2_IRQHandler
                0x00000000080016cc                EXTI0_IRQHandler
                0x00000000080016cc                I2C2_EV_IRQHandler
                0x00000000080016cc                FPU_IRQHandler
                0x00000000080016cc                TIM1_UP_TIM16_IRQHandler
                0x00000000080016cc                ADC1_2_IRQHandler
                0x00000000080016cc                SPI1_IRQHandler
                0x00000000080016cc                TIM6_DAC_IRQHandler
                0x00000000080016cc                TIM8_UP_IRQHandler
                0x00000000080016cc                DMA2_Channel2_IRQHandler
                0x00000000080016cc                DMA1_Channel4_IRQHandler
                0x00000000080016cc                SAI2_IRQHandler
                0x00000000080016cc                DFSDM1_FLT3_IRQHandler
                0x00000000080016cc                USART3_IRQHandler
                0x00000000080016cc                DMA1_Channel7_IRQHandler
                0x00000000080016cc                LCD_IRQHandler
                0x00000000080016cc                UART5_IRQHandler
                0x00000000080016cc                ADC3_IRQHandler
                0x00000000080016cc                TIM4_IRQHandler
                0x00000000080016cc                DMA2_Channel1_IRQHandler
                0x00000000080016cc                QUADSPI_IRQHandler
                0x00000000080016cc                I2C1_EV_IRQHandler
                0x00000000080016cc                DMA1_Channel6_IRQHandler
                0x00000000080016cc                UART4_IRQHandler
                0x00000000080016cc                DMA2_Channel4_IRQHandler
                0x00000000080016cc                TIM3_IRQHandler
                0x00000000080016cc                RCC_IRQHandler
                0x00000000080016cc                DMA1_Channel1_IRQHandler
                0x00000000080016cc                Default_Handler
                0x00000000080016cc                DMA2_Channel7_IRQHandler
                0x00000000080016cc                EXTI15_10_IRQHandler
                0x00000000080016cc                TIM7_IRQHandler
                0x00000000080016cc                SDMMC1_IRQHandler
                0x00000000080016cc                TIM5_IRQHandler
                0x00000000080016cc                I2C3_EV_IRQHandler
                0x00000000080016cc                EXTI9_5_IRQHandler
                0x00000000080016cc                RTC_WKUP_IRQHandler
                0x00000000080016cc                PVD_PVM_IRQHandler
                0x00000000080016cc                SPI2_IRQHandler
                0x00000000080016cc                CAN1_TX_IRQHandler
                0x00000000080016cc                DMA2_Channel5_IRQHandler
                0x00000000080016cc                DMA1_Channel5_IRQHandler
                0x00000000080016cc                EXTI4_IRQHandler
                0x00000000080016cc                RNG_IRQHandler
                0x00000000080016cc                TIM1_TRG_COM_TIM17_IRQHandler
                0x00000000080016cc                DMA1_Channel3_IRQHandler
                0x00000000080016cc                COMP_IRQHandler
                0x00000000080016cc                WWDG_IRQHandler
                0x00000000080016cc                LPUART1_IRQHandler
                0x00000000080016cc                DMA2_Channel6_IRQHandler
                0x00000000080016cc                TIM2_IRQHandler
                0x00000000080016cc                EXTI1_IRQHandler
                0x00000000080016cc                USART2_IRQHandler
                0x00000000080016cc                DFSDM1_FLT0_IRQHandler
                0x00000000080016cc                I2C2_ER_IRQHandler
                0x00000000080016cc                DMA1_Channel2_IRQHandler
                0x00000000080016cc                TIM8_BRK_IRQHandler
                0x00000000080016cc                CAN1_SCE_IRQHandler
                0x00000000080016cc                FLASH_IRQHandler
                0x00000000080016cc                USART1_IRQHandler
                0x00000000080016cc                OTG_FS_IRQHandler
                0x00000000080016cc                SPI3_IRQHandler
                0x00000000080016cc                I2C1_ER_IRQHandler
                0x00000000080016cc                FMC_IRQHandler
                0x00000000080016cc                SWPMI1_IRQHandler
                0x00000000080016cc                LPTIM1_IRQHandler
                0x00000000080016cc                SAI1_IRQHandler
                0x00000000080016cc                DMA2_Channel3_IRQHandler
                0x00000000080016cc                TIM1_BRK_TIM15_IRQHandler
 *fill*         0x00000000080016ce        0x2 
 .text.Configure_USART1_ISO_CLK
                0x00000000080016d0      0x538 build_solax/intf_iso.o
                0x00000000080016d0                Configure_USART1_ISO_CLK
 .text.Configure_USART1_ISO
                0x0000000008001c08        0xa build_solax/intf_iso.o
                0x0000000008001c08                Configure_USART1_ISO
 *fill*         0x0000000008001c12        0x2 
 .text.uart_select_intf
                0x0000000008001c14        0xc build_solax/intf_usart.o
                0x0000000008001c14                uart_select_intf
 .text.uart_send_mem
                0x0000000008001c20       0x5c build_solax/intf_usart.o
                0x0000000008001c20                uart_send_mem
 .text.uart_send
                0x0000000008001c7c       0x12 build_solax/intf_usart.o
                0x0000000008001c7c                uart_send
 .text.n2h      0x0000000008001c8e       0x10 build_solax/intf_usart.o
                0x0000000008001c8e                n2h
 .text.uart_send_hex
                0x0000000008001c9e       0x42 build_solax/intf_usart.o
                0x0000000008001c9e                uart_send_hex
 .text.Configure_USART2_USBVCP
                0x0000000008001ce0      0x3dc build_solax/intf_usart.o
                0x0000000008001ce0                Configure_USART2_USBVCP
 .text.Configure_USART3
                0x00000000080020bc      0x3a0 build_solax/intf_usart.o
                0x00000000080020bc                Configure_USART3
 .text.Configure_UART4
                0x000000000800245c      0x398 build_solax/intf_usart.o
                0x000000000800245c                Configure_UART4
 .text.Configure_UART5
                0x00000000080027f4      0x2f0 build_solax/intf_usart.o
                0x00000000080027f4                Configure_UART5
 .text.tparse_al_time
                0x0000000008002ae4        0xc build_solax/main.o
                0x0000000008002ae4                tparse_al_time
 .text.SystemClock_Config
                0x0000000008002af0       0xbc build_solax/main.o
                0x0000000008002af0                SystemClock_Config
 .text.main     0x0000000008002bac       0x84 build_solax/main.o
                0x0000000008002bac                main
 .text.Configure_I2C1
                0x0000000008002c30      0x3c0 build_solax/intf_i2c.o
                0x0000000008002c30                Configure_I2C1
 .text.LL_SetSystemCoreClock
                0x0000000008002ff0        0xc build_solax/stm32l4xx_ll_utils.o
                0x0000000008002ff0                LL_SetSystemCoreClock
 .text.tparse_init
                0x0000000008002ffc       0x28 build_solax/tparse.o
                0x0000000008002ffc                tparse_init
 .text.tparse_finger
                0x0000000008003024       0x20 build_solax/tparse.o
                0x0000000008003024                tparse_finger
 .text.tparse_discard
                0x0000000008003044        0x6 build_solax/tparse.o
                0x0000000008003044                tparse_discard
 .text.tparse_discard_line
                0x000000000800304a       0x68 build_solax/tparse.o
                0x000000000800304a                tparse_discard_line
 .text.tparse_token_internal
                0x00000000080030b2       0xbe build_solax/tparse.o
                0x00000000080030b2                tparse_token_internal
 .text.tparse_token_p
                0x0000000008003170        0xc build_solax/tparse.o
                0x0000000008003170                tparse_token_p
 .text.tparse_avail
                0x000000000800317c       0x14 build_solax/tparse.o
                0x000000000800317c                tparse_avail
 .text.tparse_has_line
                0x0000000008003190       0x2a build_solax/tparse.o
                0x0000000008003190                tparse_has_line
 .text.tparse_eol_reached
                0x00000000080031ba        0x8 build_solax/tparse.o
                0x00000000080031ba                tparse_eol_reached
 .text.tparse_token_size
                0x00000000080031c2       0x3a build_solax/tparse.o
                0x00000000080031c2                tparse_token_size
 .text.tparse_token_parts
                0x00000000080031fc       0x44 build_solax/tparse.o
                0x00000000080031fc                tparse_token_parts
 .text.tparse_token
                0x0000000008003240       0x56 build_solax/tparse.o
                0x0000000008003240                tparse_token
 .text.tparse_token_hex
                0x0000000008003296       0xba build_solax/tparse.o
                0x0000000008003296                tparse_token_hex
 .text.tparse_token_u32_base
                0x0000000008003350       0xba build_solax/tparse.o
                0x0000000008003350                tparse_token_u32_base
 *fill*         0x000000000800340a        0x2 
 .text.__libc_init_array
                0x000000000800340c       0x48 /home/oto/workspace/projects/tacos-buildenv/compilers/gcc/arm/gcc-arm-none-eabi-10.3-2021.10/bin/../lib/gcc/arm-none-eabi/10.3.1/../../../../arm-none-eabi/lib/thumb/v7e-m+fp/hard/libc_nano.a(lib_a-init.o)
                0x000000000800340c                __libc_init_array
 .text.memcmp   0x0000000008003454       0x20 /home/oto/workspace/projects/tacos-buildenv/compilers/gcc/arm/gcc-arm-none-eabi-10.3-2021.10/bin/../lib/gcc/arm-none-eabi/10.3.1/../../../../arm-none-eabi/lib/thumb/v7e-m+fp/hard/libc_nano.a(lib_a-memcmp.o)
                0x0000000008003454                memcmp
 .text.memmove  0x0000000008003474       0x34 /home/oto/workspace/projects/tacos-buildenv/compilers/gcc/arm/gcc-arm-none-eabi-10.3-2021.10/bin/../lib/gcc/arm-none-eabi/10.3.1/../../../../arm-none-eabi/lib/thumb/v7e-m+fp/hard/libc_nano.a(lib_a-memmove.o)
                0x0000000008003474                memmove
 .text.memset   0x00000000080034a8       0x10 /home/oto/workspace/projects/tacos-buildenv/compilers/gcc/arm/gcc-arm-none-eabi-10.3-2021.10/bin/../lib/gcc/arm-none-eabi/10.3.1/../../../../arm-none-eabi/lib/thumb/v7e-m+fp/hard/libc_nano.a(lib_a-memset.o)
                0x00000000080034a8                memset
 .text.snprintf
                0x00000000080034b8       0x68 /home/oto/workspace/projects/tacos-buildenv/compilers/gcc/arm/gcc-arm-none-eabi-10.3-2021.10/bin/../lib/gcc/arm-none-eabi/10.3.1/../../../../arm-none-eabi/lib/thumb/v7e-m+fp/hard/libc_nano.a(lib_a-snprintf.o)
                0x00000000080034b8                snprintf
                0x00000000080034b8                sniprintf
 .text.__ssputs_r
                0x0000000008003520       0xb6 /home/oto/workspace/projects/tacos-buildenv/compilers/gcc/arm/gcc-arm-none-eabi-10.3-2021.10/bin/../lib/gcc/arm-none-eabi/10.3.1/../../../../arm-none-eabi/lib/thumb/v7e-m+fp/hard/libc_nano.a(lib_a-nano-svfprintf.o)
                0x0000000008003520                __ssputs_r
 *fill*         0x00000000080035d6        0x2 
 .text._svfprintf_r
                0x00000000080035d8      0x200 /home/oto/workspace/projects/tacos-buildenv/compilers/gcc/arm/gcc-arm-none-eabi-10.3-2021.10/bin/../lib/gcc/arm-none-eabi/10.3.1/../../../../arm-none-eabi/lib/thumb/v7e-m+fp/hard/libc_nano.a(lib_a-nano-svfprintf.o)
                0x00000000080035d8                _svfprintf_r
                0x00000000080035d8                _svfiprintf_r
 .text._printf_common
                0x00000000080037d8       0xda /home/oto/workspace/projects/tacos-buildenv/compilers/gcc/arm/gcc-arm-none-eabi-10.3-2021.10/bin/../lib/gcc/arm-none-eabi/10.3.1/../../../../arm-none-eabi/lib/thumb/v7e-m+fp/hard/libc_nano.a(lib_a-nano-vfprintf_i.o)
                0x00000000080037d8                _printf_common
 *fill*         0x00000000080038b2        0x2 
 .text._printf_i
                0x00000000080038b4      0x24c /home/oto/workspace/projects/tacos-buildenv/compilers/gcc/arm/gcc-arm-none-eabi-10.3-2021.10/bin/../lib/gcc/arm-none-eabi/10.3.1/../../../../arm-none-eabi/lib/thumb/v7e-m+fp/hard/libc_nano.a(lib_a-nano-vfprintf_i.o)
                0x00000000080038b4                _printf_i
 .text.memcpy   0x0000000008003b00       0x1c /home/oto/workspace/projects/tacos-buildenv/compilers/gcc/arm/gcc-arm-none-eabi-10.3-2021.10/bin/../lib/gcc/arm-none-eabi/10.3.1/../../../../arm-none-eabi/lib/thumb/v7e-m+fp/hard/libc_nano.a(lib_a-memcpy-stub.o)
                0x0000000008003b00                memcpy
 .text._free_r  0x0000000008003b1c       0x98 /home/oto/workspace/projects/tacos-buildenv/compilers/gcc/arm/gcc-arm-none-eabi-10.3-2021.10/bin/../lib/gcc/arm-none-eabi/10.3.1/../../../../arm-none-eabi/lib/thumb/v7e-m+fp/hard/libc_nano.a(lib_a-nano-freer.o)
                0x0000000008003b1c                _free_r
 .text.sbrk_aligned
                0x0000000008003bb4       0x40 /home/oto/workspace/projects/tacos-buildenv/compilers/gcc/arm/gcc-arm-none-eabi-10.3-2021.10/bin/../lib/gcc/arm-none-eabi/10.3.1/../../../../arm-none-eabi/lib/thumb/v7e-m+fp/hard/libc_nano.a(lib_a-nano-mallocr.o)
 .text._malloc_r
                0x0000000008003bf4       0xe8 /home/oto/workspace/projects/tacos-buildenv/compilers/gcc/arm/gcc-arm-none-eabi-10.3-2021.10/bin/../lib/gcc/arm-none-eabi/10.3.1/../../../../arm-none-eabi/lib/thumb/v7e-m+fp/hard/libc_nano.a(lib_a-nano-mallocr.o)
                0x0000000008003bf4                _malloc_r
 .text._realloc_r
                0x0000000008003cdc       0x5e /home/oto/workspace/projects/tacos-buildenv/compilers/gcc/arm/gcc-arm-none-eabi-10.3-2021.10/bin/../lib/gcc/arm-none-eabi/10.3.1/../../../../arm-none-eabi/lib/thumb/v7e-m+fp/hard/libc_nano.a(lib_a-nano-reallocr.o)
                0x0000000008003cdc                _realloc_r
 *fill*         0x0000000008003d3a        0x2 
 .text._sbrk_r  0x0000000008003d3c       0x20 /home/oto/workspace/projects/tacos-buildenv/compilers/gcc/arm/gcc-arm-none-eabi-10.3-2021.10/bin/../lib/gcc/arm-none-eabi/10.3.1/../../../../arm-none-eabi/lib/thumb/v7e-m+fp/hard/libc_nano.a(lib_a-sbrkr.o)
                0x0000000008003d3c                _sbrk_r
 .text.__malloc_lock
                0x0000000008003d5c        0xc /home/oto/workspace/projects/tacos-buildenv/compilers/gcc/arm/gcc-arm-none-eabi-10.3-2021.10/bin/../lib/gcc/arm-none-eabi/10.3.1/../../../../arm-none-eabi/lib/thumb/v7e-m+fp/hard/libc_nano.a(lib_a-mlock.o)
                0x0000000008003d5c                __malloc_lock
 .text.__malloc_unlock
                0x0000000008003d68        0xc /home/oto/workspace/projects/tacos-buildenv/compilers/gcc/arm/gcc-arm-none-eabi-10.3-2021.10/bin/../lib/gcc/arm-none-eabi/10.3.1/../../../../arm-none-eabi/lib/thumb/v7e-m+fp/hard/libc_nano.a(lib_a-mlock.o)
                0x0000000008003d68                __malloc_unlock
 .text._malloc_usable_size_r
                0x0000000008003d74       0x10 /home/oto/workspace/projects/tacos-buildenv/compilers/gcc/arm/gcc-arm-none-eabi-10.3-2021.10/bin/../lib/gcc/arm-none-eabi/10.3.1/../../../../arm-none-eabi/lib/thumb/v7e-m+fp/hard/libc_nano.a(lib_a-nano-msizer.o)
                0x0000000008003d74                _malloc_usable_size_r
 .text.__retarget_lock_acquire_recursive
                0x0000000008003d84        0x2 /home/oto/workspace/projects/tacos-buildenv/compilers/gcc/arm/gcc-arm-none-eabi-10.3-2021.10/bin/../lib/gcc/arm-none-eabi/10.3.1/../../../../arm-none-eabi/lib/thumb/v7e-m+fp/hard/libc_nano.a(lib_a-lock.o)
                0x0000000008003d84                __retarget_lock_acquire_recursive
 .text.__retarget_lock_release_recursive
                0x0000000008003d86        0x2 /home/oto/workspace/projects/tacos-buildenv/compilers/gcc/arm/gcc-arm-none-eabi-10.3-2021.10/bin/../lib/gcc/arm-none-eabi/10.3.1/../../../../arm-none-eabi/lib/thumb/v7e-m+fp/hard/libc_nano.a(lib_a-lock.o)
                0x0000000008003d86                __retarget_lock_release_recursive
 *(.glue_7)
 .glue_7        0x0000000008003d88        0x0 linker stubs
 *(.glue_7t)
 .glue_7t       0x0000000008003d88        0x0 linker stubs
 *(.eh_frame)
 .eh_frame      0x0000000008003d88        0x0 /home/oto/workspace/projects/tacos-buildenv/compilers/gcc/arm/gcc-arm-none-eabi-10.3-2021.10/bin/../lib/gcc/arm-none-eabi/10.3.1/thumb/v7e-m+fp/hard/crtbegin.o
 *(.init)
 .init          0x0000000008003d88        0x4 /home/oto/workspace/projects/tacos-buildenv/compilers/gcc/arm/gcc-arm-none-eabi-10.3-2021.10/bin/../lib/gcc/arm-none-eabi/10.3.1/thumb/v7e-m+fp/hard/crti.o
                0x0000000008003d88                _init
 .init          0x0000000008003d8c        0x8 /home/oto/workspace/projects/tacos-buildenv/compilers/gcc/arm/gcc-arm-none-eabi-10.3-2021.10/bin/../lib/gcc/arm-none-eabi/10.3.1/thumb/v7e-m+fp/hard/crtn.o
 *(.fini)
 .fini          0x0000000008003d94        0x4 /home/oto/workspace/projects/tacos-buildenv/compilers/gcc/arm/gcc-arm-none-eabi-10.3-2021.10/bin/../lib/gcc/arm-none-eabi/10.3.1/thumb/v7e-m+fp/hard/crti.o
                0x0000000008003d94                _fini
 .fini          0x0000000008003d98        0x8 /home/oto/workspace/projects/tacos-buildenv/compilers/gcc/arm/gcc-arm-none-eabi-10.3-2021.10/bin/../lib/gcc/arm-none-eabi/10.3.1/thumb/v7e-m+fp/hard/crtn.o
                0x0000000008003da0                . = ALIGN (0x4)
                0x0000000008003da0                _etext = .

.vfp11_veneer   0x0000000008003da0        0x0
 .vfp11_veneer  0x0000000008003da0        0x0 linker stubs

.v4_bx          0x0000000008003da0        0x0
 .v4_bx         0x0000000008003da0        0x0 linker stubs

.iplt           0x0000000008003da0        0x0
 .iplt          0x0000000008003da0        0x0 /home/oto/workspace/projects/tacos-buildenv/compilers/gcc/arm/gcc-arm-none-eabi-10.3-2021.10/bin/../lib/gcc/arm-none-eabi/10.3.1/thumb/v7e-m+fp/hard/crtbegin.o

.rodata         0x0000000008003da0      0x230
                0x0000000008003da0                . = ALIGN (0x4)
 *(.rodata)
 .rodata        0x0000000008003da0       0x15 build_solax/solax_bms_interp.o
 *(.rodata*)
 *fill*         0x0000000008003db5        0x3 
 .rodata.master_log_can.str1.4
                0x0000000008003db8        0xc build_solax/solax_bms_interp.o
                                          0xe (size before relaxing)
 .rodata.slave_recv.str1.4
                0x0000000008003dc4        0xa build_solax/solax_bms_interp.o
 *fill*         0x0000000008003dce        0x2 
 .rodata.can_tx_log.str1.4
                0x0000000008003dd0        0xf build_solax/solax_bms_interp.o
 *fill*         0x0000000008003ddf        0x1 
 .rodata.interp.str1.4
                0x0000000008003de0      0x164 build_solax/solax_bms_interp.o
                                        0x168 (size before relaxing)
 .rodata.str1.4
                0x0000000008003f44       0x17 build_solax/solax_bms_interp.o
 *fill*         0x0000000008003f5b        0x1 
 .rodata.solax_forced_mode_str
                0x0000000008003f5c       0x18 build_solax/solax_bms_interp.o
                0x0000000008003f5c                solax_forced_mode_str
 .rodata.solax_pw_cfg_manual_stop
                0x0000000008003f74        0x9 build_solax/solax_bms_interp.o
                0x0000000008003f74                solax_pw_cfg_manual_stop
 *fill*         0x0000000008003f7d        0x3 
 .rodata.solax_pw_cmd_get_stat
                0x0000000008003f80        0x7 build_solax/solax_bms_interp.o
                0x0000000008003f80                solax_pw_cmd_get_stat
 *fill*         0x0000000008003f87        0x1 
 .rodata.solax_pw_cmd_mode_manual
                0x0000000008003f88        0x9 build_solax/solax_bms_interp.o
                0x0000000008003f88                solax_pw_cmd_mode_manual
 *fill*         0x0000000008003f91        0x3 
 .rodata.solax_pw_cmd_mode_self_use
                0x0000000008003f94        0x9 build_solax/solax_bms_interp.o
                0x0000000008003f94                solax_pw_cmd_mode_self_use
 .rodata._svfprintf_r.str1.1
                0x0000000008003f9d       0x11 /home/oto/workspace/projects/tacos-buildenv/compilers/gcc/arm/gcc-arm-none-eabi-10.3-2021.10/bin/../lib/gcc/arm-none-eabi/10.3.1/../../../../arm-none-eabi/lib/thumb/v7e-m+fp/hard/libc_nano.a(lib_a-nano-svfprintf.o)
 .rodata._printf_i.str1.1
                0x0000000008003fae       0x22 /home/oto/workspace/projects/tacos-buildenv/compilers/gcc/arm/gcc-arm-none-eabi-10.3-2021.10/bin/../lib/gcc/arm-none-eabi/10.3.1/../../../../arm-none-eabi/lib/thumb/v7e-m+fp/hard/libc_nano.a(lib_a-nano-vfprintf_i.o)
                0x0000000008003fd0                . = ALIGN (0x4)

.rel.dyn        0x0000000008003fd0        0x0
 .rel.iplt      0x0000000008003fd0        0x0 /home/oto/workspace/projects/tacos-buildenv/compilers/gcc/arm/gcc-arm-none-eabi-10.3-2021.10/bin/../lib/gcc/arm-none-eabi/10.3.1/thumb/v7e-m+fp/hard/crtbegin.o

.ARM.extab      0x0000000008003fd0        0x0
                0x0000000008003fd0                . = ALIGN (0x4)
 *(.ARM.extab* .gnu.linkonce.armextab.*)
                0x0000000008003fd0                . = ALIGN (0x4)

.ARM            0x0000000008003fd0        0x0
                0x0000000008003fd0                . = ALIGN (0x4)
                0x0000000008003fd0                __exidx_start = .
 *(.ARM.exidx*)
                0x0000000008003fd0                __exidx_end = .
                0x0000000008003fd0                . = ALIGN (0x4)

.preinit_array  0x0000000008003fd0        0x0
                0x0000000008003fd0                . = ALIGN (0x4)
                0x0000000008003fd0                PROVIDE (__preinit_array_start = .)
 *(.preinit_array*)
                0x0000000008003fd0                PROVIDE (__preinit_array_end = .)
                0x0000000008003fd0                . = ALIGN (0x4)

.init_array     0x0000000008003fd0        0x4
                0x0000000008003fd0                . = ALIGN (0x4)
                0x0000000008003fd0                PROVIDE (__init_array_start = .)
 *(SORT_BY_NAME(.init_array.*))
 *(.init_array*)
 .init_array    0x0000000008003fd0        0x4 /home/oto/workspace/projects/tacos-buildenv/compilers/gcc/arm/gcc-arm-none-eabi-10.3-2021.10/bin/../lib/gcc/arm-none-eabi/10.3.1/thumb/v7e-m+fp/hard/crtbegin.o
                0x0000000008003fd4                PROVIDE (__init_array_end = .)
                0x0000000008003fd4                . = ALIGN (0x4)

.fini_array     0x0000000008003fd4        0x4
                0x0000000008003fd4                . = ALIGN (0x4)
                [!provide]                        PROVIDE (__fini_array_start = .)
 *(SORT_BY_NAME(.fini_array.*))
 *(.fini_array*)
 .fini_array    0x0000000008003fd4        0x4 /home/oto/workspace/projects/tacos-buildenv/compilers/gcc/arm/gcc-arm-none-eabi-10.3-2021.10/bin/../lib/gcc/arm-none-eabi/10.3.1/thumb/v7e-m+fp/hard/crtbegin.o
                [!provide]                        PROVIDE (__fini_array_end = .)
                0x0000000008003fd8                . = ALIGN (0x4)
                0x0000000008003fd8                _sidata = LOADADDR (.data)

.data           0x0000000020000000       0x68 load address 0x0000000008003fd8
                0x0000000020000000                . = ALIGN (0x4)
                0x0000000020000000                _sdata = .
 *(.data)
 *(.data*)
 .data.SystemCoreClock
                0x0000000020000000        0x4 build_solax/system_stm32l4xx.o
                0x0000000020000000                SystemCoreClock
 .data._impure_ptr
                0x0000000020000004        0x4 /home/oto/workspace/projects/tacos-buildenv/compilers/gcc/arm/gcc-arm-none-eabi-10.3-2021.10/bin/../lib/gcc/arm-none-eabi/10.3.1/../../../../arm-none-eabi/lib/thumb/v7e-m+fp/hard/libc_nano.a(lib_a-impure.o)
                0x0000000020000004                _impure_ptr
 .data.impure_data
                0x0000000020000008       0x60 /home/oto/workspace/projects/tacos-buildenv/compilers/gcc/arm/gcc-arm-none-eabi-10.3-2021.10/bin/../lib/gcc/arm-none-eabi/10.3.1/../../../../arm-none-eabi/lib/thumb/v7e-m+fp/hard/libc_nano.a(lib_a-impure.o)
 *(.RamFunc)
 *(.RamFunc*)
                0x0000000020000068                . = ALIGN (0x4)
                0x0000000020000068                _edata = .

.igot.plt       0x0000000020000068        0x0 load address 0x0000000008004040
 .igot.plt      0x0000000020000068        0x0 /home/oto/workspace/projects/tacos-buildenv/compilers/gcc/arm/gcc-arm-none-eabi-10.3-2021.10/bin/../lib/gcc/arm-none-eabi/10.3.1/thumb/v7e-m+fp/hard/crtbegin.o
                0x0000000020000068                . = ALIGN (0x4)

.bss            0x0000000020000068     0x20d0 load address 0x0000000008004040
                0x0000000020000068                _sbss = .
                0x0000000020000068                __bss_start__ = _sbss
 *(.bss)
 .bss           0x0000000020000068       0x1c /home/oto/workspace/projects/tacos-buildenv/compilers/gcc/arm/gcc-arm-none-eabi-10.3-2021.10/bin/../lib/gcc/arm-none-eabi/10.3.1/thumb/v7e-m+fp/hard/crtbegin.o
 *(.bss*)
 .bss.solax_pw_queue
                0x0000000020000084       0x24 build_solax/solax_bms_interp.o
                0x0000000020000084                solax_pw_queue
 .bss.uwTick    0x00000000200000a8        0x4 build_solax/stm32l4xx_it.o
                0x00000000200000a8                uwTick
 .bss.can_fifo_rx_entries
                0x00000000200000ac     0x1400 build_solax/intf_can.o
                0x00000000200000ac                can_fifo_rx_entries
 .bss.can_fifo_rx_size
                0x00000000200014ac        0x4 build_solax/intf_can.o
                0x00000000200014ac                can_fifo_rx_size
 .bss.iso_buffer
                0x00000000200014b0      0x104 build_solax/intf_iso.o
                0x00000000200014b0                iso_buffer
 .bss.iso_offset_read
                0x00000000200015b4        0x4 build_solax/intf_iso.o
                0x00000000200015b4                iso_offset_read
 .bss.uart3_buffer
                0x00000000200015b8      0x420 build_solax/intf_usart.o
                0x00000000200015b8                uart3_buffer
 .bss.uart4_buffer
                0x00000000200019d8      0x200 build_solax/intf_usart.o
                0x00000000200019d8                uart4_buffer
 .bss.uart_usbvcp_buffer
                0x0000000020001bd8      0x420 build_solax/intf_usart.o
                0x0000000020001bd8                uart_usbvcp_buffer
 .bss.usart_intf
                0x0000000020001ff8        0x4 build_solax/intf_usart.o
                0x0000000020001ff8                usart_intf
 .bss.tmp       0x0000000020001ffc      0x12c build_solax/main.o
                0x0000000020001ffc                tmp
 .bss.__malloc_free_list
                0x0000000020002128        0x4 /home/oto/workspace/projects/tacos-buildenv/compilers/gcc/arm/gcc-arm-none-eabi-10.3-2021.10/bin/../lib/gcc/arm-none-eabi/10.3.1/../../../../arm-none-eabi/lib/thumb/v7e-m+fp/hard/libc_nano.a(lib_a-nano-mallocr.o)
                0x0000000020002128                __malloc_free_list
 .bss.__malloc_sbrk_start
                0x000000002000212c        0x4 /home/oto/workspace/projects/tacos-buildenv/compilers/gcc/arm/gcc-arm-none-eabi-10.3-2021.10/bin/../lib/gcc/arm-none-eabi/10.3.1/../../../../arm-none-eabi/lib/thumb/v7e-m+fp/hard/libc_nano.a(lib_a-nano-mallocr.o)
                0x000000002000212c                __malloc_sbrk_start
 .bss.errno     0x0000000020002130        0x4 /home/oto/workspace/projects/tacos-buildenv/compilers/gcc/arm/gcc-arm-none-eabi-10.3-2021.10/bin/../lib/gcc/arm-none-eabi/10.3.1/../../../../arm-none-eabi/lib/thumb/v7e-m+fp/hard/libc_nano.a(lib_a-reent.o)
                0x0000000020002130                errno
 .bss.__lock___malloc_recursive_mutex
                0x0000000020002134        0x1 /home/oto/workspace/projects/tacos-buildenv/compilers/gcc/arm/gcc-arm-none-eabi-10.3-2021.10/bin/../lib/gcc/arm-none-eabi/10.3.1/../../../../arm-none-eabi/lib/thumb/v7e-m+fp/hard/libc_nano.a(lib_a-lock.o)
                0x0000000020002134                __lock___malloc_recursive_mutex
 *(COMMON)
                0x0000000020002138                . = ALIGN (0x4)
 *fill*         0x0000000020002135        0x3 
                0x0000000020002138                _ebss = .
                0x0000000020002138                __bss_end__ = _ebss

._user_heap_stack
                0x0000000020002138      0x600 load address 0x0000000008004040
                0x0000000020002138                . = ALIGN (0x8)
                [!provide]                        PROVIDE (end = .)
                [!provide]                        PROVIDE (_end = .)
                0x0000000020002338                . = (. + _Min_Heap_Size)
 *fill*         0x0000000020002138      0x200 
                0x0000000020002738                . = (. + _Min_Stack_Size)
 *fill*         0x0000000020002338      0x400 
                0x0000000020002738                . = ALIGN (0x8)

/DISCARD/
 libc.a(*)
 libm.a(*)
 libgcc.a(*)

.ARM.attributes
                0x0000000000000000       0x30
 *(.ARM.attributes)
 .ARM.attributes
                0x0000000000000000       0x1e /home/oto/workspace/projects/tacos-buildenv/compilers/gcc/arm/gcc-arm-none-eabi-10.3-2021.10/bin/../lib/gcc/arm-none-eabi/10.3.1/thumb/v7e-m+fp/hard/crti.o
 .ARM.attributes
                0x000000000000001e       0x34 /home/oto/workspace/projects/tacos-buildenv/compilers/gcc/arm/gcc-arm-none-eabi-10.3-2021.10/bin/../lib/gcc/arm-none-eabi/10.3.1/thumb/v7e-m+fp/hard/crtbegin.o
 .ARM.attributes
                0x0000000000000052       0x34 build_solax/solax_bms_interp.o
 .ARM.attributes
                0x0000000000000086       0x34 build_solax/system_stm32l4xx.o
 .ARM.attributes
                0x00000000000000ba       0x34 build_solax/stm32l4xx_it.o
 .ARM.attributes
                0x00000000000000ee       0x34 build_solax/intf_can.o
 .ARM.attributes
                0x0000000000000122       0x21 build_solax/startup_stm32l476rgtx.o
 .ARM.attributes
                0x0000000000000143       0x34 build_solax/intf_iso.o
 .ARM.attributes
                0x0000000000000177       0x34 build_solax/intf_usart.o
 .ARM.attributes
                0x00000000000001ab       0x34 build_solax/main.o
 .ARM.attributes
                0x00000000000001df       0x34 build_solax/intf_i2c.o
 .ARM.attributes
                0x0000000000000213       0x34 build_solax/stm32l4xx_ll_utils.o
 .ARM.attributes
                0x0000000000000247       0x34 build_solax/tparse.o
 .ARM.attributes
                0x000000000000027b       0x34 /home/oto/workspace/projects/tacos-buildenv/compilers/gcc/arm/gcc-arm-none-eabi-10.3-2021.10/bin/../lib/gcc/arm-none-eabi/10.3.1/../../../../arm-none-eabi/lib/thumb/v7e-m+fp/hard/libc_nano.a(lib_a-impure.o)
 .ARM.attributes
                0x00000000000002af       0x34 /home/oto/workspace/projects/tacos-buildenv/compilers/gcc/arm/gcc-arm-none-eabi-10.3-2021.10/bin/../lib/gcc/arm-none-eabi/10.3.1/../../../../arm-none-eabi/lib/thumb/v7e-m+fp/hard/libc_nano.a(lib_a-init.o)
 .ARM.attributes
                0x00000000000002e3       0x34 /home/oto/workspace/projects/tacos-buildenv/compilers/gcc/arm/gcc-arm-none-eabi-10.3-2021.10/bin/../lib/gcc/arm-none-eabi/10.3.1/../../../../arm-none-eabi/lib/thumb/v7e-m+fp/hard/libc_nano.a(lib_a-memcmp.o)
 .ARM.attributes
                0x0000000000000317       0x34 /home/oto/workspace/projects/tacos-buildenv/compilers/gcc/arm/gcc-arm-none-eabi-10.3-2021.10/bin/../lib/gcc/arm-none-eabi/10.3.1/../../../../arm-none-eabi/lib/thumb/v7e-m+fp/hard/libc_nano.a(lib_a-memmove.o)
 .ARM.attributes
                0x000000000000034b       0x34 /home/oto/workspace/projects/tacos-buildenv/compilers/gcc/arm/gcc-arm-none-eabi-10.3-2021.10/bin/../lib/gcc/arm-none-eabi/10.3.1/../../../../arm-none-eabi/lib/thumb/v7e-m+fp/hard/libc_nano.a(lib_a-memset.o)
 .ARM.attributes
                0x000000000000037f       0x34 /home/oto/workspace/projects/tacos-buildenv/compilers/gcc/arm/gcc-arm-none-eabi-10.3-2021.10/bin/../lib/gcc/arm-none-eabi/10.3.1/../../../../arm-none-eabi/lib/thumb/v7e-m+fp/hard/libc_nano.a(lib_a-snprintf.o)
 .ARM.attributes
                0x00000000000003b3       0x17 /home/oto/workspace/projects/tacos-buildenv/compilers/gcc/arm/gcc-arm-none-eabi-10.3-2021.10/bin/../lib/gcc/arm-none-eabi/10.3.1/../../../../arm-none-eabi/lib/thumb/v7e-m+fp/hard/libc_nano.a(lib_a-strlen.o)
 .ARM.attributes
                0x00000000000003ca       0x34 /home/oto/workspace/projects/tacos-buildenv/compilers/gcc/arm/gcc-arm-none-eabi-10.3-2021.10/bin/../lib/gcc/arm-none-eabi/10.3.1/../../../../arm-none-eabi/lib/thumb/v7e-m+fp/hard/libc_nano.a(lib_a-nano-svfprintf.o)
 .ARM.attributes
                0x00000000000003fe       0x34 /home/oto/workspace/projects/tacos-buildenv/compilers/gcc/arm/gcc-arm-none-eabi-10.3-2021.10/bin/../lib/gcc/arm-none-eabi/10.3.1/../../../../arm-none-eabi/lib/thumb/v7e-m+fp/hard/libc_nano.a(lib_a-nano-vfprintf_i.o)
 .ARM.attributes
                0x0000000000000432       0x1c /home/oto/workspace/projects/tacos-buildenv/compilers/gcc/arm/gcc-arm-none-eabi-10.3-2021.10/bin/../lib/gcc/arm-none-eabi/10.3.1/../../../../arm-none-eabi/lib/thumb/v7e-m+fp/hard/libc_nano.a(lib_a-memchr.o)
 .ARM.attributes
                0x000000000000044e       0x34 /home/oto/workspace/projects/tacos-buildenv/compilers/gcc/arm/gcc-arm-none-eabi-10.3-2021.10/bin/../lib/gcc/arm-none-eabi/10.3.1/../../../../arm-none-eabi/lib/thumb/v7e-m+fp/hard/libc_nano.a(lib_a-memcpy-stub.o)
 .ARM.attributes
                0x0000000000000482       0x34 /home/oto/workspace/projects/tacos-buildenv/compilers/gcc/arm/gcc-arm-none-eabi-10.3-2021.10/bin/../lib/gcc/arm-none-eabi/10.3.1/../../../../arm-none-eabi/lib/thumb/v7e-m+fp/hard/libc_nano.a(lib_a-nano-freer.o)
 .ARM.attributes
                0x00000000000004b6       0x34 /home/oto/workspace/projects/tacos-buildenv/compilers/gcc/arm/gcc-arm-none-eabi-10.3-2021.10/bin/../lib/gcc/arm-none-eabi/10.3.1/../../../../arm-none-eabi/lib/thumb/v7e-m+fp/hard/libc_nano.a(lib_a-nano-mallocr.o)
 .ARM.attributes
                0x00000000000004ea       0x34 /home/oto/workspace/projects/tacos-buildenv/compilers/gcc/arm/gcc-arm-none-eabi-10.3-2021.10/bin/../lib/gcc/arm-none-eabi/10.3.1/../../../../arm-none-eabi/lib/thumb/v7e-m+fp/hard/libc_nano.a(lib_a-nano-reallocr.o)
 .ARM.attributes
                0x000000000000051e       0x34 /home/oto/workspace/projects/tacos-buildenv/compilers/gcc/arm/gcc-arm-none-eabi-10.3-2021.10/bin/../lib/gcc/arm-none-eabi/10.3.1/../../../../arm-none-eabi/lib/thumb/v7e-m+fp/hard/libc_nano.a(lib_a-sbrkr.o)
 .ARM.attributes
                0x0000000000000552       0x34 /home/oto/workspace/projects/tacos-buildenv/compilers/gcc/arm/gcc-arm-none-eabi-10.3-2021.10/bin/../lib/gcc/arm-none-eabi/10.3.1/../../../../arm-none-eabi/lib/thumb/v7e-m+fp/hard/libc_nano.a(lib_a-mlock.o)
 .ARM.attributes
                0x0000000000000586       0x34 /home/oto/workspace/projects/tacos-buildenv/compilers/gcc/arm/gcc-arm-none-eabi-10.3-2021.10/bin/../lib/gcc/arm-none-eabi/10.3.1/../../../../arm-none-eabi/lib/thumb/v7e-m+fp/hard/libc_nano.a(lib_a-nano-msizer.o)
 .ARM.attributes
                0x00000000000005ba       0x34 /home/oto/workspace/projects/tacos-buildenv/compilers/gcc/arm/gcc-arm-none-eabi-10.3-2021.10/bin/../lib/gcc/arm-none-eabi/10.3.1/../../../../arm-none-eabi/lib/thumb/v7e-m+fp/hard/libc_nano.a(lib_a-reent.o)
 .ARM.attributes
                0x00000000000005ee       0x34 /home/oto/workspace/projects/tacos-buildenv/compilers/gcc/arm/gcc-arm-none-eabi-10.3-2021.10/bin/../lib/gcc/arm-none-eabi/10.3.1/../../../../arm-none-eabi/lib/thumb/v7e-m+fp/hard/libc_nano.a(lib_a-lock.o)
 .ARM.attributes
                0x0000000000000622       0x1e /home/oto/workspace/projects/tacos-buildenv/compilers/gcc/arm/gcc-arm-none-eabi-10.3-2021.10/bin/../lib/gcc/arm-none-eabi/10.3.1/thumb/v7e-m+fp/hard/crtn.o
OUTPUT(build_solax/output.elf elf32-littlearm)
LOAD linker stubs
LOAD /home/oto/workspace/projects/tacos-buildenv/compilers/gcc/arm/gcc-arm-none-eabi-10.3-2021.10/bin/../lib/gcc/arm-none-eabi/10.3.1/../../../../arm-none-eabi/lib/thumb/v7e-m+fp/hard/libc.a
LOAD /home/oto/workspace/projects/tacos-buildenv/compilers/gcc/arm/gcc-arm-none-eabi-10.3-2021.10/bin/../lib/gcc/arm-none-eabi/10.3.1/../../../../arm-none-eabi/lib/thumb/v7e-m+fp/hard/libm.a
LOAD /home/oto/workspace/projects/tacos-buildenv/compilers/gcc/arm/gcc-arm-none-eabi-10.3-2021.10/bin/../lib/gcc/arm-none-eabi/10.3.1/thumb/v7e-m+fp/hard/libgcc.a

.debug_info     0x0000000000000000    0x10658
 .debug_info    0x0000000000000000     0x1a7f build_solax/solax_bms_interp.o
 .debug_info    0x0000000000001a7f      0x5e4 build_solax/system_stm32l4xx.o
 .debug_info    0x0000000000002063      0x19e build_solax/stm32l4xx_it.o
 .debug_info    0x0000000000002201     0x17eb build_solax/intf_can.o
 .debug_info    0x00000000000039ec       0x22 build_solax/startup_stm32l476rgtx.o
 .debug_info    0x0000000000003a0e     0x2438 build_solax/intf_iso.o
 .debug_info    0x0000000000005e46     0x4ad3 build_solax/intf_usart.o
 .debug_info    0x000000000000a919     0x2828 build_solax/main.o
 .debug_info    0x000000000000d141     0x185d build_solax/intf_i2c.o
 .debug_info    0x000000000000e99e     0x10da build_solax/stm32l4xx_ll_utils.o
 .debug_info    0x000000000000fa78      0xbe0 build_solax/tparse.o

.debug_abbrev   0x0000000000000000     0x1b9a
 .debug_abbrev  0x0000000000000000      0x33b build_solax/solax_bms_interp.o
 .debug_abbrev  0x000000000000033b      0x11c build_solax/system_stm32l4xx.o
 .debug_abbrev  0x0000000000000457       0xa9 build_solax/stm32l4xx_it.o
 .debug_abbrev  0x0000000000000500      0x3c1 build_solax/intf_can.o
 .debug_abbrev  0x00000000000008c1       0x12 build_solax/startup_stm32l476rgtx.o
 .debug_abbrev  0x00000000000008d3      0x37f build_solax/intf_iso.o
 .debug_abbrev  0x0000000000000c52      0x391 build_solax/intf_usart.o
 .debug_abbrev  0x0000000000000fe3      0x3e4 build_solax/main.o
 .debug_abbrev  0x00000000000013c7      0x2c7 build_solax/intf_i2c.o
 .debug_abbrev  0x000000000000168e      0x2bf build_solax/stm32l4xx_ll_utils.o
 .debug_abbrev  0x000000000000194d      0x24d build_solax/tparse.o

.debug_loc      0x0000000000000000     0xa6e3
 .debug_loc     0x0000000000000000      0xe61 build_solax/solax_bms_interp.o
 .debug_loc     0x0000000000000e61      0x127 build_solax/system_stm32l4xx.o
 .debug_loc     0x0000000000000f88      0xe76 build_solax/intf_can.o
 .debug_loc     0x0000000000001dfe     0x1891 build_solax/intf_iso.o
 .debug_loc     0x000000000000368f     0x40c7 build_solax/intf_usart.o
 .debug_loc     0x0000000000007756      0x72a build_solax/main.o
 .debug_loc     0x0000000000007e80     0x142c build_solax/intf_i2c.o
 .debug_loc     0x00000000000092ac      0x853 build_solax/stm32l4xx_ll_utils.o
 .debug_loc     0x0000000000009aff      0xbe4 build_solax/tparse.o

.debug_aranges  0x0000000000000000      0x418
 .debug_aranges
                0x0000000000000000       0x98 build_solax/solax_bms_interp.o
 .debug_aranges
                0x0000000000000098       0x28 build_solax/system_stm32l4xx.o
 .debug_aranges
                0x00000000000000c0       0x60 build_solax/stm32l4xx_it.o
 .debug_aranges
                0x0000000000000120       0x58 build_solax/intf_can.o
 .debug_aranges
                0x0000000000000178       0x28 build_solax/startup_stm32l476rgtx.o
 .debug_aranges
                0x00000000000001a0       0x68 build_solax/intf_iso.o
 .debug_aranges
                0x0000000000000208       0x68 build_solax/intf_usart.o
 .debug_aranges
                0x0000000000000270       0x40 build_solax/main.o
 .debug_aranges
                0x00000000000002b0       0x40 build_solax/intf_i2c.o
 .debug_aranges
                0x00000000000002f0       0x68 build_solax/stm32l4xx_ll_utils.o
 .debug_aranges
                0x0000000000000358       0xc0 build_solax/tparse.o

.debug_ranges   0x0000000000000000     0x1780
 .debug_ranges  0x0000000000000000       0xb8 build_solax/solax_bms_interp.o
 .debug_ranges  0x00000000000000b8       0x18 build_solax/system_stm32l4xx.o
 .debug_ranges  0x00000000000000d0       0x50 build_solax/stm32l4xx_it.o
 .debug_ranges  0x0000000000000120      0x280 build_solax/intf_can.o
 .debug_ranges  0x00000000000003a0       0x20 build_solax/startup_stm32l476rgtx.o
 .debug_ranges  0x00000000000003c0      0x400 build_solax/intf_iso.o
 .debug_ranges  0x00000000000007c0      0xa78 build_solax/intf_usart.o
 .debug_ranges  0x0000000000001238       0x80 build_solax/main.o
 .debug_ranges  0x00000000000012b8      0x388 build_solax/intf_i2c.o
 .debug_ranges  0x0000000000001640       0x58 build_solax/stm32l4xx_ll_utils.o
 .debug_ranges  0x0000000000001698       0xe8 build_solax/tparse.o

.debug_macro    0x0000000000000000    0x2814b
 .debug_macro   0x0000000000000000      0x457 build_solax/solax_bms_interp.o
 .debug_macro   0x0000000000000457      0xa84 build_solax/solax_bms_interp.o
 .debug_macro   0x0000000000000edb       0x22 build_solax/solax_bms_interp.o
 .debug_macro   0x0000000000000efd       0x4c build_solax/solax_bms_interp.o
 .debug_macro   0x0000000000000f49       0x1e build_solax/solax_bms_interp.o
 .debug_macro   0x0000000000000f67       0x94 build_solax/solax_bms_interp.o
 .debug_macro   0x0000000000000ffb       0x3c build_solax/solax_bms_interp.o
 .debug_macro   0x0000000000001037       0x34 build_solax/solax_bms_interp.o
 .debug_macro   0x000000000000106b      0x174 build_solax/solax_bms_interp.o
 .debug_macro   0x00000000000011df       0x16 build_solax/solax_bms_interp.o
 .debug_macro   0x00000000000011f5       0x43 build_solax/solax_bms_interp.o
 .debug_macro   0x0000000000001238       0x57 build_solax/solax_bms_interp.o
 .debug_macro   0x000000000000128f       0x34 build_solax/solax_bms_interp.o
 .debug_macro   0x00000000000012c3       0x10 build_solax/solax_bms_interp.o
 .debug_macro   0x00000000000012d3       0x58 build_solax/solax_bms_interp.o
 .debug_macro   0x000000000000132b       0x71 build_solax/solax_bms_interp.o
 .debug_macro   0x000000000000139c       0x1c build_solax/solax_bms_interp.o
 .debug_macro   0x00000000000013b8      0x12a build_solax/solax_bms_interp.o
 .debug_macro   0x00000000000014e2      0x341 build_solax/solax_bms_interp.o
 .debug_macro   0x0000000000001823       0x10 build_solax/solax_bms_interp.o
 .debug_macro   0x0000000000001833       0x35 build_solax/solax_bms_interp.o
 .debug_macro   0x0000000000001868      0x1ad build_solax/solax_bms_interp.o
 .debug_macro   0x0000000000001a15       0x2e build_solax/solax_bms_interp.o
 .debug_macro   0x0000000000001a43       0x28 build_solax/solax_bms_interp.o
 .debug_macro   0x0000000000001a6b      0x103 build_solax/solax_bms_interp.o
 .debug_macro   0x0000000000001b6e       0x6a build_solax/solax_bms_interp.o
 .debug_macro   0x0000000000001bd8      0x1df build_solax/solax_bms_interp.o
 .debug_macro   0x0000000000001db7       0x1c build_solax/solax_bms_interp.o
 .debug_macro   0x0000000000001dd3       0x22 build_solax/solax_bms_interp.o
 .debug_macro   0x0000000000001df5       0xfb build_solax/solax_bms_interp.o
 .debug_macro   0x0000000000001ef0     0x1011 build_solax/solax_bms_interp.o
 .debug_macro   0x0000000000002f01      0x11f build_solax/solax_bms_interp.o
 .debug_macro   0x0000000000003020    0x1a17a build_solax/solax_bms_interp.o
 .debug_macro   0x000000000001d19a       0x6d build_solax/solax_bms_interp.o
 .debug_macro   0x000000000001d207     0x38e6 build_solax/solax_bms_interp.o
 .debug_macro   0x0000000000020aed       0x56 build_solax/solax_bms_interp.o
 .debug_macro   0x0000000000020b43     0x159e build_solax/solax_bms_interp.o
 .debug_macro   0x00000000000220e1      0x5a5 build_solax/solax_bms_interp.o
 .debug_macro   0x0000000000022686      0x1b9 build_solax/solax_bms_interp.o
 .debug_macro   0x000000000002283f      0x18b build_solax/solax_bms_interp.o
 .debug_macro   0x00000000000229ca      0x26b build_solax/solax_bms_interp.o
 .debug_macro   0x0000000000022c35      0x23d build_solax/solax_bms_interp.o
 .debug_macro   0x0000000000022e72      0x241 build_solax/solax_bms_interp.o
 .debug_macro   0x00000000000230b3      0x37c build_solax/solax_bms_interp.o
 .debug_macro   0x000000000002342f       0xd6 build_solax/solax_bms_interp.o
 .debug_macro   0x0000000000023505      0x22c build_solax/solax_bms_interp.o
 .debug_macro   0x0000000000023731       0x61 build_solax/solax_bms_interp.o
 .debug_macro   0x0000000000023792       0xa5 build_solax/solax_bms_interp.o
 .debug_macro   0x0000000000023837      0x122 build_solax/solax_bms_interp.o
 .debug_macro   0x0000000000023959      0x3ef build_solax/solax_bms_interp.o
 .debug_macro   0x0000000000023d48      0x2bf build_solax/solax_bms_interp.o
 .debug_macro   0x0000000000024007      0x130 build_solax/solax_bms_interp.o
 .debug_macro   0x0000000000024137      0x5ba build_solax/solax_bms_interp.o
 .debug_macro   0x00000000000246f1       0x44 build_solax/solax_bms_interp.o
 .debug_macro   0x0000000000024735      0x330 build_solax/solax_bms_interp.o
 .debug_macro   0x0000000000024a65      0x2c4 build_solax/solax_bms_interp.o
 .debug_macro   0x0000000000024d29      0x169 build_solax/solax_bms_interp.o
 .debug_macro   0x0000000000024e92      0x2e9 build_solax/solax_bms_interp.o
 .debug_macro   0x000000000002517b      0x6fa build_solax/solax_bms_interp.o
 .debug_macro   0x0000000000025875      0x1bf build_solax/solax_bms_interp.o
 .debug_macro   0x0000000000025a34       0xa7 build_solax/solax_bms_interp.o
 .debug_macro   0x0000000000025adb      0x2f5 build_solax/solax_bms_interp.o
 .debug_macro   0x0000000000025dd0      0x24d build_solax/solax_bms_interp.o
 .debug_macro   0x000000000002601d      0x12b build_solax/solax_bms_interp.o
 .debug_macro   0x0000000000026148       0x52 build_solax/solax_bms_interp.o
 .debug_macro   0x000000000002619a       0x10 build_solax/solax_bms_interp.o
 .debug_macro   0x00000000000261aa       0x1c build_solax/solax_bms_interp.o
 .debug_macro   0x00000000000261c6       0x10 build_solax/solax_bms_interp.o
 .debug_macro   0x00000000000261d6       0x10 build_solax/solax_bms_interp.o
 .debug_macro   0x00000000000261e6       0x1c build_solax/solax_bms_interp.o
 .debug_macro   0x0000000000026202       0x52 build_solax/solax_bms_interp.o
 .debug_macro   0x0000000000026254       0x22 build_solax/solax_bms_interp.o
 .debug_macro   0x0000000000026276       0x10 build_solax/solax_bms_interp.o
 .debug_macro   0x0000000000026286       0x52 build_solax/solax_bms_interp.o
 .debug_macro   0x00000000000262d8       0xd5 build_solax/solax_bms_interp.o
 .debug_macro   0x00000000000263ad       0x1c build_solax/solax_bms_interp.o
 .debug_macro   0x00000000000263c9       0x3d build_solax/solax_bms_interp.o
 .debug_macro   0x0000000000026406       0x16 build_solax/solax_bms_interp.o
 .debug_macro   0x000000000002641c      0x145 build_solax/solax_bms_interp.o
 .debug_macro   0x0000000000026561      0x1d9 build_solax/system_stm32l4xx.o
 .debug_macro   0x000000000002673a       0x8e build_solax/system_stm32l4xx.o
 .debug_macro   0x00000000000267c8       0x51 build_solax/system_stm32l4xx.o
 .debug_macro   0x0000000000026819       0x5c build_solax/system_stm32l4xx.o
 .debug_macro   0x0000000000026875      0x30e build_solax/stm32l4xx_it.o
 .debug_macro   0x0000000000026b83      0x304 build_solax/intf_can.o
 .debug_macro   0x0000000000026e87      0x304 build_solax/intf_iso.o
 .debug_macro   0x000000000002718b      0x304 build_solax/intf_usart.o
 .debug_macro   0x000000000002748f      0x317 build_solax/main.o
 .debug_macro   0x00000000000277a6      0x304 build_solax/intf_i2c.o
 .debug_macro   0x0000000000027aaa      0x2a9 build_solax/stm32l4xx_ll_utils.o
 .debug_macro   0x0000000000027d53       0xa1 build_solax/stm32l4xx_ll_utils.o
 .debug_macro   0x0000000000027df4      0x20d build_solax/stm32l4xx_ll_utils.o
 .debug_macro   0x0000000000028001      0x134 build_solax/tparse.o
 .debug_macro   0x0000000000028135       0x16 build_solax/tparse.o

.debug_line     0x0000000000000000     0xaf59
 .debug_line    0x0000000000000000     0x1446 build_solax/solax_bms_interp.o
 .debug_line    0x0000000000001446      0x6d4 build_solax/system_stm32l4xx.o
 .debug_line    0x0000000000001b1a      0x8d8 build_solax/stm32l4xx_it.o
 .debug_line    0x00000000000023f2     0x10e8 build_solax/intf_can.o
 .debug_line    0x00000000000034da       0x7c build_solax/startup_stm32l476rgtx.o
 .debug_line    0x0000000000003556     0x1485 build_solax/intf_iso.o
 .debug_line    0x00000000000049db     0x258c build_solax/intf_usart.o
 .debug_line    0x0000000000006f67     0x13dc build_solax/main.o
 .debug_line    0x0000000000008343     0x1147 build_solax/intf_i2c.o
 .debug_line    0x000000000000948a      0xd40 build_solax/stm32l4xx_ll_utils.o
 .debug_line    0x000000000000a1ca      0xd8f build_solax/tparse.o

.debug_str      0x0000000000000000    0xf6228
 .debug_str     0x0000000000000000    0xf336c build_solax/solax_bms_interp.o
                                      0xf44c2 (size before relaxing)
 .debug_str     0x00000000000f336c      0x1f6 build_solax/system_stm32l4xx.o
                                      0xe585e (size before relaxing)
 .debug_str     0x00000000000f3562       0xb5 build_solax/stm32l4xx_it.o
                                      0xf2aa7 (size before relaxing)
 .debug_str     0x00000000000f3617      0x707 build_solax/intf_can.o
                                      0xf3382 (size before relaxing)
 .debug_str     0x00000000000f3d1e       0x2a build_solax/startup_stm32l476rgtx.o
                                         0x6e (size before relaxing)
 .debug_str     0x00000000000f3d48      0x45a build_solax/intf_iso.o
                                      0xf3182 (size before relaxing)
 .debug_str     0x00000000000f41a2      0x17a build_solax/intf_usart.o
                                      0xf3131 (size before relaxing)
 .debug_str     0x00000000000f431c      0x342 build_solax/main.o
                                      0xf36d6 (size before relaxing)
 .debug_str     0x00000000000f465e      0x174 build_solax/intf_i2c.o
                                      0xf2e44 (size before relaxing)
 .debug_str     0x00000000000f47d2     0x1936 build_solax/stm32l4xx_ll_utils.o
                                      0xec47b (size before relaxing)
 .debug_str     0x00000000000f6108      0x120 build_solax/tparse.o
                                       0x704d (size before relaxing)

.comment        0x0000000000000000       0x49
 .comment       0x0000000000000000       0x49 build_solax/solax_bms_interp.o
                                         0x4a (size before relaxing)
 .comment       0x0000000000000049       0x4a build_solax/system_stm32l4xx.o
 .comment       0x0000000000000049       0x4a build_solax/stm32l4xx_it.o
 .comment       0x0000000000000049       0x4a build_solax/intf_can.o
 .comment       0x0000000000000049       0x4a build_solax/intf_iso.o
 .comment       0x0000000000000049       0x4a build_solax/intf_usart.o
 .comment       0x0000000000000049       0x4a build_solax/main.o
 .comment       0x0000000000000049       0x4a build_solax/intf_i2c.o
 .comment       0x0000000000000049       0x4a build_solax/stm32l4xx_ll_utils.o
 .comment       0x0000000000000049       0x4a build_solax/tparse.o

.debug_frame    0x0000000000000000      0xe9c
 .debug_frame   0x0000000000000000      0x1c4 build_solax/solax_bms_interp.o
 .debug_frame   0x00000000000001c4       0x30 build_solax/system_stm32l4xx.o
 .debug_frame   0x00000000000001f4       0xa0 build_solax/stm32l4xx_it.o
 .debug_frame   0x0000000000000294       0xfc build_solax/intf_can.o
 .debug_frame   0x0000000000000390       0xf0 build_solax/intf_iso.o
 .debug_frame   0x0000000000000480      0x128 build_solax/intf_usart.o
 .debug_frame   0x00000000000005a8       0x9c build_solax/main.o
 .debug_frame   0x0000000000000644       0x94 build_solax/intf_i2c.o
 .debug_frame   0x00000000000006d8       0xf4 build_solax/stm32l4xx_ll_utils.o
 .debug_frame   0x00000000000007cc      0x258 build_solax/tparse.o
 .debug_frame   0x0000000000000a24       0x2c /home/oto/workspace/projects/tacos-buildenv/compilers/gcc/arm/gcc-arm-none-eabi-10.3-2021.10/bin/../lib/gcc/arm-none-eabi/10.3.1/../../../../arm-none-eabi/lib/thumb/v7e-m+fp/hard/libc_nano.a(lib_a-init.o)
 .debug_frame   0x0000000000000a50       0x28 /home/oto/workspace/projects/tacos-buildenv/compilers/gcc/arm/gcc-arm-none-eabi-10.3-2021.10/bin/../lib/gcc/arm-none-eabi/10.3.1/../../../../arm-none-eabi/lib/thumb/v7e-m+fp/hard/libc_nano.a(lib_a-memcmp.o)
 .debug_frame   0x0000000000000a78       0x28 /home/oto/workspace/projects/tacos-buildenv/compilers/gcc/arm/gcc-arm-none-eabi-10.3-2021.10/bin/../lib/gcc/arm-none-eabi/10.3.1/../../../../arm-none-eabi/lib/thumb/v7e-m+fp/hard/libc_nano.a(lib_a-memmove.o)
 .debug_frame   0x0000000000000aa0       0x20 /home/oto/workspace/projects/tacos-buildenv/compilers/gcc/arm/gcc-arm-none-eabi-10.3-2021.10/bin/../lib/gcc/arm-none-eabi/10.3.1/../../../../arm-none-eabi/lib/thumb/v7e-m+fp/hard/libc_nano.a(lib_a-memset.o)
 .debug_frame   0x0000000000000ac0       0x7c /home/oto/workspace/projects/tacos-buildenv/compilers/gcc/arm/gcc-arm-none-eabi-10.3-2021.10/bin/../lib/gcc/arm-none-eabi/10.3.1/../../../../arm-none-eabi/lib/thumb/v7e-m+fp/hard/libc_nano.a(lib_a-snprintf.o)
 .debug_frame   0x0000000000000b3c       0x90 /home/oto/workspace/projects/tacos-buildenv/compilers/gcc/arm/gcc-arm-none-eabi-10.3-2021.10/bin/../lib/gcc/arm-none-eabi/10.3.1/../../../../arm-none-eabi/lib/thumb/v7e-m+fp/hard/libc_nano.a(lib_a-nano-svfprintf.o)
 .debug_frame   0x0000000000000bcc       0x60 /home/oto/workspace/projects/tacos-buildenv/compilers/gcc/arm/gcc-arm-none-eabi-10.3-2021.10/bin/../lib/gcc/arm-none-eabi/10.3.1/../../../../arm-none-eabi/lib/thumb/v7e-m+fp/hard/libc_nano.a(lib_a-nano-vfprintf_i.o)
 .debug_frame   0x0000000000000c2c       0x28 /home/oto/workspace/projects/tacos-buildenv/compilers/gcc/arm/gcc-arm-none-eabi-10.3-2021.10/bin/../lib/gcc/arm-none-eabi/10.3.1/../../../../arm-none-eabi/lib/thumb/v7e-m+fp/hard/libc_nano.a(lib_a-memcpy-stub.o)
 .debug_frame   0x0000000000000c54       0x38 /home/oto/workspace/projects/tacos-buildenv/compilers/gcc/arm/gcc-arm-none-eabi-10.3-2021.10/bin/../lib/gcc/arm-none-eabi/10.3.1/../../../../arm-none-eabi/lib/thumb/v7e-m+fp/hard/libc_nano.a(lib_a-nano-freer.o)
 .debug_frame   0x0000000000000c8c       0x4c /home/oto/workspace/projects/tacos-buildenv/compilers/gcc/arm/gcc-arm-none-eabi-10.3-2021.10/bin/../lib/gcc/arm-none-eabi/10.3.1/../../../../arm-none-eabi/lib/thumb/v7e-m+fp/hard/libc_nano.a(lib_a-nano-mallocr.o)
 .debug_frame   0x0000000000000cd8       0x3c /home/oto/workspace/projects/tacos-buildenv/compilers/gcc/arm/gcc-arm-none-eabi-10.3-2021.10/bin/../lib/gcc/arm-none-eabi/10.3.1/../../../../arm-none-eabi/lib/thumb/v7e-m+fp/hard/libc_nano.a(lib_a-nano-reallocr.o)
 .debug_frame   0x0000000000000d14       0x2c /home/oto/workspace/projects/tacos-buildenv/compilers/gcc/arm/gcc-arm-none-eabi-10.3-2021.10/bin/../lib/gcc/arm-none-eabi/10.3.1/../../../../arm-none-eabi/lib/thumb/v7e-m+fp/hard/libc_nano.a(lib_a-sbrkr.o)
 .debug_frame   0x0000000000000d40       0x30 /home/oto/workspace/projects/tacos-buildenv/compilers/gcc/arm/gcc-arm-none-eabi-10.3-2021.10/bin/../lib/gcc/arm-none-eabi/10.3.1/../../../../arm-none-eabi/lib/thumb/v7e-m+fp/hard/libc_nano.a(lib_a-mlock.o)
 .debug_frame   0x0000000000000d70       0x20 /home/oto/workspace/projects/tacos-buildenv/compilers/gcc/arm/gcc-arm-none-eabi-10.3-2021.10/bin/../lib/gcc/arm-none-eabi/10.3.1/../../../../arm-none-eabi/lib/thumb/v7e-m+fp/hard/libc_nano.a(lib_a-nano-msizer.o)
 .debug_frame   0x0000000000000d90       0x5c /home/oto/workspace/projects/tacos-buildenv/compilers/gcc/arm/gcc-arm-none-eabi-10.3-2021.10/bin/../lib/gcc/arm-none-eabi/10.3.1/../../../../arm-none-eabi/lib/thumb/v7e-m+fp/hard/libc_nano.a(lib_a-reent.o)
 .debug_frame   0x0000000000000dec       0xb0 /home/oto/workspace/projects/tacos-buildenv/compilers/gcc/arm/gcc-arm-none-eabi-10.3-2021.10/bin/../lib/gcc/arm-none-eabi/10.3.1/../../../../arm-none-eabi/lib/thumb/v7e-m+fp/hard/libc_nano.a(lib_a-lock.o)
