Archive member included to satisfy reference by file (symbol)

/usr/lib/gcc/arm-none-eabi/14.2.1/../../../arm-none-eabi/lib/thumb/v6-m/nofp/libc_nano.a(libc_a-strlen-stub.o)
                              build_solax/intf_usart.o (strlen)
/usr/lib/gcc/arm-none-eabi/14.2.1/../../../arm-none-eabi/lib/thumb/v6-m/nofp/libc_nano.a(libc_a-memmove.o)
                              build_solax/solax_bms_interp.o (memmove)
/usr/lib/gcc/arm-none-eabi/14.2.1/../../../arm-none-eabi/lib/thumb/v6-m/nofp/libc_nano.a(libc_a-init.o)
                              /usr/lib/gcc/arm-none-eabi/14.2.1/../../../arm-none-eabi/lib/thumb/v6-m/nofp/crt0.o (__libc_init_array)
/usr/lib/gcc/arm-none-eabi/14.2.1/../../../arm-none-eabi/lib/thumb/v6-m/nofp/libc_nano.a(libc_a-strstr.o)
                              build_solax/solax_bms_interp.o (strstr)
/usr/lib/gcc/arm-none-eabi/14.2.1/../../../arm-none-eabi/lib/thumb/v6-m/nofp/libc_nano.a(libc_a-memset.o)
                              /usr/lib/gcc/arm-none-eabi/14.2.1/../../../arm-none-eabi/lib/thumb/v6-m/nofp/crt0.o (memset)
/usr/lib/gcc/arm-none-eabi/14.2.1/../../../arm-none-eabi/lib/thumb/v6-m/nofp/libc_nano.a(libc_a-memcmp.o)
                              build_solax/tparse.o (memcmp)
/usr/lib/gcc/arm-none-eabi/14.2.1/../../../arm-none-eabi/lib/thumb/v6-m/nofp/libc_nano.a(libc_a-strnlen.o)
                              /usr/lib/gcc/arm-none-eabi/14.2.1/../../../arm-none-eabi/lib/thumb/v6-m/nofp/libc_nano.a(libc_a-strstr.o) (strnlen)
/usr/lib/gcc/arm-none-eabi/14.2.1/../../../arm-none-eabi/lib/thumb/v6-m/nofp/libc_nano.a(libc_a-exit.o)
                              /usr/lib/gcc/arm-none-eabi/14.2.1/../../../arm-none-eabi/lib/thumb/v6-m/nofp/crt0.o (exit)
/usr/lib/gcc/arm-none-eabi/14.2.1/../../../arm-none-eabi/lib/thumb/v6-m/nofp/libc_nano.a(libc_a-atexit.o)
                              /usr/lib/gcc/arm-none-eabi/14.2.1/../../../arm-none-eabi/lib/thumb/v6-m/nofp/crt0.o (atexit)
/usr/lib/gcc/arm-none-eabi/14.2.1/../../../arm-none-eabi/lib/thumb/v6-m/nofp/libc_nano.a(libc_a-snprintf.o)
                              build_solax/solax_bms_interp.o (snprintf)
/usr/lib/gcc/arm-none-eabi/14.2.1/../../../arm-none-eabi/lib/thumb/v6-m/nofp/libc_nano.a(libc_a-fini.o)
                              /usr/lib/gcc/arm-none-eabi/14.2.1/../../../arm-none-eabi/lib/thumb/v6-m/nofp/crt0.o (__libc_fini_array)
/usr/lib/gcc/arm-none-eabi/14.2.1/../../../arm-none-eabi/lib/thumb/v6-m/nofp/libc_nano.a(libc_a-strchr.o)
                              /usr/lib/gcc/arm-none-eabi/14.2.1/../../../arm-none-eabi/lib/thumb/v6-m/nofp/libc_nano.a(libc_a-strstr.o) (strchr)
/usr/lib/gcc/arm-none-eabi/14.2.1/../../../arm-none-eabi/lib/thumb/v6-m/nofp/libc_nano.a(libc_a-nano-svfprintf.o)
                              /usr/lib/gcc/arm-none-eabi/14.2.1/../../../arm-none-eabi/lib/thumb/v6-m/nofp/libc_nano.a(libc_a-snprintf.o) (_svfprintf_r)
/usr/lib/gcc/arm-none-eabi/14.2.1/../../../arm-none-eabi/lib/thumb/v6-m/nofp/libc_nano.a(libc_a-memchr-stub.o)
                              /usr/lib/gcc/arm-none-eabi/14.2.1/../../../arm-none-eabi/lib/thumb/v6-m/nofp/libc_nano.a(libc_a-nano-svfprintf.o) (memchr)
/usr/lib/gcc/arm-none-eabi/14.2.1/../../../arm-none-eabi/lib/thumb/v6-m/nofp/libc_nano.a(libc_a-findfp.o)
                              /usr/lib/gcc/arm-none-eabi/14.2.1/../../../arm-none-eabi/lib/thumb/v6-m/nofp/libc_nano.a(libc_a-exit.o) (__stdio_exit_handler)
/usr/lib/gcc/arm-none-eabi/14.2.1/../../../arm-none-eabi/lib/thumb/v6-m/nofp/libc_nano.a(libc_a-fflush.o)
                              /usr/lib/gcc/arm-none-eabi/14.2.1/../../../arm-none-eabi/lib/thumb/v6-m/nofp/libc_nano.a(libc_a-findfp.o) (_fflush_r)
/usr/lib/gcc/arm-none-eabi/14.2.1/../../../arm-none-eabi/lib/thumb/v6-m/nofp/libc_nano.a(libc_a-mallocr.o)
                              /usr/lib/gcc/arm-none-eabi/14.2.1/../../../arm-none-eabi/lib/thumb/v6-m/nofp/libc_nano.a(libc_a-nano-svfprintf.o) (_malloc_r)
/usr/lib/gcc/arm-none-eabi/14.2.1/../../../arm-none-eabi/lib/thumb/v6-m/nofp/libc_nano.a(libc_a-freer.o)
                              /usr/lib/gcc/arm-none-eabi/14.2.1/../../../arm-none-eabi/lib/thumb/v6-m/nofp/libc_nano.a(libc_a-nano-svfprintf.o) (_free_r)
/usr/lib/gcc/arm-none-eabi/14.2.1/../../../arm-none-eabi/lib/thumb/v6-m/nofp/libc_nano.a(libc_a-fwalk.o)
                              /usr/lib/gcc/arm-none-eabi/14.2.1/../../../arm-none-eabi/lib/thumb/v6-m/nofp/libc_nano.a(libc_a-findfp.o) (_fwalk_sglue)
/usr/lib/gcc/arm-none-eabi/14.2.1/../../../arm-none-eabi/lib/thumb/v6-m/nofp/libc_nano.a(libc_a-__atexit.o)
                              /usr/lib/gcc/arm-none-eabi/14.2.1/../../../arm-none-eabi/lib/thumb/v6-m/nofp/libc_nano.a(libc_a-atexit.o) (__register_exitproc)
/usr/lib/gcc/arm-none-eabi/14.2.1/../../../arm-none-eabi/lib/thumb/v6-m/nofp/libc_nano.a(libc_a-impure.o)
                              /usr/lib/gcc/arm-none-eabi/14.2.1/../../../arm-none-eabi/lib/thumb/v6-m/nofp/libc_nano.a(libc_a-snprintf.o) (_impure_ptr)
[...]
Memory Configuration

Name             Origin             Length             Attributes
RAM              0x20000000         0x00080000         xrw
FLASH            0x08000000         0x00200000         xr
*default*        0x00000000         0xffffffff

Linker script and memory map

LOAD /usr/lib/gcc/arm-none-eabi/14.2.1/thumb/v6-m/nofp/crti.o
LOAD /usr/lib/gcc/arm-none-eabi/14.2.1/thumb/v6-m/nofp/crtbegin.o
LOAD /usr/lib/gcc/arm-none-eabi/14.2.1/../../../arm-none-eabi/lib/thumb/v6-m/nofp/crt0.o
LOAD build_solax/solax_bms_interp.o
LOAD build_solax/startup_stm32f767xx.o
LOAD build_solax/iso7816.o
LOAD build_solax/intf_can.o
LOAD build_solax/stm32f7xx_it.o
LOAD build_solax/intf_usart.o
LOAD build_solax/intf_gpio.o
LOAD build_solax/main.o
LOAD build_solax/system_stm32f7xx.o
LOAD build_solax/intf_i2c.o
LOAD build_solax/stm32f7xx_hal_dma_ex.o
LOAD build_solax/stm32f7xx_hal_dcmi.o
LOAD build_solax/stm32f7xx_ll_pwr.o
LOAD build_solax/stm32f7xx_hal_tim.o
LOAD build_solax/stm32f7xx_ll_rcc.o
LOAD build_solax/stm32f7xx_ll_dac.o
LOAD build_solax/stm32f7xx_hal_adc_ex.o
LOAD build_solax/stm32f7xx_hal_cortex.o
LOAD build_solax/stm32f7xx_hal_mdios.o
LOAD build_solax/stm32f7xx_ll_sdmmc.o
LOAD build_solax/stm32f7xx_hal_spdifrx.o
LOAD build_solax/stm32f7xx_hal_mmc.o
LOAD build_solax/stm32f7xx_hal_sdram.o
LOAD build_solax/stm32f7xx_ll_adc.o
LOAD build_solax/stm32f7xx_ll_rtc.o
LOAD build_solax/stm32f7xx_hal_uart_ex.o
LOAD build_solax/stm32f7xx_hal_pcd.o
LOAD build_solax/stm32f7xx_ll_gpio.o
LOAD build_solax/stm32f7xx_hal_dsi.o
LOAD build_solax/stm32f7xx_hal_tim_ex.o
LOAD build_solax/stm32f7xx_hal_usart.o
LOAD build_solax/stm32f7xx_hal_uart.o
LOAD build_solax/stm32f7xx_hal_pcd_ex.o
LOAD build_solax/stm32f7xx_hal_nand.o
LOAD build_solax/stm32f7xx_hal_can.o
LOAD build_solax/stm32f7xx_ll_i2c.o
LOAD build_solax/stm32f7xx_hal_sd.o
LOAD build_solax/stm32f7xx_hal_rtc_ex.o
LOAD build_solax/stm32f7xx_ll_dma2d.o
LOAD build_solax/stm32f7xx_hal_sram.o
LOAD build_solax/stm32f7xx_hal_adc.o
LOAD build_solax/stm32f7xx_hal_crc_ex.o
LOAD build_solax/stm32f7xx_ll_usb.o
LOAD build_solax/stm32f7xx_hal_lptim.o
LOAD build_solax/stm32f7xx_hal_smbus.o
LOAD build_solax/stm32f7xx_ll_fmc.o
LOAD build_solax/stm32f7xx_hal_sai_ex.o
LOAD build_solax/stm32f7xx_hal_spi_ex.o
LOAD build_solax/stm32f7xx_ll_spi.o
LOAD build_solax/stm32f7xx_hal_flash_ex.o
LOAD build_solax/stm32f7xx_hal_i2s.o
LOAD build_solax/stm32f7xx_ll_exti.o
LOAD build_solax/stm32f7xx_hal_irda.o
LOAD build_solax/stm32f7xx_hal_spi.o
LOAD build_solax/stm32f7xx_ll_utils.o
LOAD build_solax/stm32f7xx_hal_dfsdm.o
LOAD build_solax/stm32f7xx_hal_dma2d.o
LOAD build_solax/stm32f7xx_hal.o
LOAD build_solax/stm32f7xx_hal_cryp_ex.o
LOAD build_solax/stm32f7xx_hal_flash.o
LOAD build_solax/stm32f7xx_hal_iwdg.o
LOAD build_solax/stm32f7xx_hal_nor.o
LOAD build_solax/stm32f7xx_hal_rcc_ex.o
LOAD build_solax/stm32f7xx_hal_sai.o
LOAD build_solax/stm32f7xx_hal_ltdc.o
LOAD build_solax/stm32f7xx_hal_hash.o
LOAD build_solax/stm32f7xx_hal_jpeg.o
LOAD build_solax/stm32f7xx_hal_gpio.o
LOAD build_solax/stm32f7xx_hal_i2c.o
LOAD build_solax/stm32f7xx_hal_smartcard.o
LOAD build_solax/stm32f7xx_hal_qspi.o
LOAD build_solax/stm32f7xx_ll_dma.o
LOAD build_solax/stm32f7xx_ll_rng.o
LOAD build_solax/stm32f7xx_hal_pwr_ex.o
LOAD build_solax/stm32f7xx_hal_ltdc_ex.o
LOAD build_solax/stm32f7xx_hal_crc.o
LOAD build_solax/stm32f7xx_hal_hash_ex.o
LOAD build_solax/stm32f7xx_hal_exti.o
LOAD build_solax/stm32f7xx_ll_tim.o
LOAD build_solax/stm32f7xx_hal_dac.o
LOAD build_solax/stm32f7xx_hal_cec.o
LOAD build_solax/stm32f7xx_hal_rtc.o
LOAD build_solax/stm32f7xx_hal_cryp.o
LOAD build_solax/stm32f7xx_hal_dma.o
LOAD build_solax/stm32f7xx_hal_dac_ex.o
LOAD build_solax/stm32f7xx_hal_smartcard_ex.o
LOAD build_solax/stm32f7xx_hal_rcc.o
LOAD build_solax/stm32f7xx_ll_lptim.o
LOAD build_solax/stm32f7xx_hal_dcmi_ex.o
LOAD build_solax/stm32f7xx_hal_rng.o
LOAD build_solax/stm32f7xx_hal_pwr.o
LOAD build_solax/stm32f7xx_ll_usart.o
LOAD build_solax/stm32f7xx_hal_i2c_ex.o
LOAD build_solax/stm32f7xx_hal_wwdg.o
LOAD build_solax/stm32f7xx_hal_hcd.o
LOAD build_solax/stm32f7xx_ll_crc.o
LOAD build_solax/stm32f7xx_hal_eth.o
LOAD build_solax/tparse.o
LOAD /usr/lib/gcc/arm-none-eabi/14.2.1/../../../arm-none-eabi/lib/thumb/v6-m/nofp/libm.a
LOAD /usr/lib/gcc/arm-none-eabi/14.2.1/../../../arm-none-eabi/lib/thumb/v6-m/nofp/libc_nano.a
START GROUP
LOAD /usr/lib/gcc/arm-none-eabi/14.2.1/thumb/v6-m/nofp/libgcc.a
LOAD /usr/lib/gcc/arm-none-eabi/14.2.1/../../../arm-none-eabi/lib/thumb/v6-m/nofp/libc_nano.a
END GROUP
START GROUP
LOAD /usr/lib/gcc/arm-none-eabi/14.2.1/thumb/v6-m/nofp/libgcc.a
LOAD /usr/lib/gcc/arm-none-eabi/14.2.1/../../../arm-none-eabi/lib/thumb/v6-m/nofp/libc_nano.a
END GROUP
LOAD /usr/lib/gcc/arm-none-eabi/14.2.1/thumb/v6-m/nofp/crtend.o
LOAD /usr/lib/gcc/arm-none-eabi/14.2.1/thumb/v6-m/nofp/crtn.o
                0x20080000                        _estack = (ORIGIN (RAM) + LENGTH (RAM))
                0x00000200                        _Min_Heap_Size = 0x200
                0x00000400                        _Min_Stack_Size = 0x400

.isr_vector     0x08000000      0x1f8
                0x08000000                        . = ALIGN (0x4)
 *(.isr_vector)
 .isr_vector    0x08000000      0x1f8 build_solax/startup_stm32f767xx.o
                0x08000000                g_pfnVectors
                0x080001f8                        . = ALIGN (0x4)

.text           0x080001f8     0x6034
                0x080001f8                        . = ALIGN (0x4)
 *(.text)
 .text          0x080001f8       0x98 /usr/lib/gcc/arm-none-eabi/14.2.1/thumb/v6-m/nofp/crtbegin.o
 .text          0x08000290       0x5c /usr/lib/gcc/arm-none-eabi/14.2.1/../../../arm-none-eabi/lib/thumb/v6-m/nofp/libc_nano.a(libc_a-strlen-stub.o)
                0x08000290                strlen
 .text          0x080002ec       0xb0 /usr/lib/gcc/arm-none-eabi/14.2.1/../../../arm-none-eabi/lib/thumb/v6-m/nofp/libc_nano.a(libc_a-memmove.o)
                0x080002ec                memmove
 .text          0x0800039c       0x48 /usr/lib/gcc/arm-none-eabi/14.2.1/../../../arm-none-eabi/lib/thumb/v6-m/nofp/libc_nano.a(libc_a-init.o)
                0x0800039c                __libc_init_array
 .text          0x080003e4      0x600 /usr/lib/gcc/arm-none-eabi/14.2.1/../../../arm-none-eabi/lib/thumb/v6-m/nofp/libc_nano.a(libc_a-strstr.o)
                0x08000868                strstr
 .text          0x080009e4       0xa8 /usr/lib/gcc/arm-none-eabi/14.2.1/../../../arm-none-eabi/lib/thumb/v6-m/nofp/libc_nano.a(libc_a-memset.o)
                0x080009e4                memset
 .text          0x08000a8c       0x48 /usr/lib/gcc/arm-none-eabi/14.2.1/../../../arm-none-eabi/lib/thumb/v6-m/nofp/libc_nano.a(libc_a-memcmp.o)
                0x08000a8c                memcmp
 .text          0x08000ad4       0x24 /usr/lib/gcc/arm-none-eabi/14.2.1/../../../arm-none-eabi/lib/thumb/v6-m/nofp/libc_nano.a(libc_a-strnlen.o)
                0x08000ad4                strnlen
 .text          0x08000af8      0x100 /usr/lib/gcc/arm-none-eabi/14.2.1/../../../arm-none-eabi/lib/thumb/v6-m/nofp/libc_nano.a(libc_a-snprintf.o)
                0x08000af8                _sniprintf_r
                0x08000af8                _snprintf_r
                0x08000b74                snprintf
                0x08000b74                sniprintf
 .text          0x08000bf8       0xc4 /usr/lib/gcc/arm-none-eabi/14.2.1/../../../arm-none-eabi/lib/thumb/v6-m/nofp/libc_nano.a(libc_a-strchr.o)
                0x08000bf8                strchr
 .text          0x08000cbc      0x430 /usr/lib/gcc/arm-none-eabi/14.2.1/../../../arm-none-eabi/lib/thumb/v6-m/nofp/libc_nano.a(libc_a-nano-svfprintf.o)
                0x08000cbc                __ssputs_r
                0x08000d8c                __ssprint_r
                0x08000ea4                _svfprintf_r
                0x08000ea4                _svfiprintf_r
 .text          0x080010ec       0x74 /usr/lib/gcc/arm-none-eabi/14.2.1/../../../arm-none-eabi/lib/thumb/v6-m/nofp/libc_nano.a(libc_a-memchr-stub.o)
                0x080010ec                memchr
 .text          0x08001160      0x158 /usr/lib/gcc/arm-none-eabi/14.2.1/../../../arm-none-eabi/lib/thumb/v6-m/nofp/libc_nano.a(libc_a-mallocr.o)
                0x080011a8                _malloc_r
 .text          0x080012b8       0xb8 /usr/lib/gcc/arm-none-eabi/14.2.1/../../../arm-none-eabi/lib/thumb/v6-m/nofp/libc_nano.a(libc_a-freer.o)
                0x080012b8                _free_r
 .text          0x08001370       0x78 /usr/lib/gcc/arm-none-eabi/14.2.1/../../../arm-none-eabi/lib/thumb/v6-m/nofp/libc_nano.a(libc_a-reallocr.o)
                0x08001370                _realloc_r
 .text          0x080013e8      0x3a8 /usr/lib/gcc/arm-none-eabi/14.2.1/../../../arm-none-eabi/lib/thumb/v6-m/nofp/libc_nano.a(libc_a-nano-vfprintf_i.o)
                0x080013e8                _printf_common
                0x08001530                _printf_i
 .text          0x08001790        0x8 /usr/lib/gcc/arm-none-eabi/14.2.1/../../../arm-none-eabi/lib/thumb/v6-m/nofp/libc_nano.a(libc_a-mlock.o)
                0x08001790                __malloc_lock
                0x08001794                __malloc_unlock
 .text          0x08001798       0x8c /usr/lib/gcc/arm-none-eabi/14.2.1/../../../arm-none-eabi/lib/thumb/v6-m/nofp/libc_nano.a(libc_a-memcpy-stub.o)
                0x08001798                memcpy
 .text          0x08001824       0x24 /usr/lib/gcc/arm-none-eabi/14.2.1/../../../arm-none-eabi/lib/thumb/v6-m/nofp/libc_nano.a(libc_a-sbrkr.o)
                0x08001824                _sbrk_r
 .text          0x08001848       0x14 /usr/lib/gcc/arm-none-eabi/14.2.1/../../../arm-none-eabi/lib/thumb/v6-m/nofp/libc_nano.a(libc_a-msizer.o)
                0x08001848                _malloc_usable_size_r
 .text          0x0800185c      0x114 /usr/lib/gcc/arm-none-eabi/14.2.1/thumb/v6-m/nofp/libgcc.a(_udivsi3.o)
                0x0800185c                __udivsi3
                0x0800185c                __aeabi_uidiv
                0x08001968                __aeabi_uidivmod
 .text          0x08001970      0x1d4 /usr/lib/gcc/arm-none-eabi/14.2.1/thumb/v6-m/nofp/libgcc.a(_divsi3.o)
                0x08001970                __aeabi_idiv
                0x08001970                __divsi3
                0x08001b3c                __aeabi_idivmod
 .text          0x08001b44        0x4 /usr/lib/gcc/arm-none-eabi/14.2.1/thumb/v6-m/nofp/libgcc.a(_dvmd_tls.o)
                0x08001b44                __aeabi_ldiv0
                0x08001b44                __aeabi_idiv0
 .text          0x08001b48       0x3c /usr/lib/gcc/arm-none-eabi/14.2.1/thumb/v6-m/nofp/libgcc.a(_clzsi2.o)
                0x08001b48                __clzsi2
 *(.text*)
 .text.__NVIC_SystemReset
                0x08001b84       0x24 build_solax/solax_bms_interp.o
 .text.LL_GPIO_SetPinMode
                0x08001ba8       0x6a build_solax/solax_bms_interp.o
 .text.LL_GPIO_SetAFPin_8_15
                0x08001c12       0x6a build_solax/solax_bms_interp.o
 .text.LL_GPIO_SetPinSpeed
                0x08001c7c       0x6a build_solax/solax_bms_interp.o
 .text.LL_GPIO_SetPinPull
                0x08001ce6       0x6a build_solax/solax_bms_interp.o
 .text._sbrk    0x08001d50        0x2 build_solax/solax_bms_interp.o
                0x08001d50                _sbrk
 *fill*         0x08001d52        0x2 
 .text.master_log
                0x08001d54       0x18 build_solax/solax_bms_interp.o
                0x08001d54                master_log
 .text.master_log_mem
                0x08001d6c       0x1c build_solax/solax_bms_interp.o
                0x08001d6c                master_log_mem
 .text.master_log_hex
                0x08001d88       0x1c build_solax/solax_bms_interp.o
                0x08001d88                master_log_hex
 .text.master_log_can
                0x08001da4       0x90 build_solax/solax_bms_interp.o
                0x08001da4                master_log_can
 .text.can_solax_tx_log
                0x08001e34       0x34 build_solax/solax_bms_interp.o
                0x08001e34                can_solax_tx_log
 .text.can_bms_tx_log
                0x08001e68       0x34 build_solax/solax_bms_interp.o
                0x08001e68                can_bms_tx_log
 .text.solax_pw_queue_pop
                0x08001e9c       0x24 build_solax/solax_bms_interp.o
                0x08001e9c                solax_pw_queue_pop
 .text.solax_pw_queue_free
                0x08001ec0       0x24 build_solax/solax_bms_interp.o
                0x08001ec0                solax_pw_queue_free
 .text.solax_pw_queue_push
                0x08001ee4       0x38 build_solax/solax_bms_interp.o
                0x08001ee4                solax_pw_queue_push
 .text.pylontech_cache_clear
                0x08001f1c       0x14 build_solax/solax_bms_interp.o
                0x08001f1c                pylontech_cache_clear
 .text.pylontech_cache_set
                0x08001f30       0xa8 build_solax/solax_bms_interp.o
                0x08001f30                pylontech_cache_set
 .text.offgrid_switch
                0x08001fd8       0x1a build_solax/solax_bms_interp.o
                0x08001fd8                offgrid_switch
 *fill*         0x08001ff2        0x2 
 .text.transcharge_enable
                0x08001ff4       0x40 build_solax/solax_bms_interp.o
                0x08001ff4                transcharge_enable
 .text.transcharge_disable_all
                0x08002034       0x24 build_solax/solax_bms_interp.o
                0x08002034                transcharge_disable_all
 .text.transcharge_auto_run
                0x08002058      0x1b8 build_solax/solax_bms_interp.o
                0x08002058                transcharge_auto_run
 .text.I2C_Slave_Match_Callback
                0x08002210        0xc build_solax/solax_bms_interp.o
                0x08002210                I2C_Slave_Match_Callback
 .text.I2C_Slave_Reception_Callback
                0x0800221c      0x5c8 build_solax/solax_bms_interp.o
                0x0800221c                I2C_Slave_Reception_Callback
 .text.I2C_Slave_Ready_To_Transmit_Callback
                0x080027e4       0x34 build_solax/solax_bms_interp.o
                0x080027e4                I2C_Slave_Ready_To_Transmit_Callback
 .text.I2C_Error_Callback
                0x08002818       0x1c build_solax/solax_bms_interp.o
                0x08002818                I2C_Error_Callback
 .text.I2CS_EV_IRQHandler
                0x08002834       0x98 build_solax/solax_bms_interp.o
                0x08002834                I2CS_EV_IRQHandler
 .text.I2CS_ER_IRQHandler
                0x080028cc       0x4c build_solax/solax_bms_interp.o
                0x080028cc                I2CS_ER_IRQHandler
 .text.Configure_I2C_Slave
                0x08002918      0x124 build_solax/solax_bms_interp.o
                0x08002918                Configure_I2C_Slave
 .text.solax_compute_maxcharge
                0x08002a3c      0x20c build_solax/solax_bms_interp.o
                0x08002a3c                solax_compute_maxcharge
 .text.solax_process_data
                0x08002c48      0x1dc build_solax/solax_bms_interp.o
                0x08002c48                solax_process_data
 .text.interp   0x08002e24     0x1554 build_solax/solax_bms_interp.o
                0x08002e24                interp
 .text.Reset_Handler
                0x08004378       0x50 build_solax/startup_stm32f767xx.o
                0x08004378                Reset_Handler
 .text.can_rx   0x080043c8       0xde build_solax/intf_can.o
 *fill*         0x080044a6        0x2 
 .text.can_get_idx
                0x080044a8       0x14 build_solax/intf_can.o
                0x080044a8                can_get_idx
 .text.can_tx   0x080044bc      0x104 build_solax/intf_can.o
                0x080044bc                can_tx
 .text.CAN_IRQHandler_init
                0x080045c0       0x18 build_solax/intf_can.o
                0x080045c0                CAN_IRQHandler_init
 .text.Configure_CAN_generic
                0x080045d8      0x120 build_solax/intf_can.o
 .text.CANx_RXy_IRQHandler
                0x080046f8       0x88 build_solax/intf_can.o
                0x080046f8                CANx_RXy_IRQHandler
 .text.CAN1_RX0_IRQHandler
                0x08004780       0x10 build_solax/intf_can.o
                0x08004780                CAN1_RX0_IRQHandler
 .text.CAN1_RX1_IRQHandler
                0x08004790       0x10 build_solax/intf_can.o
                0x08004790                CAN1_RX1_IRQHandler
 .text.CAN3_RX0_IRQHandler
                0x080047a0       0x10 build_solax/intf_can.o
                0x080047a0                CAN3_RX0_IRQHandler
 .text.CAN3_RX1_IRQHandler
                0x080047b0       0x10 build_solax/intf_can.o
                0x080047b0                CAN3_RX1_IRQHandler
 .text.can_fifo_avail
                0x080047c0       0x24 build_solax/intf_can.o
                0x080047c0                can_fifo_avail
 .text.can_fifo_rx
                0x080047e4       0xac build_solax/intf_can.o
                0x080047e4                can_fifo_rx
 .text.Configure_CAN1
                0x08004890      0x2c4 build_solax/intf_can.o
                0x08004890                Configure_CAN1
 .text.Configure_CAN3
                0x08004b54      0x2e8 build_solax/intf_can.o
                0x08004b54                Configure_CAN3
 .text.NMI_Handler
                0x08004e3c       0x10 build_solax/stm32f7xx_it.o
                0x08004e3c                NMI_Handler
 .text.SysTick_Handler
                0x08004e4c       0x10 build_solax/stm32f7xx_it.o
                0x08004e4c                SysTick_Handler
 .text.uart_select_intf
                0x08004e5c        0xc build_solax/intf_usart.o
                0x08004e5c                uart_select_intf
 .text.uart_send_mem
                0x08004e68       0x74 build_solax/intf_usart.o
                0x08004e68                uart_send_mem
 .text.uart_send
                0x08004edc       0x12 build_solax/intf_usart.o
                0x08004edc                uart_send
 .text.n2h      0x08004eee       0x10 build_solax/intf_usart.o
                0x08004eee                n2h
 .text.uart_send_hex
                0x08004efe       0x42 build_solax/intf_usart.o
                0x08004efe                uart_send_hex
 .text.Configure_USBVCP
                0x08004f40      0x400 build_solax/intf_usart.o
                0x08004f40                Configure_USBVCP
 .text.Configure_UARTPW
                0x08005340      0x440 build_solax/intf_usart.o
                0x08005340                Configure_UARTPW
 .text.Configure_UARTBMS
                0x08005780      0x440 build_solax/intf_usart.o
                0x08005780                Configure_UARTBMS
 .text.gpio_set
                0x08005bc0      0x12c build_solax/intf_gpio.o
                0x08005bc0                gpio_set
 .text.tparse_al_time
                0x08005cec        0xc build_solax/main.o
                0x08005cec                tparse_al_time
 .text.main     0x08005cf8        0x8 build_solax/main.o
                0x08005cf8                main
 .text.SystemInit
                0x08005d00        0x2 build_solax/system_stm32f7xx.o
                0x08005d00                SystemInit
 *fill*         0x08005d02        0x2 
 .text.LL_mDelay
                0x08005d04       0x28 build_solax/stm32f7xx_ll_utils.o
                0x08005d04                LL_mDelay
 .text.LL_SetSystemCoreClock
                0x08005d2c        0xc build_solax/stm32f7xx_ll_utils.o
                0x08005d2c                LL_SetSystemCoreClock
 .text.tparse_init
                0x08005d38       0x24 build_solax/tparse.o
                0x08005d38                tparse_init
 .text.tparse_finger
                0x08005d5c       0x1e build_solax/tparse.o
                0x08005d5c                tparse_finger
 .text.tparse_reset
                0x08005d7a       0x1a build_solax/tparse.o
                0x08005d7a                tparse_reset
 .text.tparse_discard
                0x08005d94        0x6 build_solax/tparse.o
                0x08005d94                tparse_discard
 .text.tparse_discard_line
                0x08005d9a       0x5c build_solax/tparse.o
                0x08005d9a                tparse_discard_line
 .text.tparse_token_internal
                0x08005df6      0x134 build_solax/tparse.o
                0x08005df6                tparse_token_internal
 .text.tparse_token_p
                0x08005f2a       0x14 build_solax/tparse.o
                0x08005f2a                tparse_token_p
 .text.tparse_avail
                0x08005f3e       0x14 build_solax/tparse.o
                0x08005f3e                tparse_avail
 .text.tparse_read
                0x08005f52       0x62 build_solax/tparse.o
                0x08005f52                tparse_read
 .text.tparse_has_line
                0x08005fb4       0x2c build_solax/tparse.o
                0x08005fb4                tparse_has_line
 .text.tparse_peek_line
                0x08005fe0       0x50 build_solax/tparse.o
                0x08005fe0                tparse_peek_line
 .text.tparse_token_size
                0x08006030       0x3a build_solax/tparse.o
                0x08006030                tparse_token_size
 .text.tparse_token_parts
                0x0800606a       0x6e build_solax/tparse.o
                0x0800606a                tparse_token_parts
 .text.tparse_token
                0x080060d8       0x5c build_solax/tparse.o
                0x080060d8                tparse_token
 .text.tparse_token_u32_base
                0x08006134       0xcc build_solax/tparse.o
                0x08006134                tparse_token_u32_base
 .text.tparse_token_u32
                0x08006200        0xa build_solax/tparse.o
                0x08006200                tparse_token_u32
 .text.tparse_token_i32
                0x0800620a        0xa build_solax/tparse.o
                0x0800620a                tparse_token_i32
 *(.glue_7)
 .glue_7        0x08006214        0x0 linker stubs
 *(.glue_7t)
 .glue_7t       0x08006214        0x0 linker stubs
 *(.eh_frame)
 .eh_frame      0x08006214        0x0 /usr/lib/gcc/arm-none-eabi/14.2.1/thumb/v6-m/nofp/crtbegin.o
 *(.init)
 .init          0x08006214        0x4 /usr/lib/gcc/arm-none-eabi/14.2.1/thumb/v6-m/nofp/crti.o
                0x08006214                _init
 .init          0x08006218        0x8 /usr/lib/gcc/arm-none-eabi/14.2.1/thumb/v6-m/nofp/crtn.o
 *(.fini)
 .fini          0x08006220        0x4 /usr/lib/gcc/arm-none-eabi/14.2.1/thumb/v6-m/nofp/crti.o
                0x08006220                _fini
 .fini          0x08006224        0x8 /usr/lib/gcc/arm-none-eabi/14.2.1/thumb/v6-m/nofp/crtn.o
                0x0800622c                        . = ALIGN (0x4)
                0x0800622c                        _etext = .

.vfp11_veneer   0x0800622c        0x0
 .vfp11_veneer  0x0800622c        0x0 linker stubs

.v4_bx          0x0800622c        0x0
 .v4_bx         0x0800622c        0x0 linker stubs

.iplt           0x0800622c        0x0
 .iplt          0x0800622c        0x0 /usr/lib/gcc/arm-none-eabi/14.2.1/thumb/v6-m/nofp/crtbegin.o

.rodata         0x0800622c      0xb58
                0x0800622c                        . = ALIGN (0x4)
 *(.rodata)
 .rodata        0x0800622c        0x9 build_solax/solax_bms_interp.o
 *fill*         0x08006235        0x3 
 .rodata        0x08006238       0x84 /usr/lib/gcc/arm-none-eabi/14.2.1/../../../arm-none-eabi/lib/thumb/v6-m/nofp/libc_nano.a(libc_a-nano-vfprintf_i.o)
 *(.rodata*)
 .rodata.master_log_can.str1.4
                0x080062bc      0x8f5 build_solax/solax_bms_interp.o
                                 0x12 (size before relaxing)
 .rodata.can_solax_tx_log.str1.4
                0x08006bb1        0xf build_solax/solax_bms_interp.o
 .rodata.can_bms_tx_log.str1.4
                0x08006bb1        0xf build_solax/solax_bms_interp.o
 .rodata.transcharge_auto_run.str1.4
                0x08006bb1       0xe0 build_solax/solax_bms_interp.o
 .rodata.I2C_Slave_Reception_Callback.str1.4
                0x08006bb1      0x143 build_solax/solax_bms_interp.o
 *fill*         0x08006bb1        0x3 
 .rodata.I2C_Slave_Reception_Callback
                0x08006bb4      0x13c build_solax/solax_bms_interp.o
 .rodata.solax_compute_maxcharge.str1.4
                0x08006cf0       0xe1 build_solax/solax_bms_interp.o
 .rodata.solax_process_data.str1.4
                0x08006cf0       0x85 build_solax/solax_bms_interp.o
 .rodata.interp.str1.4
                0x08006cf0      0x4ee build_solax/solax_bms_interp.o
 .rodata.interp
                0x08006cf0       0x1c build_solax/solax_bms_interp.o
 .rodata.transcharge_gpios
                0x08006d0c       0x20 build_solax/solax_bms_interp.o
                0x08006d0c                transcharge_gpios
 .rodata.solax_pw_cfg_gmppt_pv2_high
                0x08006d2c        0x9 build_solax/solax_bms_interp.o
                0x08006d2c                solax_pw_cfg_gmppt_pv2_high
 *fill*         0x08006d35        0x3 
 .rodata.solax_pw_cfg_gmppt_pv2_off
                0x08006d38        0x9 build_solax/solax_bms_interp.o
                0x08006d38                solax_pw_cfg_gmppt_pv2_off
 *fill*         0x08006d41        0x3 
 .rodata.solax_pw_cfg_gmppt_pv1_high
                0x08006d44        0x9 build_solax/solax_bms_interp.o
                0x08006d44                solax_pw_cfg_gmppt_pv1_high
 *fill*         0x08006d4d        0x3 
 .rodata.solax_pw_cfg_gmppt_pv1_off
                0x08006d50        0x9 build_solax/solax_bms_interp.o
                0x08006d50                solax_pw_cfg_gmppt_pv1_off
 *fill*         0x08006d59        0x3 
 .rodata.solax_pw_cfg_PIN
                0x08006d5c        0x9 build_solax/solax_bms_interp.o
                0x08006d5c                solax_pw_cfg_PIN
 *fill*         0x08006d65        0x3 
 .rodata.solax_pw_cmd_mode_self_use
                0x08006d68        0x9 build_solax/solax_bms_interp.o
                0x08006d68                solax_pw_cmd_mode_self_use
 *fill*         0x08006d71        0x3 
 .rodata.solax_pw_cmd_get_stat_0x25F
                0x08006d74        0x7 build_solax/solax_bms_interp.o
                0x08006d74                solax_pw_cmd_get_stat_0x25F
 *fill*         0x08006d7b        0x1 
 .rodata.solax_pw_cmd_change_bitrate
                0x08006d7c        0x7 build_solax/solax_bms_interp.o
                0x08006d7c                solax_pw_cmd_change_bitrate
 .rodata.NMI_Handler.str1.4
                0x08006d83        0xd build_solax/stm32f7xx_it.o
 .rodata.str1.4
                0x08006d83       0x13 /usr/lib/gcc/arm-none-eabi/14.2.1/../../../arm-none-eabi/lib/thumb/v6-m/nofp/libc_nano.a(libc_a-nano-svfprintf.o)
 .rodata.str1.4
                0x08006d83       0x25 /usr/lib/gcc/arm-none-eabi/14.2.1/../../../arm-none-eabi/lib/thumb/v6-m/nofp/libc_nano.a(libc_a-nano-vfprintf_i.o)
                0x08006da8                        . = ALIGN (0x4)
 *fill*         0x08006d83        0x1 

.rel.dyn        0x08006d84        0x0
 .rel.iplt      0x08006d84        0x0 /usr/lib/gcc/arm-none-eabi/14.2.1/thumb/v6-m/nofp/crtbegin.o

.ARM.extab
 *(.ARM.extab* .gnu.linkonce.armextab.*)

.ARM            0x08006d84        0x0
                0x08006d84                        __exidx_start = .
 *(.ARM.exidx*)
                0x08006d84                        __exidx_end = .

.preinit_array  0x08006d84        0x0
                0x08006d84                        PROVIDE (__preinit_array_start = .)
 *(.preinit_array*)
                0x08006d84                        PROVIDE (__preinit_array_end = .)

.init_array     0x08006d84        0x4
                0x08006d84                        PROVIDE (__init_array_start = .)
 *(SORT_BY_NAME(.init_array.*))
 *(.init_array*)
 .init_array    0x08006d84        0x4 /usr/lib/gcc/arm-none-eabi/14.2.1/thumb/v6-m/nofp/crtbegin.o
                0x08006d88                        PROVIDE (__init_array_end = .)

.fini_array     0x08006d88        0x4
                0x08006d88                        PROVIDE (__fini_array_start = .)
 *(SORT_BY_NAME(.fini_array.*))
 *(.fini_array*)
 .fini_array    0x08006d88        0x4 /usr/lib/gcc/arm-none-eabi/14.2.1/thumb/v6-m/nofp/crtbegin.o
                0x08006d8c                        PROVIDE (__fini_array_end = .)
                0x08006d8c                        _sidata = LOADADDR (.data)

.data           0x20000000       0x54 load address 0x08006d8c
                0x20000000                        . = ALIGN (0x4)
                0x20000000                        _sdata = .
 *(.data)
 .data          0x20000000       0x50 /usr/lib/gcc/arm-none-eabi/14.2.1/../../../arm-none-eabi/lib/thumb/v6-m/nofp/libc_nano.a(libc_a-impure.o)
                0x20000000                _impure_ptr
                0x20000004                _impure_data
 *(.data*)
 .data.SystemCoreClock
                0x20000050        0x4 build_solax/system_stm32f7xx.o
                0x20000050                SystemCoreClock
                0x20000054                        . = ALIGN (0x4)
                0x20000054                        _edata = .

.tm_clone_table
                0x20000054        0x0 load address 0x08006de0
 .tm_clone_table
                0x20000054        0x0 /usr/lib/gcc/arm-none-eabi/14.2.1/thumb/v6-m/nofp/crtbegin.o
 .tm_clone_table
                0x20000054        0x0 /usr/lib/gcc/arm-none-eabi/14.2.1/thumb/v6-m/nofp/crtend.o

.igot.plt       0x20000054        0x0 load address 0x08006de0
 .igot.plt      0x20000054        0x0 /usr/lib/gcc/arm-none-eabi/14.2.1/thumb/v6-m/nofp/crtbegin.o
                0x20000054                        . = ALIGN (0x4)

.bss            0x20000054     0x5718 load address 0x08006de0
                0x20000054                        _sbss = .
                0x20000054                        __bss_start__ = _sbss
 *(.bss)
 .bss           0x20000054       0x1c /usr/lib/gcc/arm-none-eabi/14.2.1/thumb/v6-m/nofp/crtbegin.o
 .bss           0x20000070      0x13c /usr/lib/gcc/arm-none-eabi/14.2.1/../../../arm-none-eabi/lib/thumb/v6-m/nofp/libc_nano.a(libc_a-findfp.o)
                0x20000070                __stdio_exit_handler
                0x20000074                __sf
 .bss           0x200001ac        0x8 /usr/lib/gcc/arm-none-eabi/14.2.1/../../../arm-none-eabi/lib/thumb/v6-m/nofp/libc_nano.a(libc_a-mallocr.o)
                0x200001ac                __malloc_sbrk_start
                0x200001b0                __malloc_free_list
 .bss           0x200001b4        0x4 /usr/lib/gcc/arm-none-eabi/14.2.1/../../../arm-none-eabi/lib/thumb/v6-m/nofp/libc_nano.a(libc_a-reent.o)
                0x200001b4                errno
 *(.bss*)
 .bss.i2c_xfer_r_length
                0x200001b8        0x4 build_solax/solax_bms_interp.o
                0x200001b8                i2c_xfer_r_length
 .bss.i2c_xfer_r_offset
                0x200001bc        0x4 build_solax/solax_bms_interp.o
                0x200001bc                i2c_xfer_r_offset
 .bss.i2c_xfer_w_length
                0x200001c0        0x4 build_solax/solax_bms_interp.o
                0x200001c0                i2c_xfer_w_length
 .bss.i2c_xfer_buffer
                0x200001c4      0x100 build_solax/solax_bms_interp.o
                0x200001c4                i2c_xfer_buffer
 .bss.transcharge
                0x200002c4       0x14 build_solax/solax_bms_interp.o
                0x200002c4                transcharge
 .bss.charger   0x200002d8        0xe build_solax/solax_bms_interp.o
                0x200002d8                charger
 *fill*         0x200002e6        0x2 
 .bss.pylontech
                0x200002e8      0x384 build_solax/solax_bms_interp.o
                0x200002e8                pylontech
 .bss.solax     0x2000066c       0x30 build_solax/solax_bms_interp.o
                0x2000066c                solax
 .bss.solax_forced_work_mode
                0x2000069c        0x1 build_solax/solax_bms_interp.o
                0x2000069c                solax_forced_work_mode
 *fill*         0x2000069d        0x3 
 .bss.auto_bat_charge
                0x200006a0        0x4 build_solax/solax_bms_interp.o
                0x200006a0                auto_bat_charge
 .bss.auto_grid_connection
                0x200006a4        0x4 build_solax/solax_bms_interp.o
                0x200006a4                auto_grid_connection
 .bss.auto_self_use_from_bat
                0x200006a8        0x4 build_solax/solax_bms_interp.o
                0x200006a8                auto_self_use_from_bat
 .bss.knobs     0x200006ac        0xc build_solax/solax_bms_interp.o
                0x200006ac                knobs
 .bss.pylontech_cached_infos
                0x200006b8       0x60 build_solax/solax_bms_interp.o
                0x200006b8                pylontech_cached_infos
 .bss.solax_pw_queue
                0x20000718       0x24 build_solax/solax_bms_interp.o
                0x20000718                solax_pw_queue
 .bss.G_can_fifo_rx
                0x2000073c     0x2808 build_solax/intf_can.o
                0x2000073c                G_can_fifo_rx
 .bss.uart_bms_buffer
                0x20002f44     0x1000 build_solax/intf_usart.o
                0x20002f44                uart_bms_buffer
 .bss.uart_pw_buffer
                0x20003f44     0x1000 build_solax/intf_usart.o
                0x20003f44                uart_pw_buffer
 .bss.uart_usbvcp_buffer
                0x20004f44      0x420 build_solax/intf_usart.o
                0x20004f44                uart_usbvcp_buffer
 .bss.usart_intf
                0x20005364        0x4 build_solax/intf_usart.o
                0x20005364                usart_intf
 .bss.tmp       0x20005368      0x400 build_solax/main.o
                0x20005368                tmp
 .bss.uwTick    0x20005768        0x4 build_solax/stm32f7xx_hal.o
                0x20005768                uwTick
 *(COMMON)
                0x2000576c                        . = ALIGN (0x4)
                0x2000576c                        _ebss = .
                0x2000576c                        __bss_end__ = _ebss

._user_heap_stack
                0x2000576c      0x604 load address 0x08006de0
                0x20005770                        . = ALIGN (0x8)
 *fill*         0x2000576c        0x4 
                [!provide]                        PROVIDE (end = .)
                [!provide]                        PROVIDE (_end = .)
                0x20005970                        . = (. + _Min_Heap_Size)
 *fill*         0x20005770      0x200 
                0x20005d70                        . = (. + _Min_Stack_Size)
 *fill*         0x20005970      0x400 
                0x20005d70                        . = ALIGN (0x8)

/DISCARD/
 libc.a(*)
 libm.a(*)
 libgcc.a(*)

.ARM.attributes
                0x00000000       0x2d
 *(.ARM.attributes)
 .ARM.attributes
                0x00000000       0x1e /usr/lib/gcc/arm-none-eabi/14.2.1/thumb/v6-m/nofp/crti.o
 .ARM.attributes
                0x0000001e       0x2c /usr/lib/gcc/arm-none-eabi/14.2.1/thumb/v6-m/nofp/crtbegin.o
 .ARM.attributes
                0x0000004a       0x2c build_solax/solax_bms_interp.o
 .ARM.attributes
                0x00000076       0x21 build_solax/startup_stm32f767xx.o
 .ARM.attributes
                0x00000097       0x2c build_solax/intf_can.o
 .ARM.attributes
                0x000000c3       0x2c build_solax/stm32f7xx_it.o
 .ARM.attributes
                0x000000ef       0x2c build_solax/intf_usart.o
 .ARM.attributes
                0x0000011b       0x2c build_solax/intf_gpio.o
 .ARM.attributes
                0x00000147       0x2c build_solax/main.o
 .ARM.attributes
                0x00000173       0x2c build_solax/system_stm32f7xx.o
 .ARM.attributes
                0x0000019f       0x2c build_solax/stm32f7xx_ll_utils.o
 .ARM.attributes
                0x000001cb       0x2c build_solax/stm32f7xx_hal.o
 .ARM.attributes
                0x000001f7       0x2c build_solax/tparse.o
 .ARM.attributes
                0x00000223       0x2c /usr/lib/gcc/arm-none-eabi/14.2.1/../../../arm-none-eabi/lib/thumb/v6-m/nofp/libc_nano.a(libc_a-strlen-stub.o)
 .ARM.attributes
                0x0000024f       0x2c /usr/lib/gcc/arm-none-eabi/14.2.1/../../../arm-none-eabi/lib/thumb/v6-m/nofp/libc_nano.a(libc_a-memmove.o)
 .ARM.attributes
                0x0000027b       0x2c /usr/lib/gcc/arm-none-eabi/14.2.1/../../../arm-none-eabi/lib/thumb/v6-m/nofp/libc_nano.a(libc_a-init.o)
 .ARM.attributes
                0x000002a7       0x2c /usr/lib/gcc/arm-none-eabi/14.2.1/../../../arm-none-eabi/lib/thumb/v6-m/nofp/libc_nano.a(libc_a-strstr.o)
 .ARM.attributes
                0x000002d3       0x2c /usr/lib/gcc/arm-none-eabi/14.2.1/../../../arm-none-eabi/lib/thumb/v6-m/nofp/libc_nano.a(libc_a-memset.o)
 .ARM.attributes
                0x000002ff       0x2c /usr/lib/gcc/arm-none-eabi/14.2.1/../../../arm-none-eabi/lib/thumb/v6-m/nofp/libc_nano.a(libc_a-memcmp.o)
 .ARM.attributes
                0x0000032b       0x2c /usr/lib/gcc/arm-none-eabi/14.2.1/../../../arm-none-eabi/lib/thumb/v6-m/nofp/libc_nano.a(libc_a-strnlen.o)
 .ARM.attributes
                0x00000357       0x2c /usr/lib/gcc/arm-none-eabi/14.2.1/../../../arm-none-eabi/lib/thumb/v6-m/nofp/libc_nano.a(libc_a-snprintf.o)
 .ARM.attributes
                0x00000383       0x2c /usr/lib/gcc/arm-none-eabi/14.2.1/../../../arm-none-eabi/lib/thumb/v6-m/nofp/libc_nano.a(libc_a-strchr.o)
 .ARM.attributes
                0x000003af       0x2c /usr/lib/gcc/arm-none-eabi/14.2.1/../../../arm-none-eabi/lib/thumb/v6-m/nofp/libc_nano.a(libc_a-nano-svfprintf.o)
 .ARM.attributes
                0x000003db       0x2c /usr/lib/gcc/arm-none-eabi/14.2.1/../../../arm-none-eabi/lib/thumb/v6-m/nofp/libc_nano.a(libc_a-memchr-stub.o)
 .ARM.attributes
                0x00000407       0x2c /usr/lib/gcc/arm-none-eabi/14.2.1/../../../arm-none-eabi/lib/thumb/v6-m/nofp/libc_nano.a(libc_a-findfp.o)
 .ARM.attributes
                0x00000433       0x2c /usr/lib/gcc/arm-none-eabi/14.2.1/../../../arm-none-eabi/lib/thumb/v6-m/nofp/libc_nano.a(libc_a-mallocr.o)
 .ARM.attributes
                0x0000045f       0x2c /usr/lib/gcc/arm-none-eabi/14.2.1/../../../arm-none-eabi/lib/thumb/v6-m/nofp/libc_nano.a(libc_a-freer.o)
 .ARM.attributes
                0x0000048b       0x2c /usr/lib/gcc/arm-none-eabi/14.2.1/../../../arm-none-eabi/lib/thumb/v6-m/nofp/libc_nano.a(libc_a-impure.o)
 .ARM.attributes
                0x000004b7       0x2c /usr/lib/gcc/arm-none-eabi/14.2.1/../../../arm-none-eabi/lib/thumb/v6-m/nofp/libc_nano.a(libc_a-reallocr.o)
 .ARM.attributes
                0x000004e3       0x2c /usr/lib/gcc/arm-none-eabi/14.2.1/../../../arm-none-eabi/lib/thumb/v6-m/nofp/libc_nano.a(libc_a-nano-vfprintf_i.o)
 .ARM.attributes
                0x0000050f       0x2c /usr/lib/gcc/arm-none-eabi/14.2.1/../../../arm-none-eabi/lib/thumb/v6-m/nofp/libc_nano.a(libc_a-mlock.o)
 .ARM.attributes
                0x0000053b       0x2c /usr/lib/gcc/arm-none-eabi/14.2.1/../../../arm-none-eabi/lib/thumb/v6-m/nofp/libc_nano.a(libc_a-memcpy-stub.o)
 .ARM.attributes
                0x00000567       0x2c /usr/lib/gcc/arm-none-eabi/14.2.1/../../../arm-none-eabi/lib/thumb/v6-m/nofp/libc_nano.a(libc_a-sbrkr.o)
 .ARM.attributes
                0x00000593       0x2c /usr/lib/gcc/arm-none-eabi/14.2.1/../../../arm-none-eabi/lib/thumb/v6-m/nofp/libc_nano.a(libc_a-msizer.o)
 .ARM.attributes
                0x000005bf       0x2c /usr/lib/gcc/arm-none-eabi/14.2.1/../../../arm-none-eabi/lib/thumb/v6-m/nofp/libc_nano.a(libc_a-reent.o)
 .ARM.attributes
                0x000005eb       0x1e /usr/lib/gcc/arm-none-eabi/14.2.1/thumb/v6-m/nofp/libgcc.a(_udivsi3.o)
 .ARM.attributes
                0x00000609       0x1e /usr/lib/gcc/arm-none-eabi/14.2.1/thumb/v6-m/nofp/libgcc.a(_divsi3.o)
 .ARM.attributes
                0x00000627       0x1e /usr/lib/gcc/arm-none-eabi/14.2.1/thumb/v6-m/nofp/libgcc.a(_dvmd_tls.o)
 .ARM.attributes
                0x00000645       0x1e /usr/lib/gcc/arm-none-eabi/14.2.1/thumb/v6-m/nofp/libgcc.a(_clzsi2.o)
 .ARM.attributes
                0x00000663       0x2c /usr/lib/gcc/arm-none-eabi/14.2.1/thumb/v6-m/nofp/crtend.o
 .ARM.attributes
                0x0000068f       0x1e /usr/lib/gcc/arm-none-eabi/14.2.1/thumb/v6-m/nofp/crtn.o
OUTPUT(build_solax/output.elf elf32-littlearm)
LOAD linker stubs
LOAD /usr/lib/gcc/arm-none-eabi/14.2.1/../../../arm-none-eabi/lib/thumb/v6-m/nofp/libc.a
LOAD /usr/lib/gcc/arm-none-eabi/14.2.1/../../../arm-none-eabi/lib/thumb/v6-m/nofp/libm.a
LOAD /usr/lib/gcc/arm-none-eabi/14.2.1/thumb/v6-m/nofp/libgcc.a

.comment        0x00000000       0x95
 .comment       0x00000000       0x95 /usr/lib/gcc/arm-none-eabi/14.2.1/thumb/v6-m/nofp/crtbegin.o
                                 0x27 (size before relaxing)
 .comment       0x00000095       0x27 build_solax/solax_bms_interp.o
 .comment       0x00000095       0x4a build_solax/intf_can.o
 .comment       0x00000095       0x4a build_solax/stm32f7xx_it.o
 .comment       0x00000095       0x4a build_solax/intf_usart.o
 .comment       0x00000095       0x4a build_solax/intf_gpio.o
 .comment       0x00000095       0x4a build_solax/main.o
 .comment       0x00000095       0x4a build_solax/system_stm32f7xx.o
 .comment       0x00000095       0x4a build_solax/stm32f7xx_ll_utils.o
 .comment       0x00000095       0x4a build_solax/stm32f7xx_hal.o
 .comment       0x00000095       0x4a build_solax/tparse.o
 .comment       0x00000095       0x27 /usr/lib/gcc/arm-none-eabi/14.2.1/../../../arm-none-eabi/lib/thumb/v6-m/nofp/libc_nano.a(libc_a-strlen-stub.o)
 .comment       0x00000095       0x27 /usr/lib/gcc/arm-none-eabi/14.2.1/../../../arm-none-eabi/lib/thumb/v6-m/nofp/libc_nano.a(libc_a-memmove.o)
 .comment       0x00000095       0x27 /usr/lib/gcc/arm-none-eabi/14.2.1/../../../arm-none-eabi/lib/thumb/v6-m/nofp/libc_nano.a(libc_a-init.o)
 .comment       0x00000095       0x27 /usr/lib/gcc/arm-none-eabi/14.2.1/../../../arm-none-eabi/lib/thumb/v6-m/nofp/libc_nano.a(libc_a-strstr.o)
 .comment       0x00000095       0x27 /usr/lib/gcc/arm-none-eabi/14.2.1/../../../arm-none-eabi/lib/thumb/v6-m/nofp/libc_nano.a(libc_a-memset.o)
 .comment       0x00000095       0x27 /usr/lib/gcc/arm-none-eabi/14.2.1/../../../arm-none-eabi/lib/thumb/v6-m/nofp/libc_nano.a(libc_a-memcmp.o)
 .comment       0x00000095       0x27 /usr/lib/gcc/arm-none-eabi/14.2.1/../../../arm-none-eabi/lib/thumb/v6-m/nofp/libc_nano.a(libc_a-strnlen.o)
 .comment       0x00000095       0x27 /usr/lib/gcc/arm-none-eabi/14.2.1/../../../arm-none-eabi/lib/thumb/v6-m/nofp/libc_nano.a(libc_a-snprintf.o)
 .comment       0x00000095       0x27 /usr/lib/gcc/arm-none-eabi/14.2.1/../../../arm-none-eabi/lib/thumb/v6-m/nofp/libc_nano.a(libc_a-strchr.o)
 .comment       0x00000095       0x27 /usr/lib/gcc/arm-none-eabi/14.2.1/../../../arm-none-eabi/lib/thumb/v6-m/nofp/libc_nano.a(libc_a-nano-svfprintf.o)
 .comment       0x00000095       0x27 /usr/lib/gcc/arm-none-eabi/14.2.1/../../../arm-none-eabi/lib/thumb/v6-m/nofp/libc_nano.a(libc_a-memchr-stub.o)
 .comment       0x00000095       0x27 /usr/lib/gcc/arm-none-eabi/14.2.1/../../../arm-none-eabi/lib/thumb/v6-m/nofp/libc_nano.a(libc_a-findfp.o)
 .comment       0x00000095       0x27 /usr/lib/gcc/arm-none-eabi/14.2.1/../../../arm-none-eabi/lib/thumb/v6-m/nofp/libc_nano.a(libc_a-mallocr.o)
 .comment       0x00000095       0x27 /usr/lib/gcc/arm-none-eabi/14.2.1/../../../arm-none-eabi/lib/thumb/v6-m/nofp/libc_nano.a(libc_a-freer.o)
 .comment       0x00000095       0x27 /usr/lib/gcc/arm-none-eabi/14.2.1/../../../arm-none-eabi/lib/thumb/v6-m/nofp/libc_nano.a(libc_a-impure.o)
 .comment       0x00000095       0x27 /usr/lib/gcc/arm-none-eabi/14.2.1/../../../arm-none-eabi/lib/thumb/v6-m/nofp/libc_nano.a(libc_a-reallocr.o)
 .comment       0x00000095       0x27 /usr/lib/gcc/arm-none-eabi/14.2.1/../../../arm-none-eabi/lib/thumb/v6-m/nofp/libc_nano.a(libc_a-nano-vfprintf_i.o)
 .comment       0x00000095       0x27 /usr/lib/gcc/arm-none-eabi/14.2.1/../../../arm-none-eabi/lib/thumb/v6-m/nofp/libc_nano.a(libc_a-mlock.o)
 .comment       0x00000095       0x27 /usr/lib/gcc/arm-none-eabi/14.2.1/../../../arm-none-eabi/lib/thumb/v6-m/nofp/libc_nano.a(libc_a-memcpy-stub.o)
 .comment       0x00000095       0x27 /usr/lib/gcc/arm-none-eabi/14.2.1/../../../arm-none-eabi/lib/thumb/v6-m/nofp/libc_nano.a(libc_a-sbrkr.o)
 .comment       0x00000095       0x27 /usr/lib/gcc/arm-none-eabi/14.2.1/../../../arm-none-eabi/lib/thumb/v6-m/nofp/libc_nano.a(libc_a-msizer.o)
 .comment       0x00000095       0x27 /usr/lib/gcc/arm-none-eabi/14.2.1/../../../arm-none-eabi/lib/thumb/v6-m/nofp/libc_nano.a(libc_a-reent.o)
 .comment       0x00000095       0x27 /usr/lib/gcc/arm-none-eabi/14.2.1/thumb/v6-m/nofp/crtend.o

.debug_info     0x00000000    0x172bf
 .debug_info    0x00000000     0x59f9 build_solax/solax_bms_interp.o
 .debug_info    0x000059f9       0x26 build_solax/startup_stm32f767xx.o
 .debug_info    0x00005a1f     0x2263 build_solax/intf_can.o
 .debug_info    0x00007c82      0x15c build_solax/stm32f7xx_it.o
 .debug_info    0x00007dde     0x3533 build_solax/intf_usart.o
 .debug_info    0x0000b311      0x82d build_solax/intf_gpio.o
 .debug_info    0x0000bb3e      0x199 build_solax/main.o
 .debug_info    0x0000bcd7      0x3cf build_solax/system_stm32f7xx.o
 .debug_info    0x0000c0a6      0xd5e build_solax/stm32f7xx_ll_utils.o
 .debug_info    0x0000ce04      0xb0f build_solax/stm32f7xx_hal.o
 .debug_info    0x0000d913      0xf10 build_solax/tparse.o
 .debug_info    0x0000e823       0xeb /usr/lib/gcc/arm-none-eabi/14.2.1/../../../arm-none-eabi/lib/thumb/v6-m/nofp/libc_nano.a(libc_a-strlen-stub.o)
 .debug_info    0x0000e90e      0x148 /usr/lib/gcc/arm-none-eabi/14.2.1/../../../arm-none-eabi/lib/thumb/v6-m/nofp/libc_nano.a(libc_a-memmove.o)
 .debug_info    0x0000ea56      0x10b /usr/lib/gcc/arm-none-eabi/14.2.1/../../../arm-none-eabi/lib/thumb/v6-m/nofp/libc_nano.a(libc_a-init.o)
 .debug_info    0x0000eb61      0x86c /usr/lib/gcc/arm-none-eabi/14.2.1/../../../arm-none-eabi/lib/thumb/v6-m/nofp/libc_nano.a(libc_a-strstr.o)
 .debug_info    0x0000f3cd      0x135 /usr/lib/gcc/arm-none-eabi/14.2.1/../../../arm-none-eabi/lib/thumb/v6-m/nofp/libc_nano.a(libc_a-memset.o)
 .debug_info    0x0000f502      0x12b /usr/lib/gcc/arm-none-eabi/14.2.1/../../../arm-none-eabi/lib/thumb/v6-m/nofp/libc_nano.a(libc_a-memcmp.o)
 .debug_info    0x0000f62d       0xe1 /usr/lib/gcc/arm-none-eabi/14.2.1/../../../arm-none-eabi/lib/thumb/v6-m/nofp/libc_nano.a(libc_a-strnlen.o)
 .debug_info    0x0000f70e      0x905 /usr/lib/gcc/arm-none-eabi/14.2.1/../../../arm-none-eabi/lib/thumb/v6-m/nofp/libc_nano.a(libc_a-snprintf.o)
 .debug_info    0x00010013      0x130 /usr/lib/gcc/arm-none-eabi/14.2.1/../../../arm-none-eabi/lib/thumb/v6-m/nofp/libc_nano.a(libc_a-strchr.o)
 .debug_info    0x00010143     0x10af /usr/lib/gcc/arm-none-eabi/14.2.1/../../../arm-none-eabi/lib/thumb/v6-m/nofp/libc_nano.a(libc_a-nano-svfprintf.o)
 .debug_info    0x000111f2      0x14a /usr/lib/gcc/arm-none-eabi/14.2.1/../../../arm-none-eabi/lib/thumb/v6-m/nofp/libc_nano.a(libc_a-memchr-stub.o)
 .debug_info    0x0001133c      0xe8d /usr/lib/gcc/arm-none-eabi/14.2.1/../../../arm-none-eabi/lib/thumb/v6-m/nofp/libc_nano.a(libc_a-findfp.o)
 .debug_info    0x000121c9      0x9bb /usr/lib/gcc/arm-none-eabi/14.2.1/../../../arm-none-eabi/lib/thumb/v6-m/nofp/libc_nano.a(libc_a-mallocr.o)
 .debug_info    0x00012b84      0x86a /usr/lib/gcc/arm-none-eabi/14.2.1/../../../arm-none-eabi/lib/thumb/v6-m/nofp/libc_nano.a(libc_a-freer.o)
 .debug_info    0x000133ee      0x70b /usr/lib/gcc/arm-none-eabi/14.2.1/../../../arm-none-eabi/lib/thumb/v6-m/nofp/libc_nano.a(libc_a-impure.o)
 .debug_info    0x00013af9      0x8ec /usr/lib/gcc/arm-none-eabi/14.2.1/../../../arm-none-eabi/lib/thumb/v6-m/nofp/libc_nano.a(libc_a-reallocr.o)
 .debug_info    0x000143e5      0xde9 /usr/lib/gcc/arm-none-eabi/14.2.1/../../../arm-none-eabi/lib/thumb/v6-m/nofp/libc_nano.a(libc_a-nano-vfprintf_i.o)
 .debug_info    0x000151ce      0x71c /usr/lib/gcc/arm-none-eabi/14.2.1/../../../arm-none-eabi/lib/thumb/v6-m/nofp/libc_nano.a(libc_a-mlock.o)
 .debug_info    0x000158ea      0x152 /usr/lib/gcc/arm-none-eabi/14.2.1/../../../arm-none-eabi/lib/thumb/v6-m/nofp/libc_nano.a(libc_a-memcpy-stub.o)
 .debug_info    0x00015a3c      0x778 /usr/lib/gcc/arm-none-eabi/14.2.1/../../../arm-none-eabi/lib/thumb/v6-m/nofp/libc_nano.a(libc_a-sbrkr.o)
 .debug_info    0x000161b4      0x78a /usr/lib/gcc/arm-none-eabi/14.2.1/../../../arm-none-eabi/lib/thumb/v6-m/nofp/libc_nano.a(libc_a-msizer.o)
 .debug_info    0x0001693e      0x898 /usr/lib/gcc/arm-none-eabi/14.2.1/../../../arm-none-eabi/lib/thumb/v6-m/nofp/libc_nano.a(libc_a-reent.o)
 .debug_info    0x000171d6       0x3e /usr/lib/gcc/arm-none-eabi/14.2.1/thumb/v6-m/nofp/libgcc.a(_udivsi3.o)
 .debug_info    0x00017214       0x3e /usr/lib/gcc/arm-none-eabi/14.2.1/thumb/v6-m/nofp/libgcc.a(_divsi3.o)
 .debug_info    0x00017252       0x3c /usr/lib/gcc/arm-none-eabi/14.2.1/thumb/v6-m/nofp/libgcc.a(_dvmd_tls.o)
 .debug_info    0x0001728e       0x31 /usr/lib/gcc/arm-none-eabi/14.2.1/thumb/v6-m/nofp/libgcc.a(_clzsi2.o)

.debug_abbrev   0x00000000     0x3dce
 .debug_abbrev  0x00000000      0x60c build_solax/solax_bms_interp.o
 .debug_abbrev  0x0000060c       0x14 build_solax/startup_stm32f767xx.o
 .debug_abbrev  0x00000620      0x3ca build_solax/intf_can.o
 .debug_abbrev  0x000009ea       0xe0 build_solax/stm32f7xx_it.o
 .debug_abbrev  0x00000aca      0x350 build_solax/intf_usart.o
 .debug_abbrev  0x00000e1a      0x2a0 build_solax/intf_gpio.o
 .debug_abbrev  0x000010ba      0x11d build_solax/main.o
 .debug_abbrev  0x000011d7      0x134 build_solax/system_stm32f7xx.o
 .debug_abbrev  0x0000130b      0x2a7 build_solax/stm32f7xx_ll_utils.o
 .debug_abbrev  0x000015b2      0x216 build_solax/stm32f7xx_hal.o
 .debug_abbrev  0x000017c8      0x276 build_solax/tparse.o
 .debug_abbrev  0x00001a3e       0x90 /usr/lib/gcc/arm-none-eabi/14.2.1/../../../arm-none-eabi/lib/thumb/v6-m/nofp/libc_nano.a(libc_a-strlen-stub.o)
 .debug_abbrev  0x00001ace       0xc3 /usr/lib/gcc/arm-none-eabi/14.2.1/../../../arm-none-eabi/lib/thumb/v6-m/nofp/libc_nano.a(libc_a-memmove.o)
 .debug_abbrev  0x00001b91       0xc9 /usr/lib/gcc/arm-none-eabi/14.2.1/../../../arm-none-eabi/lib/thumb/v6-m/nofp/libc_nano.a(libc_a-init.o)
 .debug_abbrev  0x00001c5a      0x24b /usr/lib/gcc/arm-none-eabi/14.2.1/../../../arm-none-eabi/lib/thumb/v6-m/nofp/libc_nano.a(libc_a-strstr.o)
 .debug_abbrev  0x00001ea5       0xb7 /usr/lib/gcc/arm-none-eabi/14.2.1/../../../arm-none-eabi/lib/thumb/v6-m/nofp/libc_nano.a(libc_a-memset.o)
 .debug_abbrev  0x00001f5c       0x90 /usr/lib/gcc/arm-none-eabi/14.2.1/../../../arm-none-eabi/lib/thumb/v6-m/nofp/libc_nano.a(libc_a-memcmp.o)
 .debug_abbrev  0x00001fec       0x8d /usr/lib/gcc/arm-none-eabi/14.2.1/../../../arm-none-eabi/lib/thumb/v6-m/nofp/libc_nano.a(libc_a-strnlen.o)
 .debug_abbrev  0x00002079      0x23c /usr/lib/gcc/arm-none-eabi/14.2.1/../../../arm-none-eabi/lib/thumb/v6-m/nofp/libc_nano.a(libc_a-snprintf.o)
 .debug_abbrev  0x000022b5       0x97 /usr/lib/gcc/arm-none-eabi/14.2.1/../../../arm-none-eabi/lib/thumb/v6-m/nofp/libc_nano.a(libc_a-strchr.o)
 .debug_abbrev  0x0000234c      0x315 /usr/lib/gcc/arm-none-eabi/14.2.1/../../../arm-none-eabi/lib/thumb/v6-m/nofp/libc_nano.a(libc_a-nano-svfprintf.o)
 .debug_abbrev  0x00002661       0xc7 /usr/lib/gcc/arm-none-eabi/14.2.1/../../../arm-none-eabi/lib/thumb/v6-m/nofp/libc_nano.a(libc_a-memchr-stub.o)
 .debug_abbrev  0x00002728      0x3f2 /usr/lib/gcc/arm-none-eabi/14.2.1/../../../arm-none-eabi/lib/thumb/v6-m/nofp/libc_nano.a(libc_a-findfp.o)
 .debug_abbrev  0x00002b1a      0x241 /usr/lib/gcc/arm-none-eabi/14.2.1/../../../arm-none-eabi/lib/thumb/v6-m/nofp/libc_nano.a(libc_a-mallocr.o)
 .debug_abbrev  0x00002d5b      0x238 /usr/lib/gcc/arm-none-eabi/14.2.1/../../../arm-none-eabi/lib/thumb/v6-m/nofp/libc_nano.a(libc_a-freer.o)
 .debug_abbrev  0x00002f93      0x149 /usr/lib/gcc/arm-none-eabi/14.2.1/../../../arm-none-eabi/lib/thumb/v6-m/nofp/libc_nano.a(libc_a-impure.o)
 .debug_abbrev  0x000030dc      0x209 /usr/lib/gcc/arm-none-eabi/14.2.1/../../../arm-none-eabi/lib/thumb/v6-m/nofp/libc_nano.a(libc_a-reallocr.o)
 .debug_abbrev  0x000032e5      0x294 /usr/lib/gcc/arm-none-eabi/14.2.1/../../../arm-none-eabi/lib/thumb/v6-m/nofp/libc_nano.a(libc_a-nano-vfprintf_i.o)
 .debug_abbrev  0x00003579      0x192 /usr/lib/gcc/arm-none-eabi/14.2.1/../../../arm-none-eabi/lib/thumb/v6-m/nofp/libc_nano.a(libc_a-mlock.o)
 .debug_abbrev  0x0000370b       0xca /usr/lib/gcc/arm-none-eabi/14.2.1/../../../arm-none-eabi/lib/thumb/v6-m/nofp/libc_nano.a(libc_a-memcpy-stub.o)
 .debug_abbrev  0x000037d5      0x1da /usr/lib/gcc/arm-none-eabi/14.2.1/../../../arm-none-eabi/lib/thumb/v6-m/nofp/libc_nano.a(libc_a-sbrkr.o)
 .debug_abbrev  0x000039af      0x196 /usr/lib/gcc/arm-none-eabi/14.2.1/../../../arm-none-eabi/lib/thumb/v6-m/nofp/libc_nano.a(libc_a-msizer.o)
 .debug_abbrev  0x00003b45      0x1eb /usr/lib/gcc/arm-none-eabi/14.2.1/../../../arm-none-eabi/lib/thumb/v6-m/nofp/libc_nano.a(libc_a-reent.o)
 .debug_abbrev  0x00003d30       0x28 /usr/lib/gcc/arm-none-eabi/14.2.1/thumb/v6-m/nofp/libgcc.a(_udivsi3.o)
 .debug_abbrev  0x00003d58       0x28 /usr/lib/gcc/arm-none-eabi/14.2.1/thumb/v6-m/nofp/libgcc.a(_divsi3.o)
 .debug_abbrev  0x00003d80       0x26 /usr/lib/gcc/arm-none-eabi/14.2.1/thumb/v6-m/nofp/libgcc.a(_dvmd_tls.o)
 .debug_abbrev  0x00003da6       0x28 /usr/lib/gcc/arm-none-eabi/14.2.1/thumb/v6-m/nofp/libgcc.a(_clzsi2.o)

.debug_loclists
                0x00000000     0x4587
 .debug_loclists
                0x00000000     0x1536 build_solax/solax_bms_interp.o
 .debug_loclists
                0x00001536       0x57 /usr/lib/gcc/arm-none-eabi/14.2.1/../../../arm-none-eabi/lib/thumb/v6-m/nofp/libc_nano.a(libc_a-strlen-stub.o)
 .debug_loclists
                0x0000158d      0x3ac /usr/lib/gcc/arm-none-eabi/14.2.1/../../../arm-none-eabi/lib/thumb/v6-m/nofp/libc_nano.a(libc_a-memmove.o)
 .debug_loclists
                0x00001939       0x5a /usr/lib/gcc/arm-none-eabi/14.2.1/../../../arm-none-eabi/lib/thumb/v6-m/nofp/libc_nano.a(libc_a-init.o)
 .debug_loclists
                0x00001993      0xdb8 /usr/lib/gcc/arm-none-eabi/14.2.1/../../../arm-none-eabi/lib/thumb/v6-m/nofp/libc_nano.a(libc_a-strstr.o)
 .debug_loclists
                0x0000274b      0x1c6 /usr/lib/gcc/arm-none-eabi/14.2.1/../../../arm-none-eabi/lib/thumb/v6-m/nofp/libc_nano.a(libc_a-memset.o)
 .debug_loclists
                0x00002911      0x128 /usr/lib/gcc/arm-none-eabi/14.2.1/../../../arm-none-eabi/lib/thumb/v6-m/nofp/libc_nano.a(libc_a-memcmp.o)
 .debug_loclists
                0x00002a39       0xfc /usr/lib/gcc/arm-none-eabi/14.2.1/../../../arm-none-eabi/lib/thumb/v6-m/nofp/libc_nano.a(libc_a-strnlen.o)
 .debug_loclists
                0x00002b35      0x1e8 /usr/lib/gcc/arm-none-eabi/14.2.1/../../../arm-none-eabi/lib/thumb/v6-m/nofp/libc_nano.a(libc_a-snprintf.o)
 .debug_loclists
                0x00002d1d      0x11f /usr/lib/gcc/arm-none-eabi/14.2.1/../../../arm-none-eabi/lib/thumb/v6-m/nofp/libc_nano.a(libc_a-strchr.o)
 .debug_loclists
                0x00002e3c      0x629 /usr/lib/gcc/arm-none-eabi/14.2.1/../../../arm-none-eabi/lib/thumb/v6-m/nofp/libc_nano.a(libc_a-nano-svfprintf.o)
 .debug_loclists
                0x00003465      0x15d /usr/lib/gcc/arm-none-eabi/14.2.1/../../../arm-none-eabi/lib/thumb/v6-m/nofp/libc_nano.a(libc_a-memchr-stub.o)
 .debug_loclists
                0x000035c2      0x1dd /usr/lib/gcc/arm-none-eabi/14.2.1/../../../arm-none-eabi/lib/thumb/v6-m/nofp/libc_nano.a(libc_a-findfp.o)
 .debug_loclists
                0x0000379f      0x2a9 /usr/lib/gcc/arm-none-eabi/14.2.1/../../../arm-none-eabi/lib/thumb/v6-m/nofp/libc_nano.a(libc_a-mallocr.o)
 .debug_loclists
                0x00003a48      0x11a /usr/lib/gcc/arm-none-eabi/14.2.1/../../../arm-none-eabi/lib/thumb/v6-m/nofp/libc_nano.a(libc_a-freer.o)
 .debug_loclists
                0x00003b62      0x19f /usr/lib/gcc/arm-none-eabi/14.2.1/../../../arm-none-eabi/lib/thumb/v6-m/nofp/libc_nano.a(libc_a-reallocr.o)
 .debug_loclists
                0x00003d01      0x47e /usr/lib/gcc/arm-none-eabi/14.2.1/../../../arm-none-eabi/lib/thumb/v6-m/nofp/libc_nano.a(libc_a-nano-vfprintf_i.o)
 .debug_loclists
                0x0000417f      0x2c7 /usr/lib/gcc/arm-none-eabi/14.2.1/../../../arm-none-eabi/lib/thumb/v6-m/nofp/libc_nano.a(libc_a-memcpy-stub.o)
 .debug_loclists
                0x00004446       0x52 /usr/lib/gcc/arm-none-eabi/14.2.1/../../../arm-none-eabi/lib/thumb/v6-m/nofp/libc_nano.a(libc_a-sbrkr.o)
 .debug_loclists
                0x00004498       0x81 /usr/lib/gcc/arm-none-eabi/14.2.1/../../../arm-none-eabi/lib/thumb/v6-m/nofp/libc_nano.a(libc_a-msizer.o)
 .debug_loclists
                0x00004519       0x6e /usr/lib/gcc/arm-none-eabi/14.2.1/../../../arm-none-eabi/lib/thumb/v6-m/nofp/libc_nano.a(libc_a-reent.o)

.debug_aranges  0x00000000      0x858
 .debug_aranges
                0x00000000      0x128 build_solax/solax_bms_interp.o
 .debug_aranges
                0x00000128       0x20 build_solax/startup_stm32f767xx.o
 .debug_aranges
                0x00000148       0x88 build_solax/intf_can.o
 .debug_aranges
                0x000001d0       0x28 build_solax/stm32f7xx_it.o
 .debug_aranges
                0x000001f8       0x60 build_solax/intf_usart.o
 .debug_aranges
                0x00000258       0x28 build_solax/intf_gpio.o
 .debug_aranges
                0x00000280       0x30 build_solax/main.o
 .debug_aranges
                0x000002b0       0x28 build_solax/system_stm32f7xx.o
 .debug_aranges
                0x000002d8       0x60 build_solax/stm32f7xx_ll_utils.o
 .debug_aranges
                0x00000338      0x110 build_solax/stm32f7xx_hal.o
 .debug_aranges
                0x00000448       0xd8 build_solax/tparse.o
 .debug_aranges
                0x00000520       0x20 /usr/lib/gcc/arm-none-eabi/14.2.1/../../../arm-none-eabi/lib/thumb/v6-m/nofp/libc_nano.a(libc_a-strlen-stub.o)
 .debug_aranges
                0x00000540       0x20 /usr/lib/gcc/arm-none-eabi/14.2.1/../../../arm-none-eabi/lib/thumb/v6-m/nofp/libc_nano.a(libc_a-memmove.o)
 .debug_aranges
                0x00000560       0x20 /usr/lib/gcc/arm-none-eabi/14.2.1/../../../arm-none-eabi/lib/thumb/v6-m/nofp/libc_nano.a(libc_a-init.o)
 .debug_aranges
                0x00000580       0x20 /usr/lib/gcc/arm-none-eabi/14.2.1/../../../arm-none-eabi/lib/thumb/v6-m/nofp/libc_nano.a(libc_a-strstr.o)
 .debug_aranges
                0x000005a0       0x20 /usr/lib/gcc/arm-none-eabi/14.2.1/../../../arm-none-eabi/lib/thumb/v6-m/nofp/libc_nano.a(libc_a-memset.o)
 .debug_aranges
                0x000005c0       0x20 /usr/lib/gcc/arm-none-eabi/14.2.1/../../../arm-none-eabi/lib/thumb/v6-m/nofp/libc_nano.a(libc_a-memcmp.o)
 .debug_aranges
                0x000005e0       0x20 /usr/lib/gcc/arm-none-eabi/14.2.1/../../../arm-none-eabi/lib/thumb/v6-m/nofp/libc_nano.a(libc_a-strnlen.o)
 .debug_aranges
                0x00000600       0x20 /usr/lib/gcc/arm-none-eabi/14.2.1/../../../arm-none-eabi/lib/thumb/v6-m/nofp/libc_nano.a(libc_a-snprintf.o)
 .debug_aranges
                0x00000620       0x20 /usr/lib/gcc/arm-none-eabi/14.2.1/../../../arm-none-eabi/lib/thumb/v6-m/nofp/libc_nano.a(libc_a-strchr.o)
 .debug_aranges
                0x00000640       0x20 /usr/lib/gcc/arm-none-eabi/14.2.1/../../../arm-none-eabi/lib/thumb/v6-m/nofp/libc_nano.a(libc_a-nano-svfprintf.o)
 .debug_aranges
                0x00000660       0x20 /usr/lib/gcc/arm-none-eabi/14.2.1/../../../arm-none-eabi/lib/thumb/v6-m/nofp/libc_nano.a(libc_a-memchr-stub.o)
 .debug_aranges
                0x00000680       0x20 /usr/lib/gcc/arm-none-eabi/14.2.1/../../../arm-none-eabi/lib/thumb/v6-m/nofp/libc_nano.a(libc_a-findfp.o)
 .debug_aranges
                0x000006a0       0x20 /usr/lib/gcc/arm-none-eabi/14.2.1/../../../arm-none-eabi/lib/thumb/v6-m/nofp/libc_nano.a(libc_a-mallocr.o)
 .debug_aranges
                0x000006c0       0x20 /usr/lib/gcc/arm-none-eabi/14.2.1/../../../arm-none-eabi/lib/thumb/v6-m/nofp/libc_nano.a(libc_a-freer.o)
 .debug_aranges
                0x000006e0       0x18 /usr/lib/gcc/arm-none-eabi/14.2.1/../../../arm-none-eabi/lib/thumb/v6-m/nofp/libc_nano.a(libc_a-impure.o)
 .debug_aranges
                0x000006f8       0x20 /usr/lib/gcc/arm-none-eabi/14.2.1/../../../arm-none-eabi/lib/thumb/v6-m/nofp/libc_nano.a(libc_a-reallocr.o)
 .debug_aranges
                0x00000718       0x20 /usr/lib/gcc/arm-none-eabi/14.2.1/../../../arm-none-eabi/lib/thumb/v6-m/nofp/libc_nano.a(libc_a-nano-vfprintf_i.o)
 .debug_aranges
                0x00000738       0x20 /usr/lib/gcc/arm-none-eabi/14.2.1/../../../arm-none-eabi/lib/thumb/v6-m/nofp/libc_nano.a(libc_a-mlock.o)
 .debug_aranges
                0x00000758       0x20 /usr/lib/gcc/arm-none-eabi/14.2.1/../../../arm-none-eabi/lib/thumb/v6-m/nofp/libc_nano.a(libc_a-memcpy-stub.o)
 .debug_aranges
                0x00000778       0x20 /usr/lib/gcc/arm-none-eabi/14.2.1/../../../arm-none-eabi/lib/thumb/v6-m/nofp/libc_nano.a(libc_a-sbrkr.o)
 .debug_aranges
                0x00000798       0x20 /usr/lib/gcc/arm-none-eabi/14.2.1/../../../arm-none-eabi/lib/thumb/v6-m/nofp/libc_nano.a(libc_a-msizer.o)
 .debug_aranges
                0x000007b8       0x20 /usr/lib/gcc/arm-none-eabi/14.2.1/../../../arm-none-eabi/lib/thumb/v6-m/nofp/libc_nano.a(libc_a-reent.o)
 .debug_aranges
                0x000007d8       0x20 /usr/lib/gcc/arm-none-eabi/14.2.1/thumb/v6-m/nofp/libgcc.a(_udivsi3.o)
 .debug_aranges
                0x000007f8       0x20 /usr/lib/gcc/arm-none-eabi/14.2.1/thumb/v6-m/nofp/libgcc.a(_divsi3.o)
 .debug_aranges
                0x00000818       0x20 /usr/lib/gcc/arm-none-eabi/14.2.1/thumb/v6-m/nofp/libgcc.a(_dvmd_tls.o)
 .debug_aranges
                0x00000838       0x20 /usr/lib/gcc/arm-none-eabi/14.2.1/thumb/v6-m/nofp/libgcc.a(_clzsi2.o)

.debug_rnglists
                0x00000000      0x335
 .debug_rnglists
                0x00000000      0x182 build_solax/solax_bms_interp.o
 .debug_rnglists
                0x00000182       0x5c /usr/lib/gcc/arm-none-eabi/14.2.1/../../../arm-none-eabi/lib/thumb/v6-m/nofp/libc_nano.a(libc_a-strstr.o)
 .debug_rnglists
                0x000001de       0x13 /usr/lib/gcc/arm-none-eabi/14.2.1/../../../arm-none-eabi/lib/thumb/v6-m/nofp/libc_nano.a(libc_a-strnlen.o)
 .debug_rnglists
                0x000001f1       0x38 /usr/lib/gcc/arm-none-eabi/14.2.1/../../../arm-none-eabi/lib/thumb/v6-m/nofp/libc_nano.a(libc_a-nano-svfprintf.o)
 .debug_rnglists
                0x00000229       0x6d /usr/lib/gcc/arm-none-eabi/14.2.1/../../../arm-none-eabi/lib/thumb/v6-m/nofp/libc_nano.a(libc_a-findfp.o)
 .debug_rnglists
                0x00000296       0x1f /usr/lib/gcc/arm-none-eabi/14.2.1/../../../arm-none-eabi/lib/thumb/v6-m/nofp/libc_nano.a(libc_a-mallocr.o)
 .debug_rnglists
                0x000002b5       0x13 /usr/lib/gcc/arm-none-eabi/14.2.1/../../../arm-none-eabi/lib/thumb/v6-m/nofp/libc_nano.a(libc_a-freer.o)
 .debug_rnglists
                0x000002c8       0x6d /usr/lib/gcc/arm-none-eabi/14.2.1/../../../arm-none-eabi/lib/thumb/v6-m/nofp/libc_nano.a(libc_a-nano-vfprintf_i.o)

.debug_macro    0x00000000    0x2a1bb
 .debug_macro   0x00000000      0x53a build_solax/solax_bms_interp.o
 .debug_macro   0x0000053a      0xac0 build_solax/solax_bms_interp.o
 .debug_macro   0x00000ffa       0x22 build_solax/solax_bms_interp.o
 .debug_macro   0x0000101c       0x54 build_solax/solax_bms_interp.o
 .debug_macro   0x00001070       0x24 build_solax/solax_bms_interp.o
 .debug_macro   0x00001094       0x94 build_solax/solax_bms_interp.o
 .debug_macro   0x00001128       0x43 build_solax/solax_bms_interp.o
 .debug_macro   0x0000116b       0x34 build_solax/solax_bms_interp.o
 .debug_macro   0x0000119f      0x190 build_solax/solax_bms_interp.o
 .debug_macro   0x0000132f       0x57 build_solax/solax_bms_interp.o
 .debug_macro   0x00001386      0x364 build_solax/solax_bms_interp.o
 .debug_macro   0x000016ea       0x16 build_solax/solax_bms_interp.o
 .debug_macro   0x00001700       0x4a build_solax/solax_bms_interp.o
 .debug_macro   0x0000174a       0x34 build_solax/solax_bms_interp.o
 .debug_macro   0x0000177e       0x10 build_solax/solax_bms_interp.o
 .debug_macro   0x0000178e       0x52 build_solax/solax_bms_interp.o
 .debug_macro   0x000017e0       0x8e build_solax/solax_bms_interp.o
 .debug_macro   0x0000186e       0x1c build_solax/solax_bms_interp.o
 .debug_macro   0x0000188a      0x185 build_solax/solax_bms_interp.o
 .debug_macro   0x00001a0f       0x10 build_solax/solax_bms_interp.o
 .debug_macro   0x00001a1f       0x3c build_solax/solax_bms_interp.o
 .debug_macro   0x00001a5b      0x299 build_solax/solax_bms_interp.o
 .debug_macro   0x00001cf4       0x2e build_solax/solax_bms_interp.o
 .debug_macro   0x00001d22       0x3b build_solax/solax_bms_interp.o
 .debug_macro   0x00001d5d      0x34e build_solax/solax_bms_interp.o
 .debug_macro   0x000020ab       0x1c build_solax/solax_bms_interp.o
 .debug_macro   0x000020c7       0x22 build_solax/solax_bms_interp.o
 .debug_macro   0x000020e9       0xaf build_solax/solax_bms_interp.o
 .debug_macro   0x00002198     0x12cd build_solax/solax_bms_interp.o
 .debug_macro   0x00003465      0x11f build_solax/solax_bms_interp.o
 .debug_macro   0x00003584       0x19 build_solax/solax_bms_interp.o
 .debug_macro   0x0000359d    0x1aa0d build_solax/solax_bms_interp.o
 .debug_macro   0x0001dfaa       0x6d build_solax/solax_bms_interp.o
 .debug_macro   0x0001e017     0x3749 build_solax/solax_bms_interp.o
 .debug_macro   0x00021760       0x5d build_solax/solax_bms_interp.o
 .debug_macro   0x000217bd     0x1add build_solax/solax_bms_interp.o
 .debug_macro   0x0002329a      0x6c4 build_solax/solax_bms_interp.o
 .debug_macro   0x0002395e      0x18b build_solax/solax_bms_interp.o
 .debug_macro   0x00023ae9      0x115 build_solax/solax_bms_interp.o
 .debug_macro   0x00023bfe      0x26e build_solax/solax_bms_interp.o
 .debug_macro   0x00023e6c       0xa5 build_solax/solax_bms_interp.o
 .debug_macro   0x00023f11      0x24f build_solax/solax_bms_interp.o
 .debug_macro   0x00024160       0x71 build_solax/solax_bms_interp.o
 .debug_macro   0x000241d1       0x58 build_solax/solax_bms_interp.o
 .debug_macro   0x00024229      0x236 build_solax/solax_bms_interp.o
 .debug_macro   0x0002445f      0x40f build_solax/solax_bms_interp.o
 .debug_macro   0x0002486e      0xd44 build_solax/solax_bms_interp.o
 .debug_macro   0x000255b2      0x14e build_solax/solax_bms_interp.o
 .debug_macro   0x00025700      0x3db build_solax/solax_bms_interp.o
 .debug_macro   0x00025adb       0x12 build_solax/solax_bms_interp.o
 .debug_macro   0x00025aed      0x22c build_solax/solax_bms_interp.o
 .debug_macro   0x00025d19       0x61 build_solax/solax_bms_interp.o
 .debug_macro   0x00025d7a       0xa5 build_solax/solax_bms_interp.o
 .debug_macro   0x00025e1f      0x12e build_solax/solax_bms_interp.o
 .debug_macro   0x00025f4d      0x108 build_solax/solax_bms_interp.o
 .debug_macro   0x00026055       0x35 build_solax/solax_bms_interp.o
 .debug_macro   0x0002608a      0x256 build_solax/solax_bms_interp.o
 .debug_macro   0x000262e0       0xba build_solax/solax_bms_interp.o
 .debug_macro   0x0002639a      0x15b build_solax/solax_bms_interp.o
 .debug_macro   0x000264f5      0x224 build_solax/solax_bms_interp.o
 .debug_macro   0x00026719      0x149 build_solax/solax_bms_interp.o
 .debug_macro   0x00026862      0x2f7 build_solax/solax_bms_interp.o
 .debug_macro   0x00026b59      0xbfc build_solax/solax_bms_interp.o
 .debug_macro   0x00027755      0x26f build_solax/solax_bms_interp.o
 .debug_macro   0x000279c4       0x61 build_solax/solax_bms_interp.o
 .debug_macro   0x00027a25      0x279 build_solax/solax_bms_interp.o
 .debug_macro   0x00027c9e      0x24d build_solax/solax_bms_interp.o
 .debug_macro   0x00027eeb       0xf4 build_solax/solax_bms_interp.o
 .debug_macro   0x00027fdf       0x6a build_solax/solax_bms_interp.o
 .debug_macro   0x00028049       0x7c build_solax/solax_bms_interp.o
 .debug_macro   0x000280c5       0x10 build_solax/solax_bms_interp.o
 .debug_macro   0x000280d5       0x1c build_solax/solax_bms_interp.o
 .debug_macro   0x000280f1       0x10 build_solax/solax_bms_interp.o
 .debug_macro   0x00028101       0x1c build_solax/solax_bms_interp.o
 .debug_macro   0x0002811d       0x16 build_solax/solax_bms_interp.o
 .debug_macro   0x00028133      0x146 build_solax/solax_bms_interp.o
 .debug_macro   0x00028279      0x32c build_solax/intf_can.o
 .debug_macro   0x000285a5       0x4c build_solax/intf_can.o
 .debug_macro   0x000285f1       0x94 build_solax/intf_can.o
 .debug_macro   0x00028685      0x329 build_solax/stm32f7xx_it.o
 .debug_macro   0x000289ae      0x349 build_solax/intf_usart.o
 .debug_macro   0x00028cf7      0x31f build_solax/intf_gpio.o
 .debug_macro   0x00029016      0x32c build_solax/main.o
 .debug_macro   0x00029342      0x1f3 build_solax/system_stm32f7xx.o
 .debug_macro   0x00029535       0x63 build_solax/system_stm32f7xx.o
 .debug_macro   0x00029598      0x302 build_solax/stm32f7xx_ll_utils.o
 .debug_macro   0x0002989a       0x5b build_solax/stm32f7xx_ll_utils.o
 .debug_macro   0x000298f5      0x12f build_solax/stm32f7xx_ll_utils.o
 .debug_macro   0x00029a24      0x217 build_solax/stm32f7xx_hal.o
 .debug_macro   0x00029c3b      0x1f5 build_solax/tparse.o
 .debug_macro   0x00029e30       0x16 build_solax/tparse.o
 .debug_macro   0x00029e46       0x10 build_solax/tparse.o
 .debug_macro   0x00029e56       0x1c build_solax/tparse.o
 .debug_macro   0x00029e72       0x52 build_solax/tparse.o
 .debug_macro   0x00029ec4       0x22 build_solax/tparse.o
 .debug_macro   0x00029ee6       0x10 build_solax/tparse.o
 .debug_macro   0x00029ef6       0x52 build_solax/tparse.o
 .debug_macro   0x00029f48       0xd5 build_solax/tparse.o
 .debug_macro   0x0002a01d       0x1c build_solax/tparse.o
 .debug_macro   0x0002a039       0x3d build_solax/tparse.o
 .debug_macro   0x0002a076      0x145 build_solax/tparse.o

.debug_line     0x00000000     0xf78e
 .debug_line    0x00000000     0x2d15 build_solax/solax_bms_interp.o
 .debug_line    0x00002d15       0x6a build_solax/startup_stm32f767xx.o
 .debug_line    0x00002d7f     0x19a3 build_solax/intf_can.o
 .debug_line    0x00004722      0x817 build_solax/stm32f7xx_it.o
 .debug_line    0x00004f39     0x237f build_solax/intf_usart.o
 .debug_line    0x000072b8      0xbef build_solax/intf_gpio.o
 .debug_line    0x00007ea7      0x82e build_solax/main.o
 .debug_line    0x000086d5      0x687 build_solax/system_stm32f7xx.o
 .debug_line    0x00008d5c      0xc80 build_solax/stm32f7xx_ll_utils.o
 .debug_line    0x000099dc      0x9b0 build_solax/stm32f7xx_hal.o
 .debug_line    0x0000a38c     0x104f build_solax/tparse.o
 .debug_line    0x0000b3db      0x1ae /usr/lib/gcc/arm-none-eabi/14.2.1/../../../arm-none-eabi/lib/thumb/v6-m/nofp/libc_nano.a(libc_a-strlen-stub.o)
 .debug_line    0x0000b589      0x1f9 /usr/lib/gcc/arm-none-eabi/14.2.1/../../../arm-none-eabi/lib/thumb/v6-m/nofp/libc_nano.a(libc_a-memmove.o)
 .debug_line    0x0000b782      0x105 /usr/lib/gcc/arm-none-eabi/14.2.1/../../../arm-none-eabi/lib/thumb/v6-m/nofp/libc_nano.a(libc_a-init.o)
 .debug_line    0x0000b887      0x9f0 /usr/lib/gcc/arm-none-eabi/14.2.1/../../../arm-none-eabi/lib/thumb/v6-m/nofp/libc_nano.a(libc_a-strstr.o)
 .debug_line    0x0000c277      0x1c1 /usr/lib/gcc/arm-none-eabi/14.2.1/../../../arm-none-eabi/lib/thumb/v6-m/nofp/libc_nano.a(libc_a-memset.o)
 .debug_line    0x0000c438      0x168 /usr/lib/gcc/arm-none-eabi/14.2.1/../../../arm-none-eabi/lib/thumb/v6-m/nofp/libc_nano.a(libc_a-memcmp.o)
 .debug_line    0x0000c5a0      0x119 /usr/lib/gcc/arm-none-eabi/14.2.1/../../../arm-none-eabi/lib/thumb/v6-m/nofp/libc_nano.a(libc_a-strnlen.o)
 .debug_line    0x0000c6b9      0x339 /usr/lib/gcc/arm-none-eabi/14.2.1/../../../arm-none-eabi/lib/thumb/v6-m/nofp/libc_nano.a(libc_a-snprintf.o)
 .debug_line    0x0000c9f2      0x20c /usr/lib/gcc/arm-none-eabi/14.2.1/../../../arm-none-eabi/lib/thumb/v6-m/nofp/libc_nano.a(libc_a-strchr.o)
 .debug_line    0x0000cbfe      0x865 /usr/lib/gcc/arm-none-eabi/14.2.1/../../../arm-none-eabi/lib/thumb/v6-m/nofp/libc_nano.a(libc_a-nano-svfprintf.o)
 .debug_line    0x0000d463      0x1e2 /usr/lib/gcc/arm-none-eabi/14.2.1/../../../arm-none-eabi/lib/thumb/v6-m/nofp/libc_nano.a(libc_a-memchr-stub.o)
 .debug_line    0x0000d645      0x592 /usr/lib/gcc/arm-none-eabi/14.2.1/../../../arm-none-eabi/lib/thumb/v6-m/nofp/libc_nano.a(libc_a-findfp.o)
 .debug_line    0x0000dbd7      0x462 /usr/lib/gcc/arm-none-eabi/14.2.1/../../../arm-none-eabi/lib/thumb/v6-m/nofp/libc_nano.a(libc_a-mallocr.o)
 .debug_line    0x0000e039      0x2e1 /usr/lib/gcc/arm-none-eabi/14.2.1/../../../arm-none-eabi/lib/thumb/v6-m/nofp/libc_nano.a(libc_a-freer.o)
 .debug_line    0x0000e31a       0xeb /usr/lib/gcc/arm-none-eabi/14.2.1/../../../arm-none-eabi/lib/thumb/v6-m/nofp/libc_nano.a(libc_a-impure.o)
 .debug_line    0x0000e405      0x1fc /usr/lib/gcc/arm-none-eabi/14.2.1/../../../arm-none-eabi/lib/thumb/v6-m/nofp/libc_nano.a(libc_a-reallocr.o)
 .debug_line    0x0000e601      0x756 /usr/lib/gcc/arm-none-eabi/14.2.1/../../../arm-none-eabi/lib/thumb/v6-m/nofp/libc_nano.a(libc_a-nano-vfprintf_i.o)
 .debug_line    0x0000ed57      0x15b /usr/lib/gcc/arm-none-eabi/14.2.1/../../../arm-none-eabi/lib/thumb/v6-m/nofp/libc_nano.a(libc_a-mlock.o)
 .debug_line    0x0000eeb2      0x1eb /usr/lib/gcc/arm-none-eabi/14.2.1/../../../arm-none-eabi/lib/thumb/v6-m/nofp/libc_nano.a(libc_a-memcpy-stub.o)
 .debug_line    0x0000f09d      0x19b /usr/lib/gcc/arm-none-eabi/14.2.1/../../../arm-none-eabi/lib/thumb/v6-m/nofp/libc_nano.a(libc_a-sbrkr.o)
 .debug_line    0x0000f238      0x180 /usr/lib/gcc/arm-none-eabi/14.2.1/../../../arm-none-eabi/lib/thumb/v6-m/nofp/libc_nano.a(libc_a-msizer.o)
 .debug_line    0x0000f3b8      0x27b /usr/lib/gcc/arm-none-eabi/14.2.1/../../../arm-none-eabi/lib/thumb/v6-m/nofp/libc_nano.a(libc_a-reent.o)
 .debug_line    0x0000f633       0x56 /usr/lib/gcc/arm-none-eabi/14.2.1/thumb/v6-m/nofp/libgcc.a(_udivsi3.o)
 .debug_line    0x0000f689       0x5d /usr/lib/gcc/arm-none-eabi/14.2.1/thumb/v6-m/nofp/libgcc.a(_divsi3.o)
 .debug_line    0x0000f6e6       0x4a /usr/lib/gcc/arm-none-eabi/14.2.1/thumb/v6-m/nofp/libgcc.a(_dvmd_tls.o)
 .debug_line    0x0000f730       0x5e /usr/lib/gcc/arm-none-eabi/14.2.1/thumb/v6-m/nofp/libgcc.a(_clzsi2.o)

.debug_str      0x00000000   0x107b94
 .debug_str     0x00000000   0x107b94 build_solax/solax_bms_interp.o
                             0x1031ba (size before relaxing)
 .debug_str     0x00107b94       0x76 build_solax/startup_stm32f767xx.o
 .debug_str     0x00107b94   0x100aef build_solax/intf_can.o
 .debug_str     0x00107b94    0xfff6e build_solax/stm32f7xx_it.o
 .debug_str     0x00107b94   0x100712 build_solax/intf_usart.o
 .debug_str     0x00107b94   0x100023 build_solax/intf_gpio.o
 .debug_str     0x00107b94    0xfff82 build_solax/main.o
 .debug_str     0x00107b94    0xee675 build_solax/system_stm32f7xx.o
 .debug_str     0x00107b94    0xf96da build_solax/stm32f7xx_ll_utils.o
 .debug_str     0x00107b94    0xef1c5 build_solax/stm32f7xx_hal.o
 .debug_str     0x00107b94     0x7f87 build_solax/tparse.o
 .debug_str     0x00107b94      0x1b3 /usr/lib/gcc/arm-none-eabi/14.2.1/../../../arm-none-eabi/lib/thumb/v6-m/nofp/libc_nano.a(libc_a-strlen-stub.o)
 .debug_str     0x00107b94      0x1c9 /usr/lib/gcc/arm-none-eabi/14.2.1/../../../arm-none-eabi/lib/thumb/v6-m/nofp/libc_nano.a(libc_a-memmove.o)
 .debug_str     0x00107b94      0x1f7 /usr/lib/gcc/arm-none-eabi/14.2.1/../../../arm-none-eabi/lib/thumb/v6-m/nofp/libc_nano.a(libc_a-init.o)
 .debug_str     0x00107b94      0x2af /usr/lib/gcc/arm-none-eabi/14.2.1/../../../arm-none-eabi/lib/thumb/v6-m/nofp/libc_nano.a(libc_a-strstr.o)
 .debug_str     0x00107b94      0x1aa /usr/lib/gcc/arm-none-eabi/14.2.1/../../../arm-none-eabi/lib/thumb/v6-m/nofp/libc_nano.a(libc_a-memset.o)
 .debug_str     0x00107b94      0x196 /usr/lib/gcc/arm-none-eabi/14.2.1/../../../arm-none-eabi/lib/thumb/v6-m/nofp/libc_nano.a(libc_a-memcmp.o)
 .debug_str     0x00107b94      0x19e /usr/lib/gcc/arm-none-eabi/14.2.1/../../../arm-none-eabi/lib/thumb/v6-m/nofp/libc_nano.a(libc_a-strnlen.o)
 .debug_str     0x00107b94      0x507 /usr/lib/gcc/arm-none-eabi/14.2.1/../../../arm-none-eabi/lib/thumb/v6-m/nofp/libc_nano.a(libc_a-snprintf.o)
 .debug_str     0x00107b94      0x1a1 /usr/lib/gcc/arm-none-eabi/14.2.1/../../../arm-none-eabi/lib/thumb/v6-m/nofp/libc_nano.a(libc_a-strchr.o)
 .debug_str     0x00107b94      0x802 /usr/lib/gcc/arm-none-eabi/14.2.1/../../../arm-none-eabi/lib/thumb/v6-m/nofp/libc_nano.a(libc_a-nano-svfprintf.o)
 .debug_str     0x00107b94      0x1ba /usr/lib/gcc/arm-none-eabi/14.2.1/../../../arm-none-eabi/lib/thumb/v6-m/nofp/libc_nano.a(libc_a-memchr-stub.o)
 .debug_str     0x00107b94      0x6bc /usr/lib/gcc/arm-none-eabi/14.2.1/../../../arm-none-eabi/lib/thumb/v6-m/nofp/libc_nano.a(libc_a-findfp.o)
 .debug_str     0x00107b94      0x59a /usr/lib/gcc/arm-none-eabi/14.2.1/../../../arm-none-eabi/lib/thumb/v6-m/nofp/libc_nano.a(libc_a-mallocr.o)
 .debug_str     0x00107b94      0x539 /usr/lib/gcc/arm-none-eabi/14.2.1/../../../arm-none-eabi/lib/thumb/v6-m/nofp/libc_nano.a(libc_a-freer.o)
 .debug_str     0x00107b94      0x4b9 /usr/lib/gcc/arm-none-eabi/14.2.1/../../../arm-none-eabi/lib/thumb/v6-m/nofp/libc_nano.a(libc_a-impure.o)
 .debug_str     0x00107b94      0x52f /usr/lib/gcc/arm-none-eabi/14.2.1/../../../arm-none-eabi/lib/thumb/v6-m/nofp/libc_nano.a(libc_a-reallocr.o)
 .debug_str     0x00107b94      0x7a9 /usr/lib/gcc/arm-none-eabi/14.2.1/../../../arm-none-eabi/lib/thumb/v6-m/nofp/libc_nano.a(libc_a-nano-vfprintf_i.o)
 .debug_str     0x00107b94      0x4d7 /usr/lib/gcc/arm-none-eabi/14.2.1/../../../arm-none-eabi/lib/thumb/v6-m/nofp/libc_nano.a(libc_a-mlock.o)
 .debug_str     0x00107b94      0x1c7 /usr/lib/gcc/arm-none-eabi/14.2.1/../../../arm-none-eabi/lib/thumb/v6-m/nofp/libc_nano.a(libc_a-memcpy-stub.o)
 .debug_str     0x00107b94      0x4c2 /usr/lib/gcc/arm-none-eabi/14.2.1/../../../arm-none-eabi/lib/thumb/v6-m/nofp/libc_nano.a(libc_a-sbrkr.o)
 .debug_str     0x00107b94      0x502 /usr/lib/gcc/arm-none-eabi/14.2.1/../../../arm-none-eabi/lib/thumb/v6-m/nofp/libc_nano.a(libc_a-msizer.o)
 .debug_str     0x00107b94      0x4d8 /usr/lib/gcc/arm-none-eabi/14.2.1/../../../arm-none-eabi/lib/thumb/v6-m/nofp/libc_nano.a(libc_a-reent.o)
 .debug_str     0x00107b94       0xba /usr/lib/gcc/arm-none-eabi/14.2.1/thumb/v6-m/nofp/libgcc.a(_udivsi3.o)
 .debug_str     0x00107b94       0xb8 /usr/lib/gcc/arm-none-eabi/14.2.1/thumb/v6-m/nofp/libgcc.a(_divsi3.o)
 .debug_str     0x00107b94       0xbb /usr/lib/gcc/arm-none-eabi/14.2.1/thumb/v6-m/nofp/libgcc.a(_dvmd_tls.o)
 .debug_str     0x00107b94       0xa8 /usr/lib/gcc/arm-none-eabi/14.2.1/thumb/v6-m/nofp/libgcc.a(_clzsi2.o)

.debug_frame    0x00000000     0x1360
 .debug_frame   0x00000000      0x3b8 build_solax/solax_bms_interp.o
 .debug_frame   0x000003b8      0x198 build_solax/intf_can.o
 .debug_frame   0x00000550       0x38 build_solax/stm32f7xx_it.o
 .debug_frame   0x00000588       0xf8 build_solax/intf_usart.o
 .debug_frame   0x00000680       0x54 build_solax/intf_gpio.o
 .debug_frame   0x000006d4       0x48 build_solax/main.o
 .debug_frame   0x0000071c       0x38 build_solax/system_stm32f7xx.o
 .debug_frame   0x00000754       0xe0 build_solax/stm32f7xx_ll_utils.o
 .debug_frame   0x00000834      0x22c build_solax/stm32f7xx_hal.o
 .debug_frame   0x00000a60      0x2c4 build_solax/tparse.o
 .debug_frame   0x00000d24       0x28 /usr/lib/gcc/arm-none-eabi/14.2.1/../../../arm-none-eabi/lib/thumb/v6-m/nofp/libc_nano.a(libc_a-strlen-stub.o)
 .debug_frame   0x00000d4c       0x30 /usr/lib/gcc/arm-none-eabi/14.2.1/../../../arm-none-eabi/lib/thumb/v6-m/nofp/libc_nano.a(libc_a-memmove.o)
 .debug_frame   0x00000d7c       0x2c /usr/lib/gcc/arm-none-eabi/14.2.1/../../../arm-none-eabi/lib/thumb/v6-m/nofp/libc_nano.a(libc_a-init.o)
 .debug_frame   0x00000da8       0xb4 /usr/lib/gcc/arm-none-eabi/14.2.1/../../../arm-none-eabi/lib/thumb/v6-m/nofp/libc_nano.a(libc_a-strstr.o)
 .debug_frame   0x00000e5c       0x30 /usr/lib/gcc/arm-none-eabi/14.2.1/../../../arm-none-eabi/lib/thumb/v6-m/nofp/libc_nano.a(libc_a-memset.o)
 .debug_frame   0x00000e8c       0x2c /usr/lib/gcc/arm-none-eabi/14.2.1/../../../arm-none-eabi/lib/thumb/v6-m/nofp/libc_nano.a(libc_a-memcmp.o)
 .debug_frame   0x00000eb8       0x28 /usr/lib/gcc/arm-none-eabi/14.2.1/../../../arm-none-eabi/lib/thumb/v6-m/nofp/libc_nano.a(libc_a-strnlen.o)
 .debug_frame   0x00000ee0       0x50 /usr/lib/gcc/arm-none-eabi/14.2.1/../../../arm-none-eabi/lib/thumb/v6-m/nofp/libc_nano.a(libc_a-snprintf.o)
 .debug_frame   0x00000f30       0x30 /usr/lib/gcc/arm-none-eabi/14.2.1/../../../arm-none-eabi/lib/thumb/v6-m/nofp/libc_nano.a(libc_a-strchr.o)
 .debug_frame   0x00000f60       0x90 /usr/lib/gcc/arm-none-eabi/14.2.1/../../../arm-none-eabi/lib/thumb/v6-m/nofp/libc_nano.a(libc_a-nano-svfprintf.o)
 .debug_frame   0x00000ff0       0x2c /usr/lib/gcc/arm-none-eabi/14.2.1/../../../arm-none-eabi/lib/thumb/v6-m/nofp/libc_nano.a(libc_a-memchr-stub.o)
 .debug_frame   0x0000101c      0x110 /usr/lib/gcc/arm-none-eabi/14.2.1/../../../arm-none-eabi/lib/thumb/v6-m/nofp/libc_nano.a(libc_a-findfp.o)
 .debug_frame   0x0000112c       0x54 /usr/lib/gcc/arm-none-eabi/14.2.1/../../../arm-none-eabi/lib/thumb/v6-m/nofp/libc_nano.a(libc_a-mallocr.o)
 .debug_frame   0x00001180       0x2c /usr/lib/gcc/arm-none-eabi/14.2.1/../../../arm-none-eabi/lib/thumb/v6-m/nofp/libc_nano.a(libc_a-freer.o)
 .debug_frame   0x000011ac       0x34 /usr/lib/gcc/arm-none-eabi/14.2.1/../../../arm-none-eabi/lib/thumb/v6-m/nofp/libc_nano.a(libc_a-reallocr.o)
 .debug_frame   0x000011e0       0x68 /usr/lib/gcc/arm-none-eabi/14.2.1/../../../arm-none-eabi/lib/thumb/v6-m/nofp/libc_nano.a(libc_a-nano-vfprintf_i.o)
 .debug_frame   0x00001248       0x30 /usr/lib/gcc/arm-none-eabi/14.2.1/../../../arm-none-eabi/lib/thumb/v6-m/nofp/libc_nano.a(libc_a-mlock.o)
 .debug_frame   0x00001278       0x30 /usr/lib/gcc/arm-none-eabi/14.2.1/../../../arm-none-eabi/lib/thumb/v6-m/nofp/libc_nano.a(libc_a-memcpy-stub.o)
 .debug_frame   0x000012a8       0x2c /usr/lib/gcc/arm-none-eabi/14.2.1/../../../arm-none-eabi/lib/thumb/v6-m/nofp/libc_nano.a(libc_a-sbrkr.o)
 .debug_frame   0x000012d4       0x20 /usr/lib/gcc/arm-none-eabi/14.2.1/../../../arm-none-eabi/lib/thumb/v6-m/nofp/libc_nano.a(libc_a-msizer.o)
 .debug_frame   0x000012f4       0x2c /usr/lib/gcc/arm-none-eabi/14.2.1/../../../arm-none-eabi/lib/thumb/v6-m/nofp/libc_nano.a(libc_a-reent.o)
 .debug_frame   0x00001320       0x20 /usr/lib/gcc/arm-none-eabi/14.2.1/thumb/v6-m/nofp/libgcc.a(_udivsi3.o)
 .debug_frame   0x00001340       0x20 /usr/lib/gcc/arm-none-eabi/14.2.1/thumb/v6-m/nofp/libgcc.a(_divsi3.o)

.debug_loc      0x00000000     0x70b3
 .debug_loc     0x00000000     0x1bcf build_solax/intf_can.o
 .debug_loc     0x00001bcf     0x3277 build_solax/intf_usart.o
 .debug_loc     0x00004e46      0x70c build_solax/intf_gpio.o
 .debug_loc     0x00005552      0x1a1 build_solax/system_stm32f7xx.o
 .debug_loc     0x000056f3      0x76f build_solax/stm32f7xx_ll_utils.o
 .debug_loc     0x00005e62      0x141 build_solax/stm32f7xx_hal.o
 .debug_loc     0x00005fa3     0x1110 build_solax/tparse.o

.debug_ranges   0x00000000      0x508
 .debug_ranges  0x00000000       0xb0 build_solax/intf_can.o
 .debug_ranges  0x000000b0       0x18 build_solax/stm32f7xx_it.o
 .debug_ranges  0x000000c8      0x160 build_solax/intf_usart.o
 .debug_ranges  0x00000228       0x48 build_solax/intf_gpio.o
 .debug_ranges  0x00000270       0x20 build_solax/main.o
 .debug_ranges  0x00000290       0x18 build_solax/system_stm32f7xx.o
 .debug_ranges  0x000002a8       0x50 build_solax/stm32f7xx_ll_utils.o
 .debug_ranges  0x000002f8      0x100 build_solax/stm32f7xx_hal.o
 .debug_ranges  0x000003f8      0x110 build_solax/tparse.o

.debug_line_str
                0x00000000       0x90
 .debug_line_str
                0x00000000       0x90 /usr/lib/gcc/arm-none-eabi/14.2.1/thumb/v6-m/nofp/libgcc.a(_udivsi3.o)
 .debug_line_str
                0x00000090       0x90 /usr/lib/gcc/arm-none-eabi/14.2.1/thumb/v6-m/nofp/libgcc.a(_divsi3.o)
 .debug_line_str
                0x00000090       0x90 /usr/lib/gcc/arm-none-eabi/14.2.1/thumb/v6-m/nofp/libgcc.a(_dvmd_tls.o)
 .debug_line_str
                0x00000090       0x90 /usr/lib/gcc/arm-none-eabi/14.2.1/thumb/v6-m/nofp/libgcc.a(_clzsi2.o)
